[0;36m
     _    _    _           ___  ____  
    / \  | | _(_)_ __ __ _/ _ \/ ___| 
   / _ \ | |/ / | '__/ _` | | | \___ \ 
  / ___ \|   <| | | | (_| | |_| |___) |
 /_/   \_\_|\_\_|_|  \__,_|\___/|____/ 
                                       
         Unified Build System v1.5.x
[0m
[1mConfiguration:[0m
  Board:       akiraconsole (Akira Console (ESP32-S3 N16R8))
  Zephyr:      akiraconsole/esp32s3/procpu
  Bootloader:  no
  Flash:       no
  Erase:       false
  SBOM:        false
  Clean:       false

[0;36m[1m==> Building AkiraOS application...[0m
[0;34m[INFO][0m Board: akiraconsole/esp32s3/procpu
[0;34m[INFO][0m Build dir: /home/raile/workspace/akira_workspace/build-akiraconsole
-- west build: making build dir /home/raile/workspace/akira_workspace/build-akiraconsole pristine
-- west build: generating a build system
-- AkiraOS: Appending ILI9341 overlay via EXTRA_DTC_OVERLAY_FILE
Loading Zephyr default modules (Zephyr base).
-- Application: /home/raile/workspace/akira_workspace/AkiraOS
-- CMake version: 3.28.3
-- Found Python3: /home/raile/.local/share/pipx/venvs/west/bin/python (found suitable version "3.12.3", minimum required is "3.10") found components: Interpreter 
-- Cache files will be written to: /home/raile/.cache/zephyr
-- Zephyr version: 4.3.0 (/home/raile/workspace/akira_workspace/zephyr)
-- Found west (found suitable version "1.5.0", minimum required is "0.14.0")
-- Board: akiraconsole, qualifiers: esp32s3/procpu
-- ZEPHYR_TOOLCHAIN_VARIANT not set, trying to locate Zephyr SDK
-- Found host-tools: zephyr 0.17.4 (/home/raile/zephyr-sdk-0.17.4)
-- Found toolchain: zephyr 0.17.4 (/home/raile/zephyr-sdk-0.17.4)
-- Found Dtc: /home/raile/zephyr-sdk-0.17.4/sysroots/x86_64-pokysdk-linux/usr/bin/dtc (found suitable version "1.7.0", minimum required is "1.4.6") 
-- Found BOARD.dts: /home/raile/workspace/akira_workspace/AkiraOS/boards/akiraconsole/akiraconsole_esp32s3_procpu.dts
-- Found devicetree overlay: /home/raile/workspace/akira_workspace/AkiraOS/boards/akiraconsole_esp32s3_procpu.overlay
-- Found devicetree overlay: /home/raile/workspace/akira_workspace/AkiraOS/boards/akiraconsole_esp32s3_procpu_ili9341.overlay
node '/soc/i2c@60013000/lsm6ds3@6b' compatible 'akira,lsm6ds3' has unknown vendor prefix 'akira'
node '/soc/spi@60024000/akira_ili9341@1' compatible 'akira,ili9341' has unknown vendor prefix 'akira'
-- Generated zephyr.dts: /home/raile/workspace/akira_workspace/build-akiraconsole/zephyr/zephyr.dts
-- Generated pickled edt: /home/raile/workspace/akira_workspace/build-akiraconsole/zephyr/edt.pickle
-- Generated devicetree_generated.h: /home/raile/workspace/akira_workspace/build-akiraconsole/zephyr/include/generated/zephyr/devicetree_generated.h

warning: MCUBOOT_SIGNATURE_KEY_FILE (defined at modules/Kconfig.mcuboot:38) was assigned the value
'bootloader/mcuboot/root-rsa-2048.pem' but got the value ''. Check these unsatisfied dependencies:
(!MCUBOOT_GENERATE_UNSIGNED_IMAGE) (=n). See
http://docs.zephyrproject.org/latest/kconfig.html#CONFIG_MCUBOOT_SIGNATURE_KEY_FILE and/or look up
MCUBOOT_SIGNATURE_KEY_FILE in the menuconfig/guiconfig interface. The Application Development
Primer, Setting Configuration Values, and Kconfig - Tips and Best Practices sections of the manual
might be helpful too.


warning: THREAD_LOCAL_STORAGE (defined at kernel/Kconfig:1080) was assigned the value 'y' but got
the value 'n'. Check these unsatisfied dependencies: ARCH_HAS_THREAD_LOCAL_STORAGE (=n). See
http://docs.zephyrproject.org/latest/kconfig.html#CONFIG_THREAD_LOCAL_STORAGE and/or look up
THREAD_LOCAL_STORAGE in the menuconfig/guiconfig interface. The Application Development Primer,
Setting Configuration Values, and Kconfig - Tips and Best Practices sections of the manual might be
helpful too.


warning: LOG_BUFFER_SIZE (defined at subsys/logging/Kconfig.processing:121) was assigned the value
'512' but got the value ''. Check these unsatisfied dependencies: LOG_MODE_DEFERRED (=n). See
http://docs.zephyrproject.org/latest/kconfig.html#CONFIG_LOG_BUFFER_SIZE and/or look up
LOG_BUFFER_SIZE in the menuconfig/guiconfig interface. The Application Development Primer, Setting
Configuration Values, and Kconfig - Tips and Best Practices sections of the manual might be helpful
too.


warning: HTTP_SERVER_STACK_SIZE (defined at subsys/net/lib/http/Kconfig:45) was assigned the value
'1024' but got the value ''. Check these unsatisfied dependencies: HTTP_SERVER (=n). See
http://docs.zephyrproject.org/latest/kconfig.html#CONFIG_HTTP_SERVER_STACK_SIZE and/or look up
HTTP_SERVER_STACK_SIZE in the menuconfig/guiconfig interface. The Application Development Primer,
Setting Configuration Values, and Kconfig - Tips and Best Practices sections of the manual might be
helpful too.


warning: HTTP_SERVER_MAX_STREAMS (defined at subsys/net/lib/http/Kconfig:66) was assigned the value
'5' but got the value ''. Check these unsatisfied dependencies: HTTP_SERVER (=n). See
http://docs.zephyrproject.org/latest/kconfig.html#CONFIG_HTTP_SERVER_MAX_STREAMS and/or look up
HTTP_SERVER_MAX_STREAMS in the menuconfig/guiconfig interface. The Application Development Primer,
Setting Configuration Values, and Kconfig - Tips and Best Practices sections of the manual might be
helpful too.


warning: USB_CDC_ACM (defined at subsys/usb/device/class/Kconfig.cdc:6) was assigned the value 'y'
but got the value 'n'. Check these unsatisfied dependencies: DT_HAS_ZEPHYR_CDC_ACM_UART_ENABLED
(=n), USB_DEVICE_STACK (=n). See
http://docs.zephyrproject.org/latest/kconfig.html#CONFIG_USB_CDC_ACM and/or look up USB_CDC_ACM in
the menuconfig/guiconfig interface. The Application Development Primer, Setting Configuration
Values, and Kconfig - Tips and Best Practices sections of the manual might be helpful too.


warning: AKIRA_USB_CDC_SERIAL (defined at /home/raile/workspace/akira_workspace/AkiraOS/Kconfig:290)
was assigned the value 'y' but got the value 'n'. Check these unsatisfied dependencies: USB_CDC_ACM
(=n). See http://docs.zephyrproject.org/latest/kconfig.html#CONFIG_AKIRA_USB_CDC_SERIAL and/or look
up AKIRA_USB_CDC_SERIAL in the menuconfig/guiconfig interface. The Application Development Primer,
Setting Configuration Values, and Kconfig - Tips and Best Practices sections of the manual might be
helpful too.


warning: AKIRA_USB_CDC_SERIAL_RX_BUF_SIZE (defined at
/home/raile/workspace/akira_workspace/AkiraOS/Kconfig:312) was assigned the value '2048' but got the
value ''. Check these unsatisfied dependencies: AKIRA_USB_CDC_SERIAL (=n). See
http://docs.zephyrproject.org/latest/kconfig.html#CONFIG_AKIRA_USB_CDC_SERIAL_RX_BUF_SIZE and/or
look up AKIRA_USB_CDC_SERIAL_RX_BUF_SIZE in the menuconfig/guiconfig interface. The Application
Development Primer, Setting Configuration Values, and Kconfig - Tips and Best Practices sections of
the manual might be helpful too.


warning: AKIRA_USB_CDC_SERIAL_TX_BUF_SIZE (defined at
/home/raile/workspace/akira_workspace/AkiraOS/Kconfig:321) was assigned the value '4096' but got the
value ''. Check these unsatisfied dependencies: AKIRA_USB_CDC_SERIAL (=n). See
http://docs.zephyrproject.org/latest/kconfig.html#CONFIG_AKIRA_USB_CDC_SERIAL_TX_BUF_SIZE and/or
look up AKIRA_USB_CDC_SERIAL_TX_BUF_SIZE in the menuconfig/guiconfig interface. The Application
Development Primer, Setting Configuration Values, and Kconfig - Tips and Best Practices sections of
the manual might be helpful too.


warning: AKIRA_HOME_BUTTON_GPIO (defined at
/home/raile/workspace/akira_workspace/AkiraOS/Kconfig:1517) was assigned the value '17' but got the
value ''. Check these unsatisfied dependencies: AKIRA_OS_SHELL (=n). See
http://docs.zephyrproject.org/latest/kconfig.html#CONFIG_AKIRA_HOME_BUTTON_GPIO and/or look up
AKIRA_HOME_BUTTON_GPIO in the menuconfig/guiconfig interface. The Application Development Primer,
Setting Configuration Values, and Kconfig - Tips and Best Practices sections of the manual might be
helpful too.


warning: The choice symbol SPIRAM_SPEED_80M (defined at soc/espressif/common/Kconfig.spiram:91) was
selected (set =y), but SPIRAM_SPEED_40M (defined at soc/espressif/common/Kconfig.spiram:88) ended up
as the choice selection. See
http://docs.zephyrproject.org/latest/kconfig.html#CONFIG_SPIRAM_SPEED_80M and/or look up
SPIRAM_SPEED_80M in the menuconfig/guiconfig interface. The Application Development Primer, Setting
Configuration Values, and Kconfig - Tips and Best Practices sections of the manual might be helpful
too.

Parsing /home/raile/workspace/akira_workspace/AkiraOS/Kconfig
Loaded configuration '/home/raile/workspace/akira_workspace/AkiraOS/boards/akiraconsole/akiraconsole_esp32s3_procpu_defconfig'
Merged configuration '/home/raile/workspace/akira_workspace/AkiraOS/prj.conf'
Merged configuration '/home/raile/workspace/akira_workspace/AkiraOS/boards/akiraconsole_esp32s3_procpu.conf'
Configuration saved to '/home/raile/workspace/akira_workspace/build-akiraconsole/zephyr/.config'
Kconfig header saved to '/home/raile/workspace/akira_workspace/build-akiraconsole/zephyr/include/generated/zephyr/autoconf.h'
-- Found GnuLd: /home/raile/zephyr-sdk-0.17.4/xtensa-espressif_esp32s3_zephyr-elf/xtensa-espressif_esp32s3_zephyr-elf/bin/ld.bfd (found version "2.38") 
-- The C compiler identification is GNU 12.2.0
-- The CXX compiler identification is GNU 12.2.0
-- The ASM compiler identification is GNU
-- Found assembler: /home/raile/zephyr-sdk-0.17.4/xtensa-espressif_esp32s3_zephyr-elf/bin/xtensa-espressif_esp32s3_zephyr-elf-gcc
-- Espressif HAL path: /home/raile/workspace/akira_workspace/modules/hal/espressif
-- Image partition address: 0x20000
-- Using ccache: /usr/bin/ccache
-- Found gen_kobject_list: /home/raile/workspace/akira_workspace/zephyr/scripts/build/gen_kobject_list.py
CMake Warning at /home/raile/workspace/akira_workspace/zephyr/CMakeLists.txt:1129 (message):
  No SOURCES given to Zephyr library: drivers__memc

  Excluding target from build.


-- Including signing script: /home/raile/workspace/akira_workspace/zephyr/cmake/mcuboot.cmake
-- WAMR AOT support: ENABLED (via CONFIG_WAMR_AOT_SUPPORT)
-- WAMR dual-bus mirror: ENABLED (PSRAM instruction cache)
-- WAMR version: 2.4.3
-- Build Configurations:
     Build as target XTENSA_32
     Build for platform zephyr
     CMAKE_BUILD_TYPE 
     BUILD_SHARED_LIBS OFF
     WAMR Interpreter enabled
     Fast interpreter disabled
     WAMR AOT enabled
     WAMR Fast JIT disabled
     WAMR LLVM ORC JIT disabled
     Libc builtin enabled
     Libc WASI disabled
     Multiple modules disabled
     Wakeup of blocking operations enabled
     GC performance profiling disabled
     Global heap pool enabled
     Custom global heap size: 1048576
     Quick AOT/JIT entries enabled
     AOT intrinsics enabled
     Shrunk memory enabled
     Extended constant expression disabled
-- About Wasm Proposals:
     Always-on:
       "Import/Export of Mutable Globals"
       "Multi-value"
       "Non-trapping float-to-int Conversions"
       "Sign-extension Operators"
       "WebAssembly C and C++ API"
       "Branch Hinting"
     Configurable. 0 is OFF. 1 is ON:
       "Bulk Memory Operation" via WAMR_BUILD_BULK_MEMORY: 1
       "Bulk-memory-opt" via WAMR_BUILD_BULK_MEMORY_OPT: 1
       "Call-indirect-overlong" via WAMR_BUILD_CALL_INDIRECT_OVERLONG: 1
       "Extended Constant Expressions" via WAMR_BUILD_EXTENDED_CONST_EXPR: 0
       "Fixed-width SIMD" via WAMR_BUILD_SIMD: 
       "Garbage Collection" via WAMR_BUILD_GC: 0
       "Legacy Exception Handling" via WAMR_BUILD_EXCE_HANDLING: 0
       "Memory64" via WAMR_BUILD_MEMORY64: 0
       "Multiple Memories" via WAMR_BUILD_MULTI_MEMORY: 0
       "Reference Types" via WAMR_BUILD_REF_TYPES: 1
       "Reference-Typed Strings" via WAMR_BUILD_STRINGREF: 0
       "Tail Call" via WAMR_BUILD_TAIL_CALL: 0
       "Threads" via WAMR_BUILD_SHARED_MEMORY: 0
       "Typed Function References" via WAMR_BUILD_GC: 0
     Unsupported (>= Phase4):
       "Custom Annotation Syntax in the Text Format"
       "Exception Handling"
       "JS String Builtins"
       "Relaxed SIMD"

-- WAMR enabled: modular WASM API layer will be built!
-- Configuring done (11.6s)
-- Generating done (0.6s)
-- Build files have been written to: /home/raile/workspace/akira_workspace/build-akiraconsole
-- west build: building application
[1/864] Preparing syscall dependency handling

[2/864] Generating ../../../../include/generated/zephyr/core-isa-dM.h
[3/864] Generating include/generated/zephyr/version.h
-- Zephyr version: 4.3.0 (/home/raile/workspace/akira_workspace/zephyr), build: v4.3.0
[4/864] Generating include/generated/zephyr/app_version.h
[5/864] Generating ../../../../include/generated/xtensa_vectors.ld
[6/864] Generating ../../../../include/generated/zephyr/zsr.h
[7/864] Generating misc/generated/syscalls_subdirs.trigger
[8/864] Generating misc/generated/syscalls.json, misc/generated/struct_tags.json
[9/864] Generating include/generated/device-api-sections.ld, include/generated/device-api-sections.cmake
[10/864] Generating include/generated/zephyr/syscall_dispatch.c, include/generated/zephyr/syscall_exports_llext.c, syscall_weakdefs_llext.c, include/generated/zephyr/syscall_list.h
[11/864] Generating include/generated/zephyr/driver-validation.h
[12/864] Generating include/generated/zephyr/kobj-types-enum.h, include/generated/zephyr/otype-to-str.h, include/generated/zephyr/otype-to-size.h
[13/864] Building C object zephyr/CMakeFiles/offsets.dir/arch/xtensa/core/offsets/offsets.c.obj
[14/864] Generating include/generated/zephyr/offsets.h
[15/864] Building C object CMakeFiles/app.dir/modules/wasm-micro-runtime/core/shared/utils/bh_assert.c.obj
[16/864] Building C object CMakeFiles/app.dir/modules/wasm-micro-runtime/core/shared/mem-alloc/ems/ems_gc.c.obj
[17/864] Building C object CMakeFiles/app.dir/modules/wasm-micro-runtime/core/shared/utils/bh_common.c.obj
[18/864] Building C object CMakeFiles/app.dir/modules/wasm-micro-runtime/core/shared/utils/bh_log.c.obj
[19/864] Building C object CMakeFiles/app.dir/modules/wasm-micro-runtime/core/shared/mem-alloc/mem_alloc.c.obj
[20/864] Building C object CMakeFiles/app.dir/modules/wasm-micro-runtime/core/shared/platform/zephyr/zephyr_platform.c.obj
[21/864] Building C object CMakeFiles/app.dir/modules/wasm-micro-runtime/core/shared/mem-alloc/ems/ems_hmu.c.obj
[22/864] Building C object CMakeFiles/app.dir/modules/wasm-micro-runtime/core/shared/platform/zephyr/zephyr_time.c.obj
[23/864] Building C object CMakeFiles/app.dir/modules/wasm-micro-runtime/core/shared/utils/bh_queue.c.obj
[24/864] Building C object CMakeFiles/app.dir/modules/wasm-micro-runtime/core/shared/utils/bh_hashmap.c.obj
[25/864] Building C object CMakeFiles/app.dir/modules/wasm-micro-runtime/core/shared/utils/bh_bitmap.c.obj
[26/864] Building C object CMakeFiles/app.dir/modules/wasm-micro-runtime/core/shared/mem-alloc/ems/ems_kfc.c.obj
[27/864] Building C object CMakeFiles/app.dir/modules/wasm-micro-runtime/core/shared/utils/bh_leb128.c.obj
[28/864] Building C object CMakeFiles/app.dir/modules/wasm-micro-runtime/core/shared/utils/bh_vector.c.obj
[29/864] Building C object CMakeFiles/app.dir/modules/wasm-micro-runtime/core/shared/platform/zephyr/zephyr_thread.c.obj
[30/864] Building C object CMakeFiles/app.dir/modules/wasm-micro-runtime/core/shared/utils/runtime_timer.c.obj
[31/864] Building ASM object CMakeFiles/app.dir/modules/wasm-micro-runtime/core/iwasm/common/arch/invokeNative_xtensa.s.obj
[32/864] Building C object CMakeFiles/app.dir/modules/wasm-micro-runtime/core/shared/mem-alloc/ems/ems_alloc.c.obj
[33/864] Building C object CMakeFiles/app.dir/modules/wasm-micro-runtime/core/shared/utils/bh_list.c.obj
[34/864] Building C object CMakeFiles/app.dir/modules/wasm-micro-runtime/core/iwasm/common/wasm_blocking_op.c.obj
[35/864] Building C object CMakeFiles/app.dir/modules/wasm-micro-runtime/core/iwasm/common/wasm_exec_env.c.obj
[36/864] Building C object CMakeFiles/app.dir/modules/wasm-micro-runtime/core/iwasm/common/wasm_loader_common.c.obj
[37/864] Building C object CMakeFiles/app.dir/src/runtime/modules/akira_log_module.c.obj
[38/864] Building C object CMakeFiles/app.dir/modules/wasm-micro-runtime/core/iwasm/common/wasm_memory.c.obj
[39/864] Building C object CMakeFiles/app.dir/src/runtime/modules/akira_time_module.c.obj
[40/864] Building C object CMakeFiles/app.dir/modules/wasm-micro-runtime/core/iwasm/common/wasm_application.c.obj
[41/864] Building C object CMakeFiles/app.dir/modules/wasm-micro-runtime/core/iwasm/aot/arch/aot_reloc_xtensa.c.obj
[42/864] Building C object CMakeFiles/app.dir/modules/wasm-micro-runtime/core/iwasm/libraries/libc-builtin/libc_builtin_wrapper.c.obj
[43/864] Building C object CMakeFiles/app.dir/modules/wasm-micro-runtime/core/iwasm/aot/aot_intrinsic.c.obj
[44/864] Building C object CMakeFiles/app.dir/modules/wasm-micro-runtime/core/iwasm/common/wasm_shared_memory.c.obj
[45/864] Building C object CMakeFiles/app.dir/src/drivers/psram.c.obj
[46/864] Building C object CMakeFiles/app.dir/src/drivers/display/fonts.c.obj
[47/864] Building C object CMakeFiles/app.dir/src/main.c.obj
[48/864] Building C object CMakeFiles/app.dir/src/drivers/display/font_data.c.obj
[49/864] Building C object CMakeFiles/app.dir/src/drivers/driver_registry.c.obj
[50/864] Building C object CMakeFiles/app.dir/src/drivers/platform_hal.c.obj
[51/864] Building C object CMakeFiles/app.dir/modules/wasm-micro-runtime/core/iwasm/common/wasm_native.c.obj
[52/864] Building C object CMakeFiles/app.dir/src/shell/shell_display_cmds.c.obj
[53/864] Building C object CMakeFiles/app.dir/src/runtime/security/sandbox.c.obj
[54/864] Building C object CMakeFiles/app.dir/modules/wasm-micro-runtime/core/iwasm/interpreter/wasm_runtime.c.obj
[55/864] Building C object CMakeFiles/app.dir/src/lib/path_utils.c.obj
[56/864] Building C object CMakeFiles/app.dir/src/shell/shell_display.c.obj
/home/raile/workspace/akira_workspace/AkiraOS/src/shell/shell_display.c:380:13: warning: 'clear_line' defined but not used [-Wunused-function]
  380 | static void clear_line(uint8_t row)
      |             ^~~~~~~~~~
[57/864] Building C object CMakeFiles/app.dir/src/lib/error_codes.c.obj
[58/864] Building C object CMakeFiles/app.dir/modules/wasm-micro-runtime/core/iwasm/aot/aot_runtime.c.obj
[59/864] Building C object CMakeFiles/app.dir/src/runtime/runtime_cache.c.obj
[60/864] Building C object CMakeFiles/app.dir/src/ui/ui_framework.c.obj
[61/864] Building C object CMakeFiles/app.dir/src/drivers/display/display_ili9341.c.obj
[62/864] Building C object CMakeFiles/app.dir/src/lib/simple_json.c.obj
[63/864] Building C object CMakeFiles/app.dir/src/runtime/security/app_signing_v2.c.obj
[64/864] Building C object CMakeFiles/app.dir/src/drivers/power/power_manager.c.obj
/home/raile/workspace/akira_workspace/AkiraOS/src/drivers/power/power_manager.c: In function 'akira_pm_set_mode':
/home/raile/workspace/akira_workspace/AkiraOS/src/drivers/power/power_manager.c:191:9: warning: implicit declaration of function 'pm_state_force'; did you mean 'pm_state_get'? [-Wimplicit-function-declaration]
  191 |         pm_state_force(0u, &(struct pm_state_info){PM_STATE_RUNTIME_IDLE, 0, 0});
      |         ^~~~~~~~~~~~~~
      |         pm_state_get
/home/raile/workspace/akira_workspace/AkiraOS/src/drivers/power/power_manager.c: At top level:
/home/raile/workspace/akira_workspace/AkiraOS/src/drivers/power/power_manager.c:88:16: warning: 'voltage_to_percent' defined but not used [-Wunused-function]
   88 | static uint8_t voltage_to_percent(float v)
      |                ^~~~~~~~~~~~~~~~~~
[65/864] Building C object CMakeFiles/app.dir/modules/wasm-micro-runtime/core/iwasm/common/wasm_runtime_common.c.obj
[66/864] Building C object CMakeFiles/app.dir/src/shell/akira_shell.c.obj
In file included from /home/raile/workspace/akira_workspace/AkiraOS/src/shell/akira_shell.c:50:
/home/raile/workspace/akira_workspace/AkiraOS/src/akira.h:31: warning: "AKIRA_VERSION_MINOR" redefined
   31 | #define AKIRA_VERSION_MINOR 5
      | 
<command-line>: note: this is the location of the previous definition
/home/raile/workspace/akira_workspace/AkiraOS/src/akira.h:32: warning: "AKIRA_VERSION_PATCH" redefined
   32 | #define AKIRA_VERSION_PATCH 1
      | 
<command-line>: note: this is the location of the previous definition
/home/raile/workspace/akira_workspace/AkiraOS/src/shell/akira_shell.c: In function 'cmd_wifi_scan':
/home/raile/workspace/akira_workspace/AkiraOS/src/shell/akira_shell.c:1612:50: warning: passing argument 2 of 'net_mgmt_init_event_callback' from incompatible pointer type [-Wincompatible-pointer-types]
 1612 |     net_mgmt_init_event_callback(&scan_shell_cb, wifi_scan_shell_handler,
      |                                                  ^~~~~~~~~~~~~~~~~~~~~~~
      |                                                  |
      |                                                  void (*)(struct net_mgmt_event_callback *, uint32_t,  struct net_if *) {aka void (*)(struct net_mgmt_event_callback *, unsigned int,  struct net_if *)}
In file included from /home/raile/workspace/akira_workspace/zephyr/include/zephyr/net/net_stats.h:19,
                 from /home/raile/workspace/akira_workspace/zephyr/include/zephyr/net/net_if.h:32,
                 from /home/raile/workspace/akira_workspace/AkiraOS/src/shell/akira_shell.c:38:
/home/raile/workspace/akira_workspace/zephyr/include/zephyr/net/net_mgmt.h:262:60: note: expected 'net_mgmt_event_handler_t' {aka 'void (*)(struct net_mgmt_event_callback *, long long unsigned int,  struct net_if *)'} but argument is of type 'void (*)(struct net_mgmt_event_callback *, uint32_t,  struct net_if *)' {aka 'void (*)(struct net_mgmt_event_callback *, unsigned int,  struct net_if *)'}
  262 |                                   net_mgmt_event_handler_t handler,
      |                                   ~~~~~~~~~~~~~~~~~~~~~~~~~^~~~~~~
[67/864] Building C object CMakeFiles/app.dir/src/runtime/security.c.obj
[68/864] Building C object CMakeFiles/app.dir/src/runtime/app_loader/app_loader.c.obj
[69/864] Building C object CMakeFiles/app.dir/src/lib/mem_helper.c.obj
[70/864] Building C object CMakeFiles/app.dir/src/api/akira_common_api.c.obj
[71/864] Building C object CMakeFiles/app.dir/src/settings/settings.c.obj
/home/raile/workspace/akira_workspace/AkiraOS/src/settings/settings.c:235:12: warning: 'migrate_data_to_flash' defined but not used [-Wunused-function]
  235 | static int migrate_data_to_flash(void){
      |            ^~~~~~~~~~~~~~~~~~~~~
/home/raile/workspace/akira_workspace/AkiraOS/src/settings/settings.c:227:12: warning: 'migrate_data_to_sd' defined but not used [-Wunused-function]
  227 | static int migrate_data_to_sd(void){
      |            ^~~~~~~~~~~~~~~~~~
/home/raile/workspace/akira_workspace/AkiraOS/src/settings/settings.c: In function 'settings_clear':
/home/raile/workspace/akira_workspace/AkiraOS/src/settings/settings.c:1016:71: warning: '%s' directive output may be truncated writing up to 255 bytes into a region of size 82 [-Wformat-truncation=]
 1016 |                     snprintf(dirpath, sizeof(dirpath), "/SD:/settings/%s", entry.name);
      |                                                                       ^~   ~~~~~~~~~~
/home/raile/workspace/akira_workspace/AkiraOS/src/settings/settings.c:1016:21: note: 'snprintf' output between 15 and 270 bytes into a destination of size 96
 1016 |                     snprintf(dirpath, sizeof(dirpath), "/SD:/settings/%s", entry.name);
      |                     ^~~~~~~~~~~~~~~~~~~~~~~~~~~~~~~~~~~~~~~~~~~~~~~~~~~~~~~~~~~~~~~~~~
[72/864] Building C object CMakeFiles/app.dir/src/runtime/app_manager/app_events.c.obj
[73/864] Building C object CMakeFiles/app.dir/src/api/akira_memory_api.c.obj
[74/864] Building C object CMakeFiles/app.dir/src/runtime/manifest_parser.c.obj
[75/864] Building C object CMakeFiles/app.dir/src/api/akira_rf_api.c.obj
/home/raile/workspace/akira_workspace/AkiraOS/src/api/akira_rf_api.c:25:12: warning: 'ensure_rf_framework' defined but not used [-Wunused-function]
   25 | static int ensure_rf_framework(void)
      |            ^~~~~~~~~~~~~~~~~~~
[76/864] Building C object CMakeFiles/app.dir/src/api/akira_export_api.c.obj
[77/864] Building C object CMakeFiles/app.dir/src/api/akira_timer_api.c.obj
[78/864] Building C object CMakeFiles/app.dir/src/api/akira_gpio_api.c.obj
[79/864] Building C object CMakeFiles/app.dir/src/drivers/wdt/akira_wdt.c.obj
/home/raile/workspace/akira_workspace/AkiraOS/src/drivers/wdt/akira_wdt.c: In function 'akira_wdt_init':
/home/raile/workspace/akira_workspace/AkiraOS/src/drivers/wdt/akira_wdt.c:101:15: warning: implicit declaration of function 'wdt_enable'; did you mean 'wdt_disable'? [-Wimplicit-function-declaration]
  101 |     int ret = wdt_enable(s_wdt_dev, WDT_OPT_PAUSE_HALTED_BY_DBG);
      |               ^~~~~~~~~~
      |               wdt_disable
[80/864] Building C object CMakeFiles/app.dir/src/api/akira_wdt_api.c.obj
[81/864] Building C object CMakeFiles/app.dir/src/api/akira_sensor_api.c.obj
[82/864] Building C object CMakeFiles/app.dir/src/runtime/akira_runtime.c.obj
/home/raile/workspace/akira_workspace/AkiraOS/src/runtime/akira_runtime.c:188:12: warning: 'find_free_slot' defined but not used [-Wunused-function]
  188 | static int find_free_slot(void)
      |            ^~~~~~~~~~~~~~
[83/864] Building C object CMakeFiles/app.dir/src/api/akira_adc_api.c.obj
[84/864] Building C object CMakeFiles/app.dir/src/api/akira_display_api.c.obj
[85/864] Building C object CMakeFiles/app.dir/src/api/akira_i2c_api.c.obj
[86/864] Building C object CMakeFiles/app.dir/src/runtime/app_manager/app_manager.c.obj
[87/864] Building C object CMakeFiles/app.dir/src/api/akira_ble_api.c.obj
[88/864] Building C object CMakeFiles/app.dir/src/api/akira_net_api.c.obj
[89/864] Building C object CMakeFiles/app.dir/src/api/akira_power_api.c.obj
[90/864] Building C object CMakeFiles/app.dir/src/api/akira_settings_api.c.obj
[91/864] Building C object CMakeFiles/app.dir/src/api/akira_storage_api.c.obj
[92/864] Building C object CMakeFiles/app.dir/src/api/akira_input_api.c.obj
[93/864] Building C object CMakeFiles/app.dir/modules/wasm-micro-runtime/core/iwasm/aot/aot_loader.c.obj
/home/raile/workspace/akira_workspace/AkiraOS/modules/wasm-micro-runtime/core/iwasm/aot/aot_loader.c: In function 'try_merge_data_and_text':
/home/raile/workspace/akira_workspace/AkiraOS/modules/wasm-micro-runtime/core/iwasm/aot/aot_loader.c:2657:12: warning: unused variable 'i' [-Wunused-variable]
 2657 |     uint32 i;
      |            ^
/home/raile/workspace/akira_workspace/AkiraOS/modules/wasm-micro-runtime/core/iwasm/aot/aot_loader.c: At top level:
/home/raile/workspace/akira_workspace/AkiraOS/modules/wasm-micro-runtime/core/iwasm/aot/aot_loader.c:2648:1: warning: 'try_merge_data_and_text' defined but not used [-Wunused-function]
 2648 | try_merge_data_and_text(const uint8 **buf, const uint8 **buf_end,
      | ^~~~~~~~~~~~~~~~~~~~~~~
[94/864] Building C object CMakeFiles/app.dir/src/api/akira_system_api.c.obj
[95/864] Building C object CMakeFiles/app.dir/src/api/akira_hid_api.c.obj
[96/864] Building C object CMakeFiles/app.dir/src/api/akira_lifecycle_api.c.obj
[97/864] Building C object CMakeFiles/app.dir/modules/wasm-micro-runtime/core/iwasm/common/wasm_c_api.c.obj
[98/864] Building C object CMakeFiles/app.dir/src/api/akira_ipc_api.c.obj
[99/864] Building C object CMakeFiles/app.dir/src/runtime/akira_ipc.c.obj
[100/864] Building C object CMakeFiles/app.dir/src/drivers/display/display_hal.c.obj
[101/864] Building C object CMakeFiles/app.dir/src/connectivity/ota/transports/ota_http.c.obj
In file included from /home/raile/workspace/akira_workspace/AkiraOS/src/connectivity/ota/transports/ota_http.c:10:
/home/raile/workspace/akira_workspace/AkiraOS/src/connectivity/bluetooth/../../connectivity/http/http_server.h:119:70: warning: "/*" within comment [-Wcomment]
  119 |         const char *path; /**< Path pattern (supports wildcards: /api/*) */
      |                                                                       
[102/864] Building C object CMakeFiles/app.dir/src/drivers/akira_lsm6ds3.c.obj
[103/864] Building C object CMakeFiles/app.dir/src/connectivity/buf_pool.c.obj
[104/864] Building C object CMakeFiles/app.dir/src/connectivity/net/net_stream.c.obj
[105/864] Building C object CMakeFiles/app.dir/src/connectivity/transport_interface.c.obj
[106/864] Building C object CMakeFiles/app.dir/src/connectivity/ota/transports/ota_ble.c.obj
[107/864] Building C object CMakeFiles/app.dir/src/shell/hid_shell.c.obj
/home/raile/workspace/akira_workspace/AkiraOS/src/shell/hid_shell.c: In function 'cmd_sim':
/home/raile/workspace/akira_workspace/AkiraOS/src/shell/hid_shell.c:136:9: warning: implicit declaration of function 'hid_sim_connect' [-Wimplicit-function-declaration]
  136 |         hid_sim_connect();
      |         ^~~~~~~~~~~~~~~
/home/raile/workspace/akira_workspace/AkiraOS/src/shell/hid_shell.c:141:9: warning: implicit declaration of function 'hid_sim_disconnect' [-Wimplicit-function-declaration]
  141 |         hid_sim_disconnect();
      |         ^~~~~~~~~~~~~~~~~~
/home/raile/workspace/akira_workspace/AkiraOS/src/shell/hid_shell.c: At top level:
/home/raile/workspace/akira_workspace/AkiraOS/src/shell/hid_shell.c:126:12: warning: 'cmd_sim' defined but not used [-Wunused-function]
  126 | static int cmd_sim(const struct shell *sh, size_t argc, char **argv)
      |            ^~~~~~~
[108/864] Building C object CMakeFiles/app.dir/modules/wasm-micro-runtime/core/iwasm/interpreter/wasm_loader.c.obj
/home/raile/workspace/akira_workspace/AkiraOS/modules/wasm-micro-runtime/core/iwasm/interpreter/wasm_loader.c: In function 'wasm_loader_prepare_bytecode':
/home/raile/workspace/akira_workspace/AkiraOS/modules/wasm-micro-runtime/core/iwasm/interpreter/wasm_loader.c:12118:32: warning: unused variable 'frame_ref_before_pop' [-Wunused-variable]
12118 |                         uint8 *frame_ref_before_pop = loader_ctx->frame_ref;
      |                                ^~~~~~~~~~~~~~~~~~~~
[109/864] Building C object CMakeFiles/app.dir/src/shell/shell_date.c.obj
/home/raile/workspace/akira_workspace/AkiraOS/src/shell/shell_date.c: In function 'format_datetime.constprop':
/home/raile/workspace/akira_workspace/AkiraOS/src/shell/shell_date.c:184:35: warning: '%02d' directive output may be truncated writing between 2 and 11 bytes into a region of size between 10 and 16 [-Wformat-truncation=]
  184 |     snprintf(buf, len, "%04d-%02d-%02d %02d:%02d:%02d", y, mo, d, h, mi, s);
      |                                   ^~~~
/home/raile/workspace/akira_workspace/AkiraOS/src/shell/shell_date.c:184:24: note: directive argument in the range [-2147483647, 2147483647]
  184 |     snprintf(buf, len, "%04d-%02d-%02d %02d:%02d:%02d", y, mo, d, h, mi, s);
      |                        ^~~~~~~~~~~~~~~~~~~~~~~~~~~~~~~
/home/raile/workspace/akira_workspace/AkiraOS/src/shell/shell_date.c:184:24: note: directive argument in the range [0, 23]
/home/raile/workspace/akira_workspace/AkiraOS/src/shell/shell_date.c:184:24: note: directive argument in the range [0, 59]
/home/raile/workspace/akira_workspace/AkiraOS/src/shell/shell_date.c:184:24: note: directive argument in the range [0, 59]
/home/raile/workspace/akira_workspace/AkiraOS/src/shell/shell_date.c:184:5: note: 'snprintf' output between 20 and 35 bytes into a destination of size 24
  184 |     snprintf(buf, len, "%04d-%02d-%02d %02d:%02d:%02d", y, mo, d, h, mi, s);
      |     ^~~~~~~~~~~~~~~~~~~~~~~~~~~~~~~~~~~~~~~~~~~~~~~~~~~~~~~~~~~~~~~~~~~~~~~
[110/864] Building C object CMakeFiles/app.dir/src/connectivity/ota/transports/ota_usb.c.obj
/home/raile/workspace/akira_workspace/AkiraOS/src/connectivity/ota/transports/ota_usb.c: In function 'usb_abort':
/home/raile/workspace/akira_workspace/AkiraOS/src/connectivity/ota/transports/ota_usb.c:396:9: warning: implicit declaration of function 'ota_abort_update' [-Wimplicit-function-declaration]
  396 |         ota_abort_update();
      |         ^~~~~~~~~~~~~~~~
[111/864] Building C object CMakeFiles/app.dir/src/shell/shell_web.c.obj
[112/864] Building C object CMakeFiles/app.dir/src/connectivity/ota/ota_manager.c.obj
In file included from /home/raile/workspace/akira_workspace/AkiraOS/src/connectivity/ota/ota_manager.c:17:
/home/raile/workspace/akira_workspace/AkiraOS/src/akira.h:31: warning: "AKIRA_VERSION_MINOR" redefined
   31 | #define AKIRA_VERSION_MINOR 5
      | 
<command-line>: note: this is the location of the previous definition
/home/raile/workspace/akira_workspace/AkiraOS/src/akira.h:32: warning: "AKIRA_VERSION_PATCH" redefined
   32 | #define AKIRA_VERSION_PATCH 1
      | 
<command-line>: note: this is the location of the previous definition
In file included from /home/raile/workspace/akira_workspace/zephyr/include/zephyr/logging/log.h:11,
                 from /home/raile/workspace/akira_workspace/AkiraOS/src/connectivity/ota/ota_manager.c:11:
/home/raile/workspace/akira_workspace/AkiraOS/src/connectivity/ota/ota_manager.c: In function 'do_start_update':
/home/raile/workspace/akira_workspace/AkiraOS/src/connectivity/ota/ota_manager.c:259:13: warning: format '%x' expects argument of type 'unsigned int', but argument 2 has type 'off_t' {aka 'long int'} [-Wformat=]
  259 |     LOG_INF("OTA Secondary slot: offset=0x%08x size=0x%08x (%u KB)",
      |             ^~~~~~~~~~~~~~~~~~~~~~~~~~~~~~~~~~~~~~~~~~~~~~~~~~~~~~~
  260 |             secondary_fa->fa_off,
      |             ~~~~~~~~~~~~~~~~~~~~
      |                         |
      |                         off_t {aka long int}
/home/raile/workspace/akira_workspace/zephyr/include/zephyr/logging/log_core.h:315:50: note: in definition of macro 'Z_LOG2'
  315 |                         z_log_printf_arg_checker(__VA_ARGS__);                                     \
      |                                                  ^~~~~~~~~~~
/home/raile/workspace/akira_workspace/zephyr/include/zephyr/logging/log.h:83:22: note: in expansion of macro 'Z_LOG'
   83 | #define LOG_INF(...) Z_LOG(LOG_LEVEL_INF, __VA_ARGS__)
      |                      ^~~~~
/home/raile/workspace/akira_workspace/AkiraOS/src/connectivity/ota/ota_manager.c:259:5: note: in expansion of macro 'LOG_INF'
  259 |     LOG_INF("OTA Secondary slot: offset=0x%08x size=0x%08x (%u KB)",
      |     ^~~~~~~
/home/raile/workspace/akira_workspace/AkiraOS/src/connectivity/ota/ota_manager.c:259:46: note: format string is defined here
  259 |     LOG_INF("OTA Secondary slot: offset=0x%08x size=0x%08x (%u KB)",
      |                                           ~~~^
      |                                              |
      |                                              unsigned int
      |                                           %08lx
[113/864] Building C object CMakeFiles/app.dir/src/connectivity/hid/hid_manager.c.obj
In file included from /home/raile/workspace/akira_workspace/AkiraOS/src/connectivity/hid/hid_common.h:15,
                 from /home/raile/workspace/akira_workspace/AkiraOS/src/connectivity/hid/hid_manager.h:12,
                 from /home/raile/workspace/akira_workspace/AkiraOS/src/connectivity/hid/hid_manager.c:6:
/home/raile/workspace/akira_workspace/zephyr/include/zephyr/usb/class/usb_hid.h:37:38: warning: 'struct device' declared inside parameter list will not be visible outside of this definition or declaration
   37 | typedef int (*hid_cb_t)(const struct device *dev,
      |                                      ^~~~~~
/home/raile/workspace/akira_workspace/zephyr/include/zephyr/usb/class/usb_hid.h:40:53: warning: 'struct device' declared inside parameter list will not be visible outside of this definition or declaration
   40 | typedef void (*hid_int_ready_callback)(const struct device *dev);
      |                                                     ^~~~~~
/home/raile/workspace/akira_workspace/zephyr/include/zephyr/usb/class/usb_hid.h:41:48: warning: 'struct device' declared inside parameter list will not be visible outside of this definition or declaration
   41 | typedef void (*hid_protocol_cb_t)(const struct device *dev, uint8_t protocol);
      |                                                ^~~~~~
/home/raile/workspace/akira_workspace/zephyr/include/zephyr/usb/class/usb_hid.h:42:44: warning: 'struct device' declared inside parameter list will not be visible outside of this definition or declaration
   42 | typedef void (*hid_idle_cb_t)(const struct device *dev, uint16_t report_id);
      |                                            ^~~~~~
/home/raile/workspace/akira_workspace/zephyr/include/zephyr/usb/class/usb_hid.h:72:56: warning: 'struct device' declared inside parameter list will not be visible outside of this definition or declaration
   72 | __deprecated void usb_hid_register_device(const struct device *dev,
      |                                                        ^~~~~~
/home/raile/workspace/akira_workspace/zephyr/include/zephyr/usb/class/usb_hid.h:89:48: warning: 'struct device' declared inside parameter list will not be visible outside of this definition or declaration
   89 | __deprecated int hid_int_ep_write(const struct device *dev,
      |                                                ^~~~~~
/home/raile/workspace/akira_workspace/zephyr/include/zephyr/usb/class/usb_hid.h:108:47: warning: 'struct device' declared inside parameter list will not be visible outside of this definition or declaration
  108 | __deprecated int hid_int_ep_read(const struct device *dev,
      |                                               ^~~~~~
/home/raile/workspace/akira_workspace/zephyr/include/zephyr/usb/class/usb_hid.h:125:54: warning: 'struct device' declared inside parameter list will not be visible outside of this definition or declaration
  125 | __deprecated int usb_hid_set_proto_code(const struct device *dev, uint8_t proto_code);
      |                                                      ^~~~~~
/home/raile/workspace/akira_workspace/zephyr/include/zephyr/usb/class/usb_hid.h:136:44: warning: 'struct device' declared inside parameter list will not be visible outside of this definition or declaration
  136 | __deprecated int usb_hid_init(const struct device *dev);
      |                                            ^~~~~~
[114/864] Building C object CMakeFiles/app.dir/src/connectivity/usb/usb_manager_shell.c.obj
[115/864] Building C object CMakeFiles/app.dir/src/connectivity/bluetooth/bt_hid.c.obj
In file included from /home/raile/workspace/akira_workspace/AkiraOS/src/connectivity/bluetooth/../hid/hid_common.h:15,
                 from /home/raile/workspace/akira_workspace/AkiraOS/src/connectivity/bluetooth/bt_hid.h:11,
                 from /home/raile/workspace/akira_workspace/AkiraOS/src/connectivity/bluetooth/bt_hid.c:6:
/home/raile/workspace/akira_workspace/zephyr/include/zephyr/usb/class/usb_hid.h:37:38: warning: 'struct device' declared inside parameter list will not be visible outside of this definition or declaration
   37 | typedef int (*hid_cb_t)(const struct device *dev,
      |                                      ^~~~~~
/home/raile/workspace/akira_workspace/zephyr/include/zephyr/usb/class/usb_hid.h:40:53: warning: 'struct device' declared inside parameter list will not be visible outside of this definition or declaration
   40 | typedef void (*hid_int_ready_callback)(const struct device *dev);
      |                                                     ^~~~~~
/home/raile/workspace/akira_workspace/zephyr/include/zephyr/usb/class/usb_hid.h:41:48: warning: 'struct device' declared inside parameter list will not be visible outside of this definition or declaration
   41 | typedef void (*hid_protocol_cb_t)(const struct device *dev, uint8_t protocol);
      |                                                ^~~~~~
/home/raile/workspace/akira_workspace/zephyr/include/zephyr/usb/class/usb_hid.h:42:44: warning: 'struct device' declared inside parameter list will not be visible outside of this definition or declaration
   42 | typedef void (*hid_idle_cb_t)(const struct device *dev, uint16_t report_id);
      |                                            ^~~~~~
/home/raile/workspace/akira_workspace/zephyr/include/zephyr/usb/class/usb_hid.h:72:56: warning: 'struct device' declared inside parameter list will not be visible outside of this definition or declaration
   72 | __deprecated void usb_hid_register_device(const struct device *dev,
      |                                                        ^~~~~~
/home/raile/workspace/akira_workspace/zephyr/include/zephyr/usb/class/usb_hid.h:89:48: warning: 'struct device' declared inside parameter list will not be visible outside of this definition or declaration
   89 | __deprecated int hid_int_ep_write(const struct device *dev,
      |                                                ^~~~~~
/home/raile/workspace/akira_workspace/zephyr/include/zephyr/usb/class/usb_hid.h:108:47: warning: 'struct device' declared inside parameter list will not be visible outside of this definition or declaration
  108 | __deprecated int hid_int_ep_read(const struct device *dev,
      |                                               ^~~~~~
/home/raile/workspace/akira_workspace/zephyr/include/zephyr/usb/class/usb_hid.h:125:54: warning: 'struct device' declared inside parameter list will not be visible outside of this definition or declaration
  125 | __deprecated int usb_hid_set_proto_code(const struct device *dev, uint8_t proto_code);
      |                                                      ^~~~~~
/home/raile/workspace/akira_workspace/zephyr/include/zephyr/usb/class/usb_hid.h:136:44: warning: 'struct device' declared inside parameter list will not be visible outside of this definition or declaration
  136 | __deprecated int usb_hid_init(const struct device *dev);
      |                                            ^~~~~~
/home/raile/workspace/akira_workspace/AkiraOS/src/connectivity/bluetooth/bt_hid.c:491:13: warning: 'gp_ccc_changed' defined but not used [-Wunused-function]
  491 | static void gp_ccc_changed(const struct bt_gatt_attr *attr, uint16_t value)
      |             ^~~~~~~~~~~~~~
/home/raile/workspace/akira_workspace/AkiraOS/src/connectivity/bluetooth/bt_hid.c:348:16: warning: 'read_gp_report' defined but not used [-Wunused-function]
  348 | static ssize_t read_gp_report(struct bt_conn *conn,
      |                ^~~~~~~~~~~~~~
/home/raile/workspace/akira_workspace/AkiraOS/src/connectivity/bluetooth/bt_hid.c:316:31: warning: 'cs_ccc_cfg' defined but not used [-Wunused-variable]
  316 | static struct bt_gatt_ccc_cfg cs_ccc_cfg[BT_GATT_CCC_MAX] = {};
      |                               ^~~~~~~~~~
/home/raile/workspace/akira_workspace/AkiraOS/src/connectivity/bluetooth/bt_hid.c:315:31: warning: 'ms_ccc_cfg' defined but not used [-Wunused-variable]
  315 | static struct bt_gatt_ccc_cfg ms_ccc_cfg[BT_GATT_CCC_MAX] = {};
      |                               ^~~~~~~~~~
/home/raile/workspace/akira_workspace/AkiraOS/src/connectivity/bluetooth/bt_hid.c:314:31: warning: 'gp_ccc_cfg' defined but not used [-Wunused-variable]
  314 | static struct bt_gatt_ccc_cfg gp_ccc_cfg[BT_GATT_CCC_MAX] = {};
      |                               ^~~~~~~~~~
/home/raile/workspace/akira_workspace/AkiraOS/src/connectivity/bluetooth/bt_hid.c:313:31: warning: 'kb_ccc_cfg' defined but not used [-Wunused-variable]
  313 | static struct bt_gatt_ccc_cfg kb_ccc_cfg[BT_GATT_CCC_MAX] = {};
      |                               ^~~~~~~~~~
/home/raile/workspace/akira_workspace/AkiraOS/src/connectivity/bluetooth/bt_hid.c:299:22: warning: 'gp_report_ref' defined but not used [-Wunused-const-variable=]
  299 | static const uint8_t gp_report_ref[] = {0x02, 0x01}; /* ID=2, Type=input */
      |                      ^~~~~~~~~~~~~
/home/raile/workspace/akira_workspace/AkiraOS/src/connectivity/bluetooth/bt_hid.c:268:22: warning: 'report_map' defined but not used [-Wunused-const-variable=]
  268 | static const uint8_t report_map[] = {
      |                      ^~~~~~~~~~
/home/raile/workspace/akira_workspace/AkiraOS/src/connectivity/bluetooth/bt_hid.c:177:22: warning: 'consumer_report_desc' defined but not used [-Wunused-const-variable=]
  177 | static const uint8_t consumer_report_desc[] = {
      |                      ^~~~~~~~~~~~~~~~~~~~
/home/raile/workspace/akira_workspace/AkiraOS/src/connectivity/bluetooth/bt_hid.c:132:22: warning: 'mouse_report_desc' defined but not used [-Wunused-const-variable=]
  132 | static const uint8_t mouse_report_desc[] = {
      |                      ^~~~~~~~~~~~~~~~~
/home/raile/workspace/akira_workspace/AkiraOS/src/connectivity/bluetooth/bt_hid.c:76:22: warning: 'gamepad_report_desc' defined but not used [-Wunused-const-variable=]
   76 | static const uint8_t gamepad_report_desc[] = {
      |                      ^~~~~~~~~~~~~~~~~~~
/home/raile/workspace/akira_workspace/AkiraOS/src/connectivity/bluetooth/bt_hid.c:30:22: warning: 'keyboard_report_desc' defined but not used [-Wunused-const-variable=]
   30 | static const uint8_t keyboard_report_desc[] = {
      |                      ^~~~~~~~~~~~~~~~~~~~
[116/864] Building C object CMakeFiles/app.dir/src/connectivity/http/http_server.c.obj
In file included from /home/raile/workspace/akira_workspace/AkiraOS/src/connectivity/http/http_server.c:6:
/home/raile/workspace/akira_workspace/AkiraOS/src/connectivity/http/http_server.h:119:70: warning: "/*" within comment [-Wcomment]
  119 |         const char *path; /**< Path pattern (supports wildcards: /api/*) */
      |                                                                       
/home/raile/workspace/akira_workspace/AkiraOS/src/connectivity/http/http_server.c:197:12: warning: 'resp_send_json' defined but not used [-Wunused-function]
  197 | static int resp_send_json(response_ctx_t *ctx, const char *json)
      |            ^~~~~~~~~~~~~~
/home/raile/workspace/akira_workspace/AkiraOS/src/connectivity/http/http_server.c:163:12: warning: 'resp_set_header' defined but not used [-Wunused-function]
  163 | static int resp_set_header(const char *name, const char *value)
      |            ^~~~~~~~~~~~~~~
[117/864] Building C object CMakeFiles/app.dir/src/connectivity/bluetooth/bt_manager.c.obj
/home/raile/workspace/akira_workspace/AkiraOS/src/connectivity/bluetooth/bt_manager.c: In function 'bt_manager_init':
/home/raile/workspace/akira_workspace/AkiraOS/src/connectivity/bluetooth/bt_manager.c:319:35: warning: passing argument 1 of 'bt_conn_auth_info_cb_register' discards 'const' qualifier from pointer target type [-Wdiscarded-qualifiers]
  319 |     bt_conn_auth_info_cb_register(&auth_info_callbacks);
      |                                   ^~~~~~~~~~~~~~~~~~~~
In file included from /home/raile/workspace/akira_workspace/AkiraOS/src/connectivity/bluetooth/bt_manager.c:13:
/home/raile/workspace/akira_workspace/zephyr/include/zephyr/bluetooth/conn.h:2797:64: note: expected 'struct bt_conn_auth_info_cb *' but argument is of type 'const struct bt_conn_auth_info_cb *'
 2797 | int bt_conn_auth_info_cb_register(struct bt_conn_auth_info_cb *cb);
      |                                   ~~~~~~~~~~~~~~~~~~~~~~~~~~~~~^~
[118/864] Building C object CMakeFiles/app.dir/src/connectivity/cloud/cloud_protocol.c.obj
[119/864] Building C object CMakeFiles/app.dir/src/connectivity/cloud/cloud_ota_handler.c.obj
[120/864] Building C object CMakeFiles/app.dir/src/connectivity/bluetooth/ble_app_service.c.obj
[121/864] Building C object CMakeFiles/app.dir/src/connectivity/cloud/cloud_app_handler.c.obj
/home/raile/workspace/akira_workspace/AkiraOS/src/connectivity/cloud/cloud_app_handler.c: In function 'complete_download':
/home/raile/workspace/akira_workspace/AkiraOS/src/connectivity/cloud/cloud_app_handler.c:116:18: warning: unused variable 'version' [-Wunused-variable]
  116 |         uint32_t version = (ctx->version[0] << 24) | (ctx->version[1] << 16) |
      |                  ^~~~~~~
[122/864] Building C object CMakeFiles/app.dir/src/connectivity/usb/usb_hid.c.obj
[123/864] Building C object CMakeFiles/app.dir/src/connectivity/ota/web_server.c.obj
In file included from /home/raile/workspace/akira_workspace/AkiraOS/src/connectivity/ota/web_server.c:65:
/home/raile/workspace/akira_workspace/AkiraOS/src/akira.h:31: warning: "AKIRA_VERSION_MINOR" redefined
   31 | #define AKIRA_VERSION_MINOR 5
      | 
<command-line>: note: this is the location of the previous definition
/home/raile/workspace/akira_workspace/AkiraOS/src/akira.h:32: warning: "AKIRA_VERSION_PATCH" redefined
   32 | #define AKIRA_VERSION_PATCH 1
      | 
<command-line>: note: this is the location of the previous definition
/home/raile/workspace/akira_workspace/AkiraOS/src/connectivity/ota/web_server.c:50:13: warning: 'register_webserver_ota_transport' defined but not used [-Wunused-function]
   50 | static void register_webserver_ota_transport(void)
      |             ^~~~~~~~~~~~~~~~~~~~~~~~~~~~~~~~
[124/864] Building C object zephyr/CMakeFiles/zephyr.dir/lib/hash/hash_func32_djb2.c.obj
[125/864] Building C object CMakeFiles/app.dir/src/connectivity/radio/radio_wifi.c.obj
/home/raile/workspace/akira_workspace/AkiraOS/src/connectivity/radio/radio_wifi.c: In function 'wifi_mgmt_event_handler':
/home/raile/workspace/akira_workspace/AkiraOS/src/connectivity/radio/radio_wifi.c:40:5: warning: conversion from 'long long unsigned int' to 'uint32_t' {aka 'unsigned int'} changes value from '15046526355044827138' to '2' [-Woverflow]
   40 |     case NET_EVENT_WIFI_SCAN_DONE:
      |     ^~~~
/home/raile/workspace/akira_workspace/AkiraOS/src/connectivity/radio/radio_wifi.c:54:5: warning: conversion from 'long long unsigned int' to 'uint32_t' {aka 'unsigned int'} changes value from '15046526355044827140' to '4' [-Woverflow]
   54 |     case NET_EVENT_WIFI_CONNECT_RESULT:
      |     ^~~~
/home/raile/workspace/akira_workspace/AkiraOS/src/connectivity/radio/radio_wifi.c:68:5: warning: conversion from 'long long unsigned int' to 'uint32_t' {aka 'unsigned int'} changes value from '15046526355044827144' to '8' [-Woverflow]
   68 |     case NET_EVENT_WIFI_DISCONNECT_RESULT:
      |     ^~~~
/home/raile/workspace/akira_workspace/AkiraOS/src/connectivity/radio/radio_wifi.c: In function 'wifi_radio_init':
/home/raile/workspace/akira_workspace/AkiraOS/src/connectivity/radio/radio_wifi.c:102:50: warning: passing argument 2 of 'net_mgmt_init_event_callback' from incompatible pointer type [-Wincompatible-pointer-types]
  102 |     net_mgmt_init_event_callback(&data->mgmt_cb, wifi_mgmt_event_handler,
      |                                                  ^~~~~~~~~~~~~~~~~~~~~~~
      |                                                  |
      |                                                  void (*)(struct net_mgmt_event_callback *, uint32_t,  struct net_if *) {aka void (*)(struct net_mgmt_event_callback *, unsigned int,  struct net_if *)}
In file included from /home/raile/workspace/akira_workspace/zephyr/include/zephyr/net/net_stats.h:19,
                 from /home/raile/workspace/akira_workspace/zephyr/include/zephyr/net/net_if.h:32,
                 from /home/raile/workspace/akira_workspace/AkiraOS/include/connectivity/radio_interface.h:21,
                 from /home/raile/workspace/akira_workspace/AkiraOS/src/connectivity/radio/radio_wifi.c:11:
/home/raile/workspace/akira_workspace/zephyr/include/zephyr/net/net_mgmt.h:262:60: note: expected 'net_mgmt_event_handler_t' {aka 'void (*)(struct net_mgmt_event_callback *, long long unsigned int,  struct net_if *)'} but argument is of type 'void (*)(struct net_mgmt_event_callback *, uint32_t,  struct net_if *)' {aka 'void (*)(struct net_mgmt_event_callback *, unsigned int,  struct net_if *)'}
  262 |                                   net_mgmt_event_handler_t handler,
      |                                   ~~~~~~~~~~~~~~~~~~~~~~~~~^~~~~~~
/home/raile/workspace/akira_workspace/AkiraOS/src/connectivity/radio/radio_wifi.c: In function 'wifi_radio_get_hw_addr':
/home/raile/workspace/akira_workspace/AkiraOS/src/connectivity/radio/radio_wifi.c:257:23: warning: the comparison will always evaluate as 'true' for the address of 'addr' will never be NULL [-Waddress]
  257 |     if (!link_addr || !link_addr->addr) {
      |                       ^
In file included from /home/raile/workspace/akira_workspace/zephyr/include/zephyr/net/net_core.h:24,
                 from /home/raile/workspace/akira_workspace/zephyr/include/zephyr/net/net_if.h:27:
/home/raile/workspace/akira_workspace/zephyr/include/zephyr/net/net_linkaddr.h:78:17: note: 'addr' declared here
   78 |         uint8_t addr[NET_LINK_ADDR_MAX_LENGTH]; /* in big endian */
      |                 ^~~~
[126/864] Building C object CMakeFiles/app.dir/modules/wasm-micro-runtime/core/iwasm/interpreter/wasm_interp_classic.c.obj
[127/864] Building C object CMakeFiles/app.dir/src/connectivity/radio/radio_ble.c.obj
[128/864] Building C object zephyr/CMakeFiles/zephyr.dir/lib/hash/hash_func32_murmur3.c.obj
[129/864] Building C object CMakeFiles/app.dir/src/connectivity/storage/usb_storage.c.obj
[130/864] Building C object zephyr/CMakeFiles/zephyr.dir/lib/libc/validate_libc.c.obj
[131/864] Building C object CMakeFiles/app.dir/src/connectivity/radio/radio_manager.c.obj
[132/864] Building C object CMakeFiles/app.dir/src/connectivity/cloud/cloud_client.c.obj
[133/864] Building C object CMakeFiles/app.dir/src/storage/sd_card.c.obj
[134/864] Building C object CMakeFiles/app.dir/src/connectivity/usb/usb_manager.c.obj
In file included from /home/raile/workspace/akira_workspace/AkiraOS/src/connectivity/usb/usb_manager.h:17,
                 from /home/raile/workspace/akira_workspace/AkiraOS/src/connectivity/usb/usb_manager.c:6:
/home/raile/workspace/akira_workspace/AkiraOS/src/connectivity/usb/usb_manager.c:175:27: warning: initialization of 'struct usbd_desc_node *' from incompatible pointer type 'struct usbd_config_node *' [-Wincompatible-pointer-types]
  175 |                           &fs_cfg_desc);
      |                           ^
/home/raile/workspace/akira_workspace/zephyr/include/zephyr/usb/usbd.h:548:32: note: in definition of macro 'USBD_CONFIGURATION_DEFINE'
  548 |                 .str_desc_nd = desc_nd,                                 \
      |                                ^~~~~~~
/home/raile/workspace/akira_workspace/AkiraOS/src/connectivity/usb/usb_manager.c:175:27: note: (near initialization for 'fs_cfg_desc.str_desc_nd')
  175 |                           &fs_cfg_desc);
      |                           ^
/home/raile/workspace/akira_workspace/zephyr/include/zephyr/usb/usbd.h:548:32: note: in definition of macro 'USBD_CONFIGURATION_DEFINE'
  548 |                 .str_desc_nd = desc_nd,                                 \
      |                                ^~~~~~~
[135/864] Building C object zephyr/CMakeFiles/zephyr.dir/lib/heap/multi_heap.c.obj
[136/864] Building C object CMakeFiles/app.dir/src/connectivity/storage/sd_manager.c.obj
[137/864] Building C object zephyr/CMakeFiles/zephyr.dir/lib/heap/shared_multi_heap.c.obj
[138/864] Building C object zephyr/CMakeFiles/zephyr.dir/lib/heap/heap_stats.c.obj
[139/864] Building C object zephyr/CMakeFiles/zephyr.dir/lib/utils/base64.c.obj
[140/864] Building C object zephyr/CMakeFiles/zephyr.dir/lib/heap/heap.c.obj
[141/864] Building C object zephyr/CMakeFiles/zephyr.dir/lib/os/thread_entry.c.obj
[142/864] Building C object CMakeFiles/app.dir/src/storage/fs_manager.c.obj
[143/864] Building C object zephyr/CMakeFiles/zephyr.dir/lib/utils/dec.c.obj
[144/864] Building C object zephyr/CMakeFiles/zephyr.dir/lib/os/printk.c.obj
[145/864] Building C object zephyr/CMakeFiles/zephyr.dir/lib/os/sem.c.obj
[146/864] Building C object CMakeFiles/app.dir/src/connectivity/bluetooth/bt_app_transfer.c.obj
In file included from /home/raile/workspace/akira_workspace/AkiraOS/src/connectivity/bluetooth/bt_app_transfer.c:11:
/home/raile/workspace/akira_workspace/zephyr/include/zephyr/bluetooth/byteorder.h:94:33: warning: right shift count >= width of type [-Wshift-count-overflow]
   94 |         BT_BYTES_LIST_LE16((_v) >> 32) \
      |                                 ^~
/home/raile/workspace/akira_workspace/zephyr/include/zephyr/bluetooth/gatt.h:844:54: note: in definition of macro 'BT_GATT_SERVICE_DEFINE'
  844 |         const struct bt_gatt_attr attr_##_name[] = { __VA_ARGS__ };     \
      |                                                      ^~~~~~~~~~~
/home/raile/workspace/akira_workspace/zephyr/include/zephyr/bluetooth/gatt.h:899:9: note: in expansion of macro 'BT_GATT_ATTRIBUTE'
  899 |         BT_GATT_ATTRIBUTE(BT_UUID_GATT_PRIMARY, BT_GATT_PERM_READ,      \
      |         ^~~~~~~~~~~~~~~~~
/home/raile/workspace/akira_workspace/AkiraOS/src/connectivity/bluetooth/bt_app_transfer.c:81:24: note: in expansion of macro 'BT_GATT_PRIMARY_SERVICE'
   81 |                        BT_GATT_PRIMARY_SERVICE(BT_UUID_APP_XFER),
      |                        ^~~~~~~~~~~~~~~~~~~~~~~
/home/raile/workspace/akira_workspace/zephyr/include/zephyr/bluetooth/uuid.h:134:66: note: in expansion of macro 'BT_UUID_INIT_128'
  134 |         ((const struct bt_uuid *) ((const struct bt_uuid_128[]) {BT_UUID_INIT_128(value)}))
      |                                                                  ^~~~~~~~~~~~~~~~
/home/raile/workspace/akira_workspace/AkiraOS/src/connectivity/bluetooth/bt_app_transfer.c:23:26: note: in expansion of macro 'BT_UUID_DECLARE_128'
   23 | #define BT_UUID_APP_XFER BT_UUID_DECLARE_128(BT_UUID_APP_XFER_VAL)
      |                          ^~~~~~~~~~~~~~~~~~~
/home/raile/workspace/akira_workspace/zephyr/include/zephyr/bluetooth/byteorder.h:94:9: note: in expansion of macro 'BT_BYTES_LIST_LE16'
   94 |         BT_BYTES_LIST_LE16((_v) >> 32) \
      |         ^~~~~~~~~~~~~~~~~~
/home/raile/workspace/akira_workspace/zephyr/include/zephyr/bluetooth/uuid.h:179:9: note: in expansion of macro 'BT_BYTES_LIST_LE48'
  179 |         BT_BYTES_LIST_LE48(w48),\
      |         ^~~~~~~~~~~~~~~~~~
/home/raile/workspace/akira_workspace/AkiraOS/src/connectivity/bluetooth/bt_app_transfer.c:22:5: note: in expansion of macro 'BT_UUID_128_ENCODE'
   22 |     BT_UUID_128_ENCODE(0x414B4952, 0x0001, 0x0001, 0x0001, 0x000000000001)
      |     ^~~~~~~~~~~~~~~~~~
/home/raile/workspace/akira_workspace/AkiraOS/src/connectivity/bluetooth/bt_app_transfer.c:23:46: note: in expansion of macro 'BT_UUID_APP_XFER_VAL'
   23 | #define BT_UUID_APP_XFER BT_UUID_DECLARE_128(BT_UUID_APP_XFER_VAL)
      |                                              ^~~~~~~~~~~~~~~~~~~~
/home/raile/workspace/akira_workspace/AkiraOS/src/connectivity/bluetooth/bt_app_transfer.c:81:48: note: in expansion of macro 'BT_UUID_APP_XFER'
   81 |                        BT_GATT_PRIMARY_SERVICE(BT_UUID_APP_XFER),
      |                                                ^~~~~~~~~~~~~~~~
/home/raile/workspace/akira_workspace/zephyr/include/zephyr/bluetooth/byteorder.h:94:33: warning: right shift count >= width of type [-Wshift-count-overflow]
   94 |         BT_BYTES_LIST_LE16((_v) >> 32) \
      |                                 ^~
/home/raile/workspace/akira_workspace/zephyr/include/zephyr/bluetooth/gatt.h:844:54: note: in definition of macro 'BT_GATT_SERVICE_DEFINE'
  844 |         const struct bt_gatt_attr attr_##_name[] = { __VA_ARGS__ };     \
      |                                                      ^~~~~~~~~~~
/home/raile/workspace/akira_workspace/zephyr/include/zephyr/bluetooth/gatt.h:899:9: note: in expansion of macro 'BT_GATT_ATTRIBUTE'
  899 |         BT_GATT_ATTRIBUTE(BT_UUID_GATT_PRIMARY, BT_GATT_PERM_READ,      \
      |         ^~~~~~~~~~~~~~~~~
/home/raile/workspace/akira_workspace/AkiraOS/src/connectivity/bluetooth/bt_app_transfer.c:81:24: note: in expansion of macro 'BT_GATT_PRIMARY_SERVICE'
   81 |                        BT_GATT_PRIMARY_SERVICE(BT_UUID_APP_XFER),
      |                        ^~~~~~~~~~~~~~~~~~~~~~~
/home/raile/workspace/akira_workspace/zephyr/include/zephyr/bluetooth/uuid.h:134:66: note: in expansion of macro 'BT_UUID_INIT_128'
  134 |         ((const struct bt_uuid *) ((const struct bt_uuid_128[]) {BT_UUID_INIT_128(value)}))
      |                                                                  ^~~~~~~~~~~~~~~~
/home/raile/workspace/akira_workspace/AkiraOS/src/connectivity/bluetooth/bt_app_transfer.c:23:26: note: in expansion of macro 'BT_UUID_DECLARE_128'
   23 | #define BT_UUID_APP_XFER BT_UUID_DECLARE_128(BT_UUID_APP_XFER_VAL)
      |                          ^~~~~~~~~~~~~~~~~~~
/home/raile/workspace/akira_workspace/zephyr/include/zephyr/bluetooth/byteorder.h:94:9: note: in expansion of macro 'BT_BYTES_LIST_LE16'
   94 |         BT_BYTES_LIST_LE16((_v) >> 32) \
      |         ^~~~~~~~~~~~~~~~~~
/home/raile/workspace/akira_workspace/zephyr/include/zephyr/bluetooth/uuid.h:179:9: note: in expansion of macro 'BT_BYTES_LIST_LE48'
  179 |         BT_BYTES_LIST_LE48(w48),\
      |         ^~~~~~~~~~~~~~~~~~
/home/raile/workspace/akira_workspace/AkiraOS/src/connectivity/bluetooth/bt_app_transfer.c:22:5: note: in expansion of macro 'BT_UUID_128_ENCODE'
   22 |     BT_UUID_128_ENCODE(0x414B4952, 0x0001, 0x0001, 0x0001, 0x000000000001)
      |     ^~~~~~~~~~~~~~~~~~
/home/raile/workspace/akira_workspace/AkiraOS/src/connectivity/bluetooth/bt_app_transfer.c:23:46: note: in expansion of macro 'BT_UUID_APP_XFER_VAL'
   23 | #define BT_UUID_APP_XFER BT_UUID_DECLARE_128(BT_UUID_APP_XFER_VAL)
      |                                              ^~~~~~~~~~~~~~~~~~~~
/home/raile/workspace/akira_workspace/AkiraOS/src/connectivity/bluetooth/bt_app_transfer.c:81:48: note: in expansion of macro 'BT_UUID_APP_XFER'
   81 |                        BT_GATT_PRIMARY_SERVICE(BT_UUID_APP_XFER),
      |                                                ^~~~~~~~~~~~~~~~
/home/raile/workspace/akira_workspace/zephyr/include/zephyr/bluetooth/byteorder.h:94:33: warning: right shift count >= width of type [-Wshift-count-overflow]
   94 |         BT_BYTES_LIST_LE16((_v) >> 32) \
      |                                 ^~
/home/raile/workspace/akira_workspace/zephyr/include/zephyr/bluetooth/gatt.h:844:54: note: in definition of macro 'BT_GATT_SERVICE_DEFINE'
  844 |         const struct bt_gatt_attr attr_##_name[] = { __VA_ARGS__ };     \
      |                                                      ^~~~~~~~~~~
/home/raile/workspace/akira_workspace/zephyr/include/zephyr/bluetooth/gatt.h:1001:9: note: in expansion of macro 'BT_GATT_ATTRIBUTE'
 1001 |         BT_GATT_ATTRIBUTE(BT_UUID_GATT_CHRC, BT_GATT_PERM_READ,                 \
      |         ^~~~~~~~~~~~~~~~~
/home/raile/workspace/akira_workspace/zephyr/include/zephyr/bluetooth/gatt.h:1004:33: note: in expansion of macro 'BT_GATT_CHRC_INIT'
 1004 |                                 BT_GATT_CHRC_INIT(_uuid, 0U, _props),           \
      |                                 ^~~~~~~~~~~~~~~~~
/home/raile/workspace/akira_workspace/AkiraOS/src/connectivity/bluetooth/bt_app_transfer.c:84:24: note: in expansion of macro 'BT_GATT_CHARACTERISTIC'
   84 |                        BT_GATT_CHARACTERISTIC(BT_UUID_APP_RX_DATA,
      |                        ^~~~~~~~~~~~~~~~~~~~~~
/home/raile/workspace/akira_workspace/zephyr/include/zephyr/bluetooth/uuid.h:134:66: note: in expansion of macro 'BT_UUID_INIT_128'
  134 |         ((const struct bt_uuid *) ((const struct bt_uuid_128[]) {BT_UUID_INIT_128(value)}))
      |                                                                  ^~~~~~~~~~~~~~~~
/home/raile/workspace/akira_workspace/AkiraOS/src/connectivity/bluetooth/bt_app_transfer.c:27:29: note: in expansion of macro 'BT_UUID_DECLARE_128'
   27 | #define BT_UUID_APP_RX_DATA BT_UUID_DECLARE_128(BT_UUID_APP_RX_DATA_VAL)
      |                             ^~~~~~~~~~~~~~~~~~~
/home/raile/workspace/akira_workspace/zephyr/include/zephyr/bluetooth/byteorder.h:94:9: note: in expansion of macro 'BT_BYTES_LIST_LE16'
   94 |         BT_BYTES_LIST_LE16((_v) >> 32) \
      |         ^~~~~~~~~~~~~~~~~~
/home/raile/workspace/akira_workspace/zephyr/include/zephyr/bluetooth/uuid.h:179:9: note: in expansion of macro 'BT_BYTES_LIST_LE48'
  179 |         BT_BYTES_LIST_LE48(w48),\
      |         ^~~~~~~~~~~~~~~~~~
/home/raile/workspace/akira_workspace/AkiraOS/src/connectivity/bluetooth/bt_app_transfer.c:26:5: note: in expansion of macro 'BT_UUID_128_ENCODE'
   26 |     BT_UUID_128_ENCODE(0x414B4952, 0x0001, 0x0001, 0x0001, 0x000000000002)
      |     ^~~~~~~~~~~~~~~~~~
/home/raile/workspace/akira_workspace/AkiraOS/src/connectivity/bluetooth/bt_app_transfer.c:27:49: note: in expansion of macro 'BT_UUID_APP_RX_DATA_VAL'
   27 | #define BT_UUID_APP_RX_DATA BT_UUID_DECLARE_128(BT_UUID_APP_RX_DATA_VAL)
      |                                                 ^~~~~~~~~~~~~~~~~~~~~~~
/home/raile/workspace/akira_workspace/AkiraOS/src/connectivity/bluetooth/bt_app_transfer.c:84:47: note: in expansion of macro 'BT_UUID_APP_RX_DATA'
   84 |                        BT_GATT_CHARACTERISTIC(BT_UUID_APP_RX_DATA,
      |                                               ^~~~~~~~~~~~~~~~~~~
/home/raile/workspace/akira_workspace/zephyr/include/zephyr/bluetooth/byteorder.h:94:33: warning: right shift count >= width of type [-Wshift-count-overflow]
   94 |         BT_BYTES_LIST_LE16((_v) >> 32) \
      |                                 ^~
/home/raile/workspace/akira_workspace/zephyr/include/zephyr/bluetooth/gatt.h:844:54: note: in definition of macro 'BT_GATT_SERVICE_DEFINE'
  844 |         const struct bt_gatt_attr attr_##_name[] = { __VA_ARGS__ };     \
      |                                                      ^~~~~~~~~~~
/home/raile/workspace/akira_workspace/zephyr/include/zephyr/bluetooth/gatt.h:1001:9: note: in expansion of macro 'BT_GATT_ATTRIBUTE'
 1001 |         BT_GATT_ATTRIBUTE(BT_UUID_GATT_CHRC, BT_GATT_PERM_READ,                 \
      |         ^~~~~~~~~~~~~~~~~
/home/raile/workspace/akira_workspace/zephyr/include/zephyr/bluetooth/gatt.h:1004:33: note: in expansion of macro 'BT_GATT_CHRC_INIT'
 1004 |                                 BT_GATT_CHRC_INIT(_uuid, 0U, _props),           \
      |                                 ^~~~~~~~~~~~~~~~~
/home/raile/workspace/akira_workspace/AkiraOS/src/connectivity/bluetooth/bt_app_transfer.c:84:24: note: in expansion of macro 'BT_GATT_CHARACTERISTIC'
   84 |                        BT_GATT_CHARACTERISTIC(BT_UUID_APP_RX_DATA,
      |                        ^~~~~~~~~~~~~~~~~~~~~~
/home/raile/workspace/akira_workspace/zephyr/include/zephyr/bluetooth/uuid.h:134:66: note: in expansion of macro 'BT_UUID_INIT_128'
  134 |         ((const struct bt_uuid *) ((const struct bt_uuid_128[]) {BT_UUID_INIT_128(value)}))
      |                                                                  ^~~~~~~~~~~~~~~~
/home/raile/workspace/akira_workspace/AkiraOS/src/connectivity/bluetooth/bt_app_transfer.c:27:29: note: in expansion of macro 'BT_UUID_DECLARE_128'
   27 | #define BT_UUID_APP_RX_DATA BT_UUID_DECLARE_128(BT_UUID_APP_RX_DATA_VAL)
      |                             ^~~~~~~~~~~~~~~~~~~
/home/raile/workspace/akira_workspace/zephyr/include/zephyr/bluetooth/byteorder.h:94:9: note: in expansion of macro 'BT_BYTES_LIST_LE16'
   94 |         BT_BYTES_LIST_LE16((_v) >> 32) \
      |         ^~~~~~~~~~~~~~~~~~
/home/raile/workspace/akira_workspace/zephyr/include/zephyr/bluetooth/uuid.h:179:9: note: in expansion of macro 'BT_BYTES_LIST_LE48'
  179 |         BT_BYTES_LIST_LE48(w48),\
      |         ^~~~~~~~~~~~~~~~~~
/home/raile/workspace/akira_workspace/AkiraOS/src/connectivity/bluetooth/bt_app_transfer.c:26:5: note: in expansion of macro 'BT_UUID_128_ENCODE'
   26 |     BT_UUID_128_ENCODE(0x414B4952, 0x0001, 0x0001, 0x0001, 0x000000000002)
      |     ^~~~~~~~~~~~~~~~~~
/home/raile/workspace/akira_workspace/AkiraOS/src/connectivity/bluetooth/bt_app_transfer.c:27:49: note: in expansion of macro 'BT_UUID_APP_RX_DATA_VAL'
   27 | #define BT_UUID_APP_RX_DATA BT_UUID_DECLARE_128(BT_UUID_APP_RX_DATA_VAL)
      |                                                 ^~~~~~~~~~~~~~~~~~~~~~~
/home/raile/workspace/akira_workspace/AkiraOS/src/connectivity/bluetooth/bt_app_transfer.c:84:47: note: in expansion of macro 'BT_UUID_APP_RX_DATA'
   84 |                        BT_GATT_CHARACTERISTIC(BT_UUID_APP_RX_DATA,
      |                                               ^~~~~~~~~~~~~~~~~~~
/home/raile/workspace/akira_workspace/zephyr/include/zephyr/bluetooth/byteorder.h:94:33: warning: right shift count >= width of type [-Wshift-count-overflow]
   94 |         BT_BYTES_LIST_LE16((_v) >> 32) \
      |                                 ^~
/home/raile/workspace/akira_workspace/zephyr/include/zephyr/bluetooth/gatt.h:844:54: note: in definition of macro 'BT_GATT_SERVICE_DEFINE'
  844 |         const struct bt_gatt_attr attr_##_name[] = { __VA_ARGS__ };     \
      |                                                      ^~~~~~~~~~~
/home/raile/workspace/akira_workspace/zephyr/include/zephyr/bluetooth/gatt.h:1006:9: note: in expansion of macro 'BT_GATT_ATTRIBUTE'
 1006 |         BT_GATT_ATTRIBUTE(_uuid, _perm, _read, _write, _user_data)
      |         ^~~~~~~~~~~~~~~~~
/home/raile/workspace/akira_workspace/AkiraOS/src/connectivity/bluetooth/bt_app_transfer.c:84:24: note: in expansion of macro 'BT_GATT_CHARACTERISTIC'
   84 |                        BT_GATT_CHARACTERISTIC(BT_UUID_APP_RX_DATA,
      |                        ^~~~~~~~~~~~~~~~~~~~~~
/home/raile/workspace/akira_workspace/zephyr/include/zephyr/bluetooth/uuid.h:134:66: note: in expansion of macro 'BT_UUID_INIT_128'
  134 |         ((const struct bt_uuid *) ((const struct bt_uuid_128[]) {BT_UUID_INIT_128(value)}))
      |                                                                  ^~~~~~~~~~~~~~~~
/home/raile/workspace/akira_workspace/AkiraOS/src/connectivity/bluetooth/bt_app_transfer.c:27:29: note: in expansion of macro 'BT_UUID_DECLARE_128'
   27 | #define BT_UUID_APP_RX_DATA BT_UUID_DECLARE_128(BT_UUID_APP_RX_DATA_VAL)
      |                             ^~~~~~~~~~~~~~~~~~~
/home/raile/workspace/akira_workspace/zephyr/include/zephyr/bluetooth/byteorder.h:94:9: note: in expansion of macro 'BT_BYTES_LIST_LE16'
   94 |         BT_BYTES_LIST_LE16((_v) >> 32) \
      |         ^~~~~~~~~~~~~~~~~~
/home/raile/workspace/akira_workspace/zephyr/include/zephyr/bluetooth/uuid.h:179:9: note: in expansion of macro 'BT_BYTES_LIST_LE48'
  179 |         BT_BYTES_LIST_LE48(w48),\
      |         ^~~~~~~~~~~~~~~~~~
/home/raile/workspace/akira_workspace/AkiraOS/src/connectivity/bluetooth/bt_app_transfer.c:26:5: note: in expansion of macro 'BT_UUID_128_ENCODE'
   26 |     BT_UUID_128_ENCODE(0x414B4952, 0x0001, 0x0001, 0x0001, 0x000000000002)
      |     ^~~~~~~~~~~~~~~~~~
/home/raile/workspace/akira_workspace/AkiraOS/src/connectivity/bluetooth/bt_app_transfer.c:27:49: note: in expansion of macro 'BT_UUID_APP_RX_DATA_VAL'
   27 | #define BT_UUID_APP_RX_DATA BT_UUID_DECLARE_128(BT_UUID_APP_RX_DATA_VAL)
      |                                                 ^~~~~~~~~~~~~~~~~~~~~~~
/home/raile/workspace/akira_workspace/AkiraOS/src/connectivity/bluetooth/bt_app_transfer.c:84:47: note: in expansion of macro 'BT_UUID_APP_RX_DATA'
   84 |                        BT_GATT_CHARACTERISTIC(BT_UUID_APP_RX_DATA,
      |                                               ^~~~~~~~~~~~~~~~~~~
/home/raile/workspace/akira_workspace/zephyr/include/zephyr/bluetooth/byteorder.h:94:33: warning: right shift count >= width of type [-Wshift-count-overflow]
   94 |         BT_BYTES_LIST_LE16((_v) >> 32) \
      |                                 ^~
/home/raile/workspace/akira_workspace/zephyr/include/zephyr/bluetooth/gatt.h:844:54: note: in definition of macro 'BT_GATT_SERVICE_DEFINE'
  844 |         const struct bt_gatt_attr attr_##_name[] = { __VA_ARGS__ };     \
      |                                                      ^~~~~~~~~~~
/home/raile/workspace/akira_workspace/zephyr/include/zephyr/bluetooth/gatt.h:1006:9: note: in expansion of macro 'BT_GATT_ATTRIBUTE'
 1006 |         BT_GATT_ATTRIBUTE(_uuid, _perm, _read, _write, _user_data)
      |         ^~~~~~~~~~~~~~~~~
/home/raile/workspace/akira_workspace/AkiraOS/src/connectivity/bluetooth/bt_app_transfer.c:84:24: note: in expansion of macro 'BT_GATT_CHARACTERISTIC'
   84 |                        BT_GATT_CHARACTERISTIC(BT_UUID_APP_RX_DATA,
      |                        ^~~~~~~~~~~~~~~~~~~~~~
/home/raile/workspace/akira_workspace/zephyr/include/zephyr/bluetooth/uuid.h:134:66: note: in expansion of macro 'BT_UUID_INIT_128'
  134 |         ((const struct bt_uuid *) ((const struct bt_uuid_128[]) {BT_UUID_INIT_128(value)}))
      |                                                                  ^~~~~~~~~~~~~~~~
/home/raile/workspace/akira_workspace/AkiraOS/src/connectivity/bluetooth/bt_app_transfer.c:27:29: note: in expansion of macro 'BT_UUID_DECLARE_128'
   27 | #define BT_UUID_APP_RX_DATA BT_UUID_DECLARE_128(BT_UUID_APP_RX_DATA_VAL)
      |                             ^~~~~~~~~~~~~~~~~~~
/home/raile/workspace/akira_workspace/zephyr/include/zephyr/bluetooth/byteorder.h:94:9: note: in expansion of macro 'BT_BYTES_LIST_LE16'
   94 |         BT_BYTES_LIST_LE16((_v) >> 32) \
      |         ^~~~~~~~~~~~~~~~~~
/home/raile/workspace/akira_workspace/zephyr/include/zephyr/bluetooth/uuid.h:179:9: note: in expansion of macro 'BT_BYTES_LIST_LE48'
  179 |         BT_BYTES_LIST_LE48(w48),\
      |         ^~~~~~~~~~~~~~~~~~
/home/raile/workspace/akira_workspace/AkiraOS/src/connectivity/bluetooth/bt_app_transfer.c:26:5: note: in expansion of macro 'BT_UUID_128_ENCODE'
   26 |     BT_UUID_128_ENCODE(0x414B4952, 0x0001, 0x0001, 0x0001, 0x000000000002)
      |     ^~~~~~~~~~~~~~~~~~
/home/raile/workspace/akira_workspace/AkiraOS/src/connectivity/bluetooth/bt_app_transfer.c:27:49: note: in expansion of macro 'BT_UUID_APP_RX_DATA_VAL'
   27 | #define BT_UUID_APP_RX_DATA BT_UUID_DECLARE_128(BT_UUID_APP_RX_DATA_VAL)
      |                                                 ^~~~~~~~~~~~~~~~~~~~~~~
/home/raile/workspace/akira_workspace/AkiraOS/src/connectivity/bluetooth/bt_app_transfer.c:84:47: note: in expansion of macro 'BT_UUID_APP_RX_DATA'
   84 |                        BT_GATT_CHARACTERISTIC(BT_UUID_APP_RX_DATA,
      |                                               ^~~~~~~~~~~~~~~~~~~
/home/raile/workspace/akira_workspace/zephyr/include/zephyr/bluetooth/byteorder.h:94:33: warning: right shift count >= width of type [-Wshift-count-overflow]
   94 |         BT_BYTES_LIST_LE16((_v) >> 32) \
      |                                 ^~
/home/raile/workspace/akira_workspace/zephyr/include/zephyr/bluetooth/gatt.h:844:54: note: in definition of macro 'BT_GATT_SERVICE_DEFINE'
  844 |         const struct bt_gatt_attr attr_##_name[] = { __VA_ARGS__ };     \
      |                                                      ^~~~~~~~~~~
/home/raile/workspace/akira_workspace/zephyr/include/zephyr/bluetooth/gatt.h:1001:9: note: in expansion of macro 'BT_GATT_ATTRIBUTE'
 1001 |         BT_GATT_ATTRIBUTE(BT_UUID_GATT_CHRC, BT_GATT_PERM_READ,                 \
      |         ^~~~~~~~~~~~~~~~~
/home/raile/workspace/akira_workspace/zephyr/include/zephyr/bluetooth/gatt.h:1004:33: note: in expansion of macro 'BT_GATT_CHRC_INIT'
 1004 |                                 BT_GATT_CHRC_INIT(_uuid, 0U, _props),           \
      |                                 ^~~~~~~~~~~~~~~~~
/home/raile/workspace/akira_workspace/AkiraOS/src/connectivity/bluetooth/bt_app_transfer.c:90:24: note: in expansion of macro 'BT_GATT_CHARACTERISTIC'
   90 |                        BT_GATT_CHARACTERISTIC(BT_UUID_APP_TX_STATUS,
      |                        ^~~~~~~~~~~~~~~~~~~~~~
/home/raile/workspace/akira_workspace/zephyr/include/zephyr/bluetooth/uuid.h:134:66: note: in expansion of macro 'BT_UUID_INIT_128'
  134 |         ((const struct bt_uuid *) ((const struct bt_uuid_128[]) {BT_UUID_INIT_128(value)}))
      |                                                                  ^~~~~~~~~~~~~~~~
/home/raile/workspace/akira_workspace/AkiraOS/src/connectivity/bluetooth/bt_app_transfer.c:31:31: note: in expansion of macro 'BT_UUID_DECLARE_128'
   31 | #define BT_UUID_APP_TX_STATUS BT_UUID_DECLARE_128(BT_UUID_APP_TX_STATUS_VAL)
      |                               ^~~~~~~~~~~~~~~~~~~
/home/raile/workspace/akira_workspace/zephyr/include/zephyr/bluetooth/byteorder.h:94:9: note: in expansion of macro 'BT_BYTES_LIST_LE16'
   94 |         BT_BYTES_LIST_LE16((_v) >> 32) \
      |         ^~~~~~~~~~~~~~~~~~
/home/raile/workspace/akira_workspace/zephyr/include/zephyr/bluetooth/uuid.h:179:9: note: in expansion of macro 'BT_BYTES_LIST_LE48'
  179 |         BT_BYTES_LIST_LE48(w48),\
      |         ^~~~~~~~~~~~~~~~~~
/home/raile/workspace/akira_workspace/AkiraOS/src/connectivity/bluetooth/bt_app_transfer.c:30:5: note: in expansion of macro 'BT_UUID_128_ENCODE'
   30 |     BT_UUID_128_ENCODE(0x414B4952, 0x0001, 0x0001, 0x0001, 0x000000000003)
      |     ^~~~~~~~~~~~~~~~~~
/home/raile/workspace/akira_workspace/AkiraOS/src/connectivity/bluetooth/bt_app_transfer.c:31:51: note: in expansion of macro 'BT_UUID_APP_TX_STATUS_VAL'
   31 | #define BT_UUID_APP_TX_STATUS BT_UUID_DECLARE_128(BT_UUID_APP_TX_STATUS_VAL)
      |                                                   ^~~~~~~~~~~~~~~~~~~~~~~~~
/home/raile/workspace/akira_workspace/AkiraOS/src/connectivity/bluetooth/bt_app_transfer.c:90:47: note: in expansion of macro 'BT_UUID_APP_TX_STATUS'
   90 |                        BT_GATT_CHARACTERISTIC(BT_UUID_APP_TX_STATUS,
      |                                               ^~~~~~~~~~~~~~~~~~~~~
/home/raile/workspace/akira_workspace/zephyr/include/zephyr/bluetooth/byteorder.h:94:33: warning: right shift count >= width of type [-Wshift-count-overflow]
   94 |         BT_BYTES_LIST_LE16((_v) >> 32) \
      |                                 ^~
/home/raile/workspace/akira_workspace/zephyr/include/zephyr/bluetooth/gatt.h:844:54: note: in definition of macro 'BT_GATT_SERVICE_DEFINE'
  844 |         const struct bt_gatt_attr attr_##_name[] = { __VA_ARGS__ };     \
      |                                                      ^~~~~~~~~~~
/home/raile/workspace/akira_workspace/zephyr/include/zephyr/bluetooth/gatt.h:1001:9: note: in expansion of macro 'BT_GATT_ATTRIBUTE'
 1001 |         BT_GATT_ATTRIBUTE(BT_UUID_GATT_CHRC, BT_GATT_PERM_READ,                 \
      |         ^~~~~~~~~~~~~~~~~
/home/raile/workspace/akira_workspace/zephyr/include/zephyr/bluetooth/gatt.h:1004:33: note: in expansion of macro 'BT_GATT_CHRC_INIT'
 1004 |                                 BT_GATT_CHRC_INIT(_uuid, 0U, _props),           \
      |                                 ^~~~~~~~~~~~~~~~~
/home/raile/workspace/akira_workspace/AkiraOS/src/connectivity/bluetooth/bt_app_transfer.c:90:24: note: in expansion of macro 'BT_GATT_CHARACTERISTIC'
   90 |                        BT_GATT_CHARACTERISTIC(BT_UUID_APP_TX_STATUS,
      |                        ^~~~~~~~~~~~~~~~~~~~~~
/home/raile/workspace/akira_workspace/zephyr/include/zephyr/bluetooth/uuid.h:134:66: note: in expansion of macro 'BT_UUID_INIT_128'
  134 |         ((const struct bt_uuid *) ((const struct bt_uuid_128[]) {BT_UUID_INIT_128(value)}))
      |                                                                  ^~~~~~~~~~~~~~~~
/home/raile/workspace/akira_workspace/AkiraOS/src/connectivity/bluetooth/bt_app_transfer.c:31:31: note: in expansion of macro 'BT_UUID_DECLARE_128'
   31 | #define BT_UUID_APP_TX_STATUS BT_UUID_DECLARE_128(BT_UUID_APP_TX_STATUS_VAL)
      |                               ^~~~~~~~~~~~~~~~~~~
/home/raile/workspace/akira_workspace/zephyr/include/zephyr/bluetooth/byteorder.h:94:9: note: in expansion of macro 'BT_BYTES_LIST_LE16'
   94 |         BT_BYTES_LIST_LE16((_v) >> 32) \
      |         ^~~~~~~~~~~~~~~~~~
/home/raile/workspace/akira_workspace/zephyr/include/zephyr/bluetooth/uuid.h:179:9: note: in expansion of macro 'BT_BYTES_LIST_LE48'
  179 |         BT_BYTES_LIST_LE48(w48),\
      |         ^~~~~~~~~~~~~~~~~~
/home/raile/workspace/akira_workspace/AkiraOS/src/connectivity/bluetooth/bt_app_transfer.c:30:5: note: in expansion of macro 'BT_UUID_128_ENCODE'
   30 |     BT_UUID_128_ENCODE(0x414B4952, 0x0001, 0x0001, 0x0001, 0x000000000003)
      |     ^~~~~~~~~~~~~~~~~~
/home/raile/workspace/akira_workspace/AkiraOS/src/connectivity/bluetooth/bt_app_transfer.c:31:51: note: in expansion of macro 'BT_UUID_APP_TX_STATUS_VAL'
   31 | #define BT_UUID_APP_TX_STATUS BT_UUID_DECLARE_128(BT_UUID_APP_TX_STATUS_VAL)
      |                                                   ^~~~~~~~~~~~~~~~~~~~~~~~~
/home/raile/workspace/akira_workspace/AkiraOS/src/connectivity/bluetooth/bt_app_transfer.c:90:47: note: in expansion of macro 'BT_UUID_APP_TX_STATUS'
   90 |                        BT_GATT_CHARACTERISTIC(BT_UUID_APP_TX_STATUS,
      |                                               ^~~~~~~~~~~~~~~~~~~~~
/home/raile/workspace/akira_workspace/zephyr/include/zephyr/bluetooth/byteorder.h:94:33: warning: right shift count >= width of type [-Wshift-count-overflow]
   94 |         BT_BYTES_LIST_LE16((_v) >> 32) \
      |                                 ^~
/home/raile/workspace/akira_workspace/zephyr/include/zephyr/bluetooth/gatt.h:844:54: note: in definition of macro 'BT_GATT_SERVICE_DEFINE'
  844 |         const struct bt_gatt_attr attr_##_name[] = { __VA_ARGS__ };     \
      |                                                      ^~~~~~~~~~~
/home/raile/workspace/akira_workspace/zephyr/include/zephyr/bluetooth/gatt.h:1006:9: note: in expansion of macro 'BT_GATT_ATTRIBUTE'
 1006 |         BT_GATT_ATTRIBUTE(_uuid, _perm, _read, _write, _user_data)
      |         ^~~~~~~~~~~~~~~~~
/home/raile/workspace/akira_workspace/AkiraOS/src/connectivity/bluetooth/bt_app_transfer.c:90:24: note: in expansion of macro 'BT_GATT_CHARACTERISTIC'
   90 |                        BT_GATT_CHARACTERISTIC(BT_UUID_APP_TX_STATUS,
      |                        ^~~~~~~~~~~~~~~~~~~~~~
/home/raile/workspace/akira_workspace/zephyr/include/zephyr/bluetooth/uuid.h:134:66: note: in expansion of macro 'BT_UUID_INIT_128'
  134 |         ((const struct bt_uuid *) ((const struct bt_uuid_128[]) {BT_UUID_INIT_128(value)}))
      |                                                                  ^~~~~~~~~~~~~~~~
/home/raile/workspace/akira_workspace/AkiraOS/src/connectivity/bluetooth/bt_app_transfer.c:31:31: note: in expansion of macro 'BT_UUID_DECLARE_128'
   31 | #define BT_UUID_APP_TX_STATUS BT_UUID_DECLARE_128(BT_UUID_APP_TX_STATUS_VAL)
      |                               ^~~~~~~~~~~~~~~~~~~
/home/raile/workspace/akira_workspace/zephyr/include/zephyr/bluetooth/byteorder.h:94:9: note: in expansion of macro 'BT_BYTES_LIST_LE16'
   94 |         BT_BYTES_LIST_LE16((_v) >> 32) \
      |         ^~~~~~~~~~~~~~~~~~
/home/raile/workspace/akira_workspace/zephyr/include/zephyr/bluetooth/uuid.h:179:9: note: in expansion of macro 'BT_BYTES_LIST_LE48'
  179 |         BT_BYTES_LIST_LE48(w48),\
      |         ^~~~~~~~~~~~~~~~~~
/home/raile/workspace/akira_workspace/AkiraOS/src/connectivity/bluetooth/bt_app_transfer.c:30:5: note: in expansion of macro 'BT_UUID_128_ENCODE'
   30 |     BT_UUID_128_ENCODE(0x414B4952, 0x0001, 0x0001, 0x0001, 0x000000000003)
      |     ^~~~~~~~~~~~~~~~~~
/home/raile/workspace/akira_workspace/AkiraOS/src/connectivity/bluetooth/bt_app_transfer.c:31:51: note: in expansion of macro 'BT_UUID_APP_TX_STATUS_VAL'
   31 | #define BT_UUID_APP_TX_STATUS BT_UUID_DECLARE_128(BT_UUID_APP_TX_STATUS_VAL)
      |                                                   ^~~~~~~~~~~~~~~~~~~~~~~~~
/home/raile/workspace/akira_workspace/AkiraOS/src/connectivity/bluetooth/bt_app_transfer.c:90:47: note: in expansion of macro 'BT_UUID_APP_TX_STATUS'
   90 |                        BT_GATT_CHARACTERISTIC(BT_UUID_APP_TX_STATUS,
      |                                               ^~~~~~~~~~~~~~~~~~~~~
/home/raile/workspace/akira_workspace/zephyr/include/zephyr/bluetooth/byteorder.h:94:33: warning: right shift count >= width of type [-Wshift-count-overflow]
   94 |         BT_BYTES_LIST_LE16((_v) >> 32) \
      |                                 ^~
/home/raile/workspace/akira_workspace/zephyr/include/zephyr/bluetooth/gatt.h:844:54: note: in definition of macro 'BT_GATT_SERVICE_DEFINE'
  844 |         const struct bt_gatt_attr attr_##_name[] = { __VA_ARGS__ };     \
      |                                                      ^~~~~~~~~~~
/home/raile/workspace/akira_workspace/zephyr/include/zephyr/bluetooth/gatt.h:1006:9: note: in expansion of macro 'BT_GATT_ATTRIBUTE'
 1006 |         BT_GATT_ATTRIBUTE(_uuid, _perm, _read, _write, _user_data)
      |         ^~~~~~~~~~~~~~~~~
/home/raile/workspace/akira_workspace/AkiraOS/src/connectivity/bluetooth/bt_app_transfer.c:90:24: note: in expansion of macro 'BT_GATT_CHARACTERISTIC'
   90 |                        BT_GATT_CHARACTERISTIC(BT_UUID_APP_TX_STATUS,
      |                        ^~~~~~~~~~~~~~~~~~~~~~
/home/raile/workspace/akira_workspace/zephyr/include/zephyr/bluetooth/uuid.h:134:66: note: in expansion of macro 'BT_UUID_INIT_128'
  134 |         ((const struct bt_uuid *) ((const struct bt_uuid_128[]) {BT_UUID_INIT_128(value)}))
      |                                                                  ^~~~~~~~~~~~~~~~
/home/raile/workspace/akira_workspace/AkiraOS/src/connectivity/bluetooth/bt_app_transfer.c:31:31: note: in expansion of macro 'BT_UUID_DECLARE_128'
   31 | #define BT_UUID_APP_TX_STATUS BT_UUID_DECLARE_128(BT_UUID_APP_TX_STATUS_VAL)
      |                               ^~~~~~~~~~~~~~~~~~~
/home/raile/workspace/akira_workspace/zephyr/include/zephyr/bluetooth/byteorder.h:94:9: note: in expansion of macro 'BT_BYTES_LIST_LE16'
   94 |         BT_BYTES_LIST_LE16((_v) >> 32) \
      |         ^~~~~~~~~~~~~~~~~~
/home/raile/workspace/akira_workspace/zephyr/include/zephyr/bluetooth/uuid.h:179:9: note: in expansion of macro 'BT_BYTES_LIST_LE48'
  179 |         BT_BYTES_LIST_LE48(w48),\
      |         ^~~~~~~~~~~~~~~~~~
/home/raile/workspace/akira_workspace/AkiraOS/src/connectivity/bluetooth/bt_app_transfer.c:30:5: note: in expansion of macro 'BT_UUID_128_ENCODE'
   30 |     BT_UUID_128_ENCODE(0x414B4952, 0x0001, 0x0001, 0x0001, 0x000000000003)
      |     ^~~~~~~~~~~~~~~~~~
/home/raile/workspace/akira_workspace/AkiraOS/src/connectivity/bluetooth/bt_app_transfer.c:31:51: note: in expansion of macro 'BT_UUID_APP_TX_STATUS_VAL'
   31 | #define BT_UUID_APP_TX_STATUS BT_UUID_DECLARE_128(BT_UUID_APP_TX_STATUS_VAL)
      |                                                   ^~~~~~~~~~~~~~~~~~~~~~~~~
/home/raile/workspace/akira_workspace/AkiraOS/src/connectivity/bluetooth/bt_app_transfer.c:90:47: note: in expansion of macro 'BT_UUID_APP_TX_STATUS'
   90 |                        BT_GATT_CHARACTERISTIC(BT_UUID_APP_TX_STATUS,
      |                                               ^~~~~~~~~~~~~~~~~~~~~
/home/raile/workspace/akira_workspace/zephyr/include/zephyr/bluetooth/byteorder.h:94:33: warning: right shift count >= width of type [-Wshift-count-overflow]
   94 |         BT_BYTES_LIST_LE16((_v) >> 32) \
      |                                 ^~
/home/raile/workspace/akira_workspace/zephyr/include/zephyr/bluetooth/gatt.h:844:54: note: in definition of macro 'BT_GATT_SERVICE_DEFINE'
  844 |         const struct bt_gatt_attr attr_##_name[] = { __VA_ARGS__ };     \
      |                                                      ^~~~~~~~~~~
/home/raile/workspace/akira_workspace/zephyr/include/zephyr/bluetooth/gatt.h:1001:9: note: in expansion of macro 'BT_GATT_ATTRIBUTE'
 1001 |         BT_GATT_ATTRIBUTE(BT_UUID_GATT_CHRC, BT_GATT_PERM_READ,                 \
      |         ^~~~~~~~~~~~~~~~~
/home/raile/workspace/akira_workspace/zephyr/include/zephyr/bluetooth/gatt.h:1004:33: note: in expansion of macro 'BT_GATT_CHRC_INIT'
 1004 |                                 BT_GATT_CHRC_INIT(_uuid, 0U, _props),           \
      |                                 ^~~~~~~~~~~~~~~~~
/home/raile/workspace/akira_workspace/AkiraOS/src/connectivity/bluetooth/bt_app_transfer.c:98:24: note: in expansion of macro 'BT_GATT_CHARACTERISTIC'
   98 |                        BT_GATT_CHARACTERISTIC(BT_UUID_APP_CONTROL,
      |                        ^~~~~~~~~~~~~~~~~~~~~~
/home/raile/workspace/akira_workspace/zephyr/include/zephyr/bluetooth/uuid.h:134:66: note: in expansion of macro 'BT_UUID_INIT_128'
  134 |         ((const struct bt_uuid *) ((const struct bt_uuid_128[]) {BT_UUID_INIT_128(value)}))
      |                                                                  ^~~~~~~~~~~~~~~~
/home/raile/workspace/akira_workspace/AkiraOS/src/connectivity/bluetooth/bt_app_transfer.c:35:29: note: in expansion of macro 'BT_UUID_DECLARE_128'
   35 | #define BT_UUID_APP_CONTROL BT_UUID_DECLARE_128(BT_UUID_APP_CONTROL_VAL)
      |                             ^~~~~~~~~~~~~~~~~~~
/home/raile/workspace/akira_workspace/zephyr/include/zephyr/bluetooth/byteorder.h:94:9: note: in expansion of macro 'BT_BYTES_LIST_LE16'
   94 |         BT_BYTES_LIST_LE16((_v) >> 32) \
      |         ^~~~~~~~~~~~~~~~~~
/home/raile/workspace/akira_workspace/zephyr/include/zephyr/bluetooth/uuid.h:179:9: note: in expansion of macro 'BT_BYTES_LIST_LE48'
  179 |         BT_BYTES_LIST_LE48(w48),\
      |         ^~~~~~~~~~~~~~~~~~
/home/raile/workspace/akira_workspace/AkiraOS/src/connectivity/bluetooth/bt_app_transfer.c:34:5: note: in expansion of macro 'BT_UUID_128_ENCODE'
   34 |     BT_UUID_128_ENCODE(0x414B4952, 0x0001, 0x0001, 0x0001, 0x000000000004)
      |     ^~~~~~~~~~~~~~~~~~
/home/raile/workspace/akira_workspace/AkiraOS/src/connectivity/bluetooth/bt_app_transfer.c:35:49: note: in expansion of macro 'BT_UUID_APP_CONTROL_VAL'
   35 | #define BT_UUID_APP_CONTROL BT_UUID_DECLARE_128(BT_UUID_APP_CONTROL_VAL)
      |                                                 ^~~~~~~~~~~~~~~~~~~~~~~
/home/raile/workspace/akira_workspace/AkiraOS/src/connectivity/bluetooth/bt_app_transfer.c:98:47: note: in expansion of macro 'BT_UUID_APP_CONTROL'
   98 |                        BT_GATT_CHARACTERISTIC(BT_UUID_APP_CONTROL,
      |                                               ^~~~~~~~~~~~~~~~~~~
/home/raile/workspace/akira_workspace/zephyr/include/zephyr/bluetooth/byteorder.h:94:33: warning: right shift count >= width of type [-Wshift-count-overflow]
   94 |         BT_BYTES_LIST_LE16((_v) >> 32) \
      |                                 ^~
/home/raile/workspace/akira_workspace/zephyr/include/zephyr/bluetooth/gatt.h:844:54: note: in definition of macro 'BT_GATT_SERVICE_DEFINE'
  844 |         const struct bt_gatt_attr attr_##_name[] = { __VA_ARGS__ };     \
      |                                                      ^~~~~~~~~~~
/home/raile/workspace/akira_workspace/zephyr/include/zephyr/bluetooth/gatt.h:1001:9: note: in expansion of macro 'BT_GATT_ATTRIBUTE'
 1001 |         BT_GATT_ATTRIBUTE(BT_UUID_GATT_CHRC, BT_GATT_PERM_READ,                 \
      |         ^~~~~~~~~~~~~~~~~
/home/raile/workspace/akira_workspace/zephyr/include/zephyr/bluetooth/gatt.h:1004:33: note: in expansion of macro 'BT_GATT_CHRC_INIT'
 1004 |                                 BT_GATT_CHRC_INIT(_uuid, 0U, _props),           \
      |                                 ^~~~~~~~~~~~~~~~~
/home/raile/workspace/akira_workspace/AkiraOS/src/connectivity/bluetooth/bt_app_transfer.c:98:24: note: in expansion of macro 'BT_GATT_CHARACTERISTIC'
   98 |                        BT_GATT_CHARACTERISTIC(BT_UUID_APP_CONTROL,
      |                        ^~~~~~~~~~~~~~~~~~~~~~
/home/raile/workspace/akira_workspace/zephyr/include/zephyr/bluetooth/uuid.h:134:66: note: in expansion of macro 'BT_UUID_INIT_128'
  134 |         ((const struct bt_uuid *) ((const struct bt_uuid_128[]) {BT_UUID_INIT_128(value)}))
      |                                                                  ^~~~~~~~~~~~~~~~
/home/raile/workspace/akira_workspace/AkiraOS/src/connectivity/bluetooth/bt_app_transfer.c:35:29: note: in expansion of macro 'BT_UUID_DECLARE_128'
   35 | #define BT_UUID_APP_CONTROL BT_UUID_DECLARE_128(BT_UUID_APP_CONTROL_VAL)
      |                             ^~~~~~~~~~~~~~~~~~~
/home/raile/workspace/akira_workspace/zephyr/include/zephyr/bluetooth/byteorder.h:94:9: note: in expansion of macro 'BT_BYTES_LIST_LE16'
   94 |         BT_BYTES_LIST_LE16((_v) >> 32) \
      |         ^~~~~~~~~~~~~~~~~~
/home/raile/workspace/akira_workspace/zephyr/include/zephyr/bluetooth/uuid.h:179:9: note: in expansion of macro 'BT_BYTES_LIST_LE48'
  179 |         BT_BYTES_LIST_LE48(w48),\
      |         ^~~~~~~~~~~~~~~~~~
/home/raile/workspace/akira_workspace/AkiraOS/src/connectivity/bluetooth/bt_app_transfer.c:34:5: note: in expansion of macro 'BT_UUID_128_ENCODE'
   34 |     BT_UUID_128_ENCODE(0x414B4952, 0x0001, 0x0001, 0x0001, 0x000000000004)
      |     ^~~~~~~~~~~~~~~~~~
/home/raile/workspace/akira_workspace/AkiraOS/src/connectivity/bluetooth/bt_app_transfer.c:35:49: note: in expansion of macro 'BT_UUID_APP_CONTROL_VAL'
   35 | #define BT_UUID_APP_CONTROL BT_UUID_DECLARE_128(BT_UUID_APP_CONTROL_VAL)
      |                                                 ^~~~~~~~~~~~~~~~~~~~~~~
/home/raile/workspace/akira_workspace/AkiraOS/src/connectivity/bluetooth/bt_app_transfer.c:98:47: note: in expansion of macro 'BT_UUID_APP_CONTROL'
   98 |                        BT_GATT_CHARACTERISTIC(BT_UUID_APP_CONTROL,
      |                                               ^~~~~~~~~~~~~~~~~~~
/home/raile/workspace/akira_workspace/zephyr/include/zephyr/bluetooth/byteorder.h:94:33: warning: right shift count >= width of type [-Wshift-count-overflow]
   94 |         BT_BYTES_LIST_LE16((_v) >> 32) \
      |                                 ^~
/home/raile/workspace/akira_workspace/zephyr/include/zephyr/bluetooth/gatt.h:844:54: note: in definition of macro 'BT_GATT_SERVICE_DEFINE'
  844 |         const struct bt_gatt_attr attr_##_name[] = { __VA_ARGS__ };     \
      |                                                      ^~~~~~~~~~~
/home/raile/workspace/akira_workspace/zephyr/include/zephyr/bluetooth/gatt.h:1006:9: note: in expansion of macro 'BT_GATT_ATTRIBUTE'
 1006 |         BT_GATT_ATTRIBUTE(_uuid, _perm, _read, _write, _user_data)
      |         ^~~~~~~~~~~~~~~~~
/home/raile/workspace/akira_workspace/AkiraOS/src/connectivity/bluetooth/bt_app_transfer.c:98:24: note: in expansion of macro 'BT_GATT_CHARACTERISTIC'
   98 |                        BT_GATT_CHARACTERISTIC(BT_UUID_APP_CONTROL,
      |                        ^~~~~~~~~~~~~~~~~~~~~~
/home/raile/workspace/akira_workspace/zephyr/include/zephyr/bluetooth/uuid.h:134:66: note: in expansion of macro 'BT_UUID_INIT_128'
  134 |         ((const struct bt_uuid *) ((const struct bt_uuid_128[]) {BT_UUID_INIT_128(value)}))
      |                                                                  ^~~~~~~~~~~~~~~~
/home/raile/workspace/akira_workspace/AkiraOS/src/connectivity/bluetooth/bt_app_transfer.c:35:29: note: in expansion of macro 'BT_UUID_DECLARE_128'
   35 | #define BT_UUID_APP_CONTROL BT_UUID_DECLARE_128(BT_UUID_APP_CONTROL_VAL)
      |                             ^~~~~~~~~~~~~~~~~~~
/home/raile/workspace/akira_workspace/zephyr/include/zephyr/bluetooth/byteorder.h:94:9: note: in expansion of macro 'BT_BYTES_LIST_LE16'
   94 |         BT_BYTES_LIST_LE16((_v) >> 32) \
      |         ^~~~~~~~~~~~~~~~~~
/home/raile/workspace/akira_workspace/zephyr/include/zephyr/bluetooth/uuid.h:179:9: note: in expansion of macro 'BT_BYTES_LIST_LE48'
  179 |         BT_BYTES_LIST_LE48(w48),\
      |         ^~~~~~~~~~~~~~~~~~
/home/raile/workspace/akira_workspace/AkiraOS/src/connectivity/bluetooth/bt_app_transfer.c:34:5: note: in expansion of macro 'BT_UUID_128_ENCODE'
   34 |     BT_UUID_128_ENCODE(0x414B4952, 0x0001, 0x0001, 0x0001, 0x000000000004)
      |     ^~~~~~~~~~~~~~~~~~
/home/raile/workspace/akira_workspace/AkiraOS/src/connectivity/bluetooth/bt_app_transfer.c:35:49: note: in expansion of macro 'BT_UUID_APP_CONTROL_VAL'
   35 | #define BT_UUID_APP_CONTROL BT_UUID_DECLARE_128(BT_UUID_APP_CONTROL_VAL)
      |                                                 ^~~~~~~~~~~~~~~~~~~~~~~
/home/raile/workspace/akira_workspace/AkiraOS/src/connectivity/bluetooth/bt_app_transfer.c:98:47: note: in expansion of macro 'BT_UUID_APP_CONTROL'
   98 |                        BT_GATT_CHARACTERISTIC(BT_UUID_APP_CONTROL,
      |                                               ^~~~~~~~~~~~~~~~~~~
/home/raile/workspace/akira_workspace/zephyr/include/zephyr/bluetooth/byteorder.h:94:33: warning: right shift count >= width of type [-Wshift-count-overflow]
   94 |         BT_BYTES_LIST_LE16((_v) >> 32) \
      |                                 ^~
/home/raile/workspace/akira_workspace/zephyr/include/zephyr/bluetooth/gatt.h:844:54: note: in definition of macro 'BT_GATT_SERVICE_DEFINE'
  844 |         const struct bt_gatt_attr attr_##_name[] = { __VA_ARGS__ };     \
      |                                                      ^~~~~~~~~~~
/home/raile/workspace/akira_workspace/zephyr/include/zephyr/bluetooth/gatt.h:1006:9: note: in expansion of macro 'BT_GATT_ATTRIBUTE'
 1006 |         BT_GATT_ATTRIBUTE(_uuid, _perm, _read, _write, _user_data)
      |         ^~~~~~~~~~~~~~~~~
/home/raile/workspace/akira_workspace/AkiraOS/src/connectivity/bluetooth/bt_app_transfer.c:98:24: note: in expansion of macro 'BT_GATT_CHARACTERISTIC'
   98 |                        BT_GATT_CHARACTERISTIC(BT_UUID_APP_CONTROL,
      |                        ^~~~~~~~~~~~~~~~~~~~~~
/home/raile/workspace/akira_workspace/zephyr/include/zephyr/bluetooth/uuid.h:134:66: note: in expansion of macro 'BT_UUID_INIT_128'
  134 |         ((const struct bt_uuid *) ((const struct bt_uuid_128[]) {BT_UUID_INIT_128(value)}))
      |                                                                  ^~~~~~~~~~~~~~~~
/home/raile/workspace/akira_workspace/AkiraOS/src/connectivity/bluetooth/bt_app_transfer.c:35:29: note: in expansion of macro 'BT_UUID_DECLARE_128'
   35 | #define BT_UUID_APP_CONTROL BT_UUID_DECLARE_128(BT_UUID_APP_CONTROL_VAL)
      |                             ^~~~~~~~~~~~~~~~~~~
/home/raile/workspace/akira_workspace/zephyr/include/zephyr/bluetooth/byteorder.h:94:9: note: in expansion of macro 'BT_BYTES_LIST_LE16'
   94 |         BT_BYTES_LIST_LE16((_v) >> 32) \
      |         ^~~~~~~~~~~~~~~~~~
/home/raile/workspace/akira_workspace/zephyr/include/zephyr/bluetooth/uuid.h:179:9: note: in expansion of macro 'BT_BYTES_LIST_LE48'
  179 |         BT_BYTES_LIST_LE48(w48),\
      |         ^~~~~~~~~~~~~~~~~~
/home/raile/workspace/akira_workspace/AkiraOS/src/connectivity/bluetooth/bt_app_transfer.c:34:5: note: in expansion of macro 'BT_UUID_128_ENCODE'
   34 |     BT_UUID_128_ENCODE(0x414B4952, 0x0001, 0x0001, 0x0001, 0x000000000004)
      |     ^~~~~~~~~~~~~~~~~~
/home/raile/workspace/akira_workspace/AkiraOS/src/connectivity/bluetooth/bt_app_transfer.c:35:49: note: in expansion of macro 'BT_UUID_APP_CONTROL_VAL'
   35 | #define BT_UUID_APP_CONTROL BT_UUID_DECLARE_128(BT_UUID_APP_CONTROL_VAL)
      |                                                 ^~~~~~~~~~~~~~~~~~~~~~~
/home/raile/workspace/akira_workspace/AkiraOS/src/connectivity/bluetooth/bt_app_transfer.c:98:47: note: in expansion of macro 'BT_UUID_APP_CONTROL'
   98 |                        BT_GATT_CHARACTERISTIC(BT_UUID_APP_CONTROL,
      |                                               ^~~~~~~~~~~~~~~~~~~
[147/864] Building C object zephyr/CMakeFiles/zephyr.dir/lib/os/clock.c.obj
[148/864] Building C object zephyr/CMakeFiles/zephyr.dir/lib/utils/hex.c.obj
[149/864] Building C object zephyr/CMakeFiles/zephyr.dir/lib/os/assert.c.obj
[150/864] Building C object zephyr/CMakeFiles/zephyr.dir/lib/os/reboot.c.obj
[151/864] Building C object zephyr/CMakeFiles/zephyr.dir/lib/utils/bitmask.c.obj
[152/864] Building C object zephyr/CMakeFiles/zephyr.dir/misc/generated/configs.c.obj
[153/864] Building C object zephyr/CMakeFiles/zephyr.dir/lib/os/fdtable.c.obj
[154/864] Building C object zephyr/CMakeFiles/zephyr.dir/lib/utils/ring_buffer.c.obj
[155/864] Building C object zephyr/CMakeFiles/zephyr.dir/lib/os/cbprintf_packaged.c.obj
[156/864] Building C object zephyr/CMakeFiles/zephyr.dir/lib/utils/timeutil.c.obj
[157/864] Building C object zephyr/CMakeFiles/zephyr.dir/soc/espressif/common/esp_psram.c.obj
[158/864] Building C object zephyr/CMakeFiles/zephyr.dir/soc/espressif/esp32s3/soc_cache.c.obj
[159/864] Linking C static library app/libapp.a
[160/864] Building C object zephyr/CMakeFiles/zephyr.dir/soc/espressif/esp32s3/soc.c.obj
[161/864] Building C object zephyr/CMakeFiles/zephyr.dir/soc/espressif/esp32s3/esp32s3-mp.c.obj
[162/864] Building C object zephyr/CMakeFiles/zephyr.dir/lib/os/mpsc_pbuf.c.obj
[163/864] Building C object zephyr/CMakeFiles/zephyr.dir/subsys/logging/log_cache.c.obj
[164/864] Building C object zephyr/CMakeFiles/zephyr.dir/subsys/stats/stats.c.obj
[165/864] Building C object zephyr/CMakeFiles/zephyr.dir/lib/os/cbprintf_complete.c.obj
[166/864] Building C object zephyr/CMakeFiles/zephyr.dir/subsys/storage/flash_map/flash_map_layout.c.obj
[167/864] Building C object zephyr/CMakeFiles/zephyr.dir/lib/utils/rb.c.obj
[168/864] Building C object zephyr/CMakeFiles/zephyr.dir/lib/utils/bitarray.c.obj
[169/864] Building C object zephyr/CMakeFiles/zephyr.dir/subsys/storage/flash_map/flash_map_default.c.obj
[170/864] Building C object zephyr/CMakeFiles/zephyr.dir/subsys/storage/flash_map/flash_map.c.obj
[171/864] Building C object zephyr/CMakeFiles/zephyr.dir/subsys/logging/log_msg.c.obj
[172/864] Building C object zephyr/CMakeFiles/zephyr.dir/subsys/storage/flash_map/flash_map_integrity.c.obj
[173/864] Building C object zephyr/CMakeFiles/zephyr.dir/subsys/logging/log_core.c.obj
[174/864] Building C object zephyr/CMakeFiles/zephyr.dir/subsys/logging/log_mgmt.c.obj
[175/864] Building C object zephyr/CMakeFiles/zephyr.dir/soc/espressif/common/loader.c.obj
[176/864] Building C object zephyr/CMakeFiles/zephyr.dir/subsys/tracing/tracing_none.c.obj
[177/864] Building C object zephyr/CMakeFiles/zephyr.dir/subsys/logging/log_output.c.obj
[178/864] Building C object zephyr/CMakeFiles/zephyr.dir/subsys/bluetooth/services/bas/bas.c.obj
[179/864] Building C object zephyr/CMakeFiles/zephyr.dir/subsys/dfu/img_util/flash_img.c.obj
[180/864] Building C object zephyr/CMakeFiles/zephyr.dir/subsys/storage/stream/stream_flash.c.obj
[181/864] Building C object zephyr/CMakeFiles/zephyr.dir/subsys/net/lib/utils/addr_utils.c.obj
[182/864] Building C object zephyr/CMakeFiles/zephyr.dir/subsys/disk/disk_access.c.obj
[183/864] Building C object zephyr/CMakeFiles/zephyr.dir/subsys/fs/nvs/nvs.c.obj
[184/864] Building C object zephyr/CMakeFiles/zephyr.dir/subsys/net/lib/sntp/sntp_simple.c.obj
[185/864] Building C object zephyr/CMakeFiles/zephyr.dir/subsys/settings/src/settings_init.c.obj
[186/864] Building C object zephyr/CMakeFiles/zephyr.dir/subsys/settings/src/settings_store.c.obj
[187/864] Building C object zephyr/CMakeFiles/zephyr.dir/subsys/shell/modules/kernel_service/kernel_shell.c.obj
[188/864] Building C object zephyr/CMakeFiles/zephyr.dir/subsys/shell/modules/kernel_service/sleep.c.obj
[189/864] Building C object zephyr/CMakeFiles/zephyr.dir/subsys/shell/modules/kernel_service/cycles.c.obj
[190/864] Building C object zephyr/CMakeFiles/zephyr.dir/subsys/shell/modules/kernel_service/version.c.obj
[191/864] Building C object zephyr/CMakeFiles/zephyr.dir/subsys/settings/src/settings_nvs.c.obj
[192/864] Building C object zephyr/CMakeFiles/zephyr.dir/subsys/settings/src/settings_line.c.obj
[193/864] Building C object zephyr/CMakeFiles/zephyr.dir/subsys/shell/modules/kernel_service/uptime.c.obj
[194/864] Building C object zephyr/CMakeFiles/zephyr.dir/subsys/settings/src/settings.c.obj
[195/864] Building C object zephyr/CMakeFiles/zephyr.dir/subsys/shell/modules/kernel_service/heap.c.obj
[196/864] Building C object zephyr/CMakeFiles/zephyr.dir/subsys/net/lib/sntp/sntp.c.obj
[197/864] Building C object zephyr/CMakeFiles/zephyr.dir/subsys/shell/modules/kernel_service/thread/thread.c.obj
[198/864] Building C object zephyr/CMakeFiles/zephyr.dir/subsys/shell/modules/kernel_service/log-level.c.obj
[199/864] Building C object zephyr/CMakeFiles/zephyr.dir/subsys/shell/modules/kernel_service/thread/suspend.c.obj
[200/864] Building C object zephyr/CMakeFiles/zephyr.dir/subsys/shell/modules/kernel_service/reboot.c.obj
[201/864] Building C object zephyr/CMakeFiles/zephyr.dir/subsys/shell/modules/kernel_service/thread/resume.c.obj
[202/864] Building C object zephyr/CMakeFiles/zephyr.dir/subsys/shell/modules/kernel_service/thread/list.c.obj
[203/864] Building C object zephyr/CMakeFiles/zephyr.dir/subsys/shell/modules/kernel_service/thread/stacks.c.obj
[204/864] Building C object zephyr/CMakeFiles/zephyr.dir/subsys/shell/modules/kernel_service/thread/kill.c.obj
[205/864] Building C object zephyr/CMakeFiles/zephyr.dir/subsys/shell/modules/date_service.c.obj
[206/864] Building C object zephyr/CMakeFiles/zephyr.dir/subsys/shell/modules/device_service.c.obj
[207/864] Building C object zephyr/CMakeFiles/zephyr.dir/subsys/shell/modules/app_version_service.c.obj
[208/864] Building C object zephyr/CMakeFiles/zephyr.dir/subsys/shell/shell_fprintf.c.obj
[209/864] Building C object zephyr/CMakeFiles/zephyr.dir/subsys/shell/modules/devmem_service.c.obj
[210/864] Building C object zephyr/CMakeFiles/zephyr.dir/subsys/shell/backends/shell_uart.c.obj
[211/864] Building C object zephyr/CMakeFiles/zephyr.dir/subsys/shell/shell_history.c.obj
[212/864] Building C object zephyr/CMakeFiles/zephyr.dir/home/raile/workspace/akira_workspace/modules/hal/espressif/components/efuse/esp32s3/esp_efuse_table.c.obj
[213/864] Building C object zephyr/CMakeFiles/zephyr.dir/subsys/shell/shell_help.c.obj
[214/864] Building C object zephyr/CMakeFiles/zephyr.dir/subsys/shell/shell_log_backend.c.obj
[215/864] Building C object zephyr/CMakeFiles/zephyr.dir/subsys/shell/shell_wildcard.c.obj
[216/864] Building C object zephyr/CMakeFiles/zephyr.dir/home/raile/workspace/akira_workspace/modules/hal/espressif/components/efuse/esp32s3/esp_efuse_utility.c.obj
[217/864] Building C object zephyr/CMakeFiles/zephyr.dir/drivers/flash/flash_util.c.obj
[218/864] Building C object zephyr/CMakeFiles/zephyr.dir/home/raile/workspace/akira_workspace/modules/hal/espressif/components/hal/spi_flash_encrypt_hal_iram.c.obj
[219/864] Building C object zephyr/CMakeFiles/zephyr.dir/drivers/mipi_dbi/mipi_dbi_spi.c.obj
[220/864] Building C object zephyr/CMakeFiles/zephyr.dir/home/raile/workspace/akira_workspace/modules/hal/espressif/components/efuse/src/efuse_controller/keys/with_key_purposes/esp_efuse_api_key.c.obj
[221/864] Building C object zephyr/CMakeFiles/zephyr.dir/subsys/shell/shell_utils.c.obj
[222/864] Building C object zephyr/CMakeFiles/zephyr.dir/subsys/shell/backends/shell_telnet.c.obj
[223/864] Building C object zephyr/CMakeFiles/zephyr.dir/subsys/shell/shell_cmds.c.obj
[224/864] Building C object zephyr/CMakeFiles/zephyr.dir/home/raile/workspace/akira_workspace/modules/hal/espressif/components/efuse/src/esp_efuse_api.c.obj
[225/864] Building C object zephyr/CMakeFiles/zephyr.dir/subsys/shell/shell_ops.c.obj
[226/864] Building C object zephyr/CMakeFiles/zephyr.dir/home/raile/workspace/akira_workspace/modules/hal/espressif/components/bootloader_support/src/flash_encrypt.c.obj
[227/864] Building C object zephyr/CMakeFiles/zephyr.dir/home/raile/workspace/akira_workspace/modules/hal/espressif/components/esp_hw_support/esp_gpio_reserve.c.obj
[228/864] Building C object zephyr/CMakeFiles/zephyr.dir/home/raile/workspace/akira_workspace/modules/hal/espressif/components/efuse/src/esp_efuse_utility.c.obj
[229/864] Building C object zephyr/CMakeFiles/zephyr.dir/home/raile/workspace/akira_workspace/modules/hal/espressif/components/hal/spi_flash_hal.c.obj
[230/864] Building C object zephyr/CMakeFiles/zephyr.dir/home/raile/workspace/akira_workspace/modules/hal/espressif/components/spi_flash/spi_flash_chip_boya.c.obj
[231/864] Building C object zephyr/CMakeFiles/zephyr.dir/home/raile/workspace/akira_workspace/modules/hal/espressif/components/spi_flash/spi_flash_chip_drivers.c.obj
[232/864] Building C object zephyr/CMakeFiles/zephyr.dir/home/raile/workspace/akira_workspace/modules/hal/espressif/components/spi_flash/spi_flash_chip_issi.c.obj
[233/864] Building C object zephyr/CMakeFiles/zephyr.dir/home/raile/workspace/akira_workspace/modules/hal/espressif/components/hal/spi_flash_hal_gpspi.c.obj
[234/864] Building C object zephyr/CMakeFiles/zephyr.dir/home/raile/workspace/akira_workspace/modules/hal/espressif/components/spi_flash/spi_flash_chip_gd.c.obj
[235/864] Building C object zephyr/CMakeFiles/zephyr.dir/home/raile/workspace/akira_workspace/modules/hal/espressif/components/spi_flash/spi_flash_chip_th.c.obj
[236/864] Building C object zephyr/CMakeFiles/zephyr.dir/home/raile/workspace/akira_workspace/modules/hal/espressif/components/hal/spi_flash_hal_iram.c.obj
[237/864] Building C object zephyr/CMakeFiles/zephyr.dir/home/raile/workspace/akira_workspace/modules/hal/espressif/components/spi_flash/esp32s3/spi_flash_oct_flash_init.c.obj
[238/864] Building C object zephyr/CMakeFiles/zephyr.dir/home/raile/workspace/akira_workspace/modules/hal/espressif/components/spi_flash/spi_flash_os_func_noos.c.obj
[239/864] Building C object zephyr/CMakeFiles/zephyr.dir/home/raile/workspace/akira_workspace/modules/hal/espressif/components/spi_flash/spi_flash_hpm_enable.c.obj
[240/864] Building C object zephyr/CMakeFiles/zephyr.dir/home/raile/workspace/akira_workspace/modules/hal/espressif/components/spi_flash/flash_ops.c.obj
[241/864] Building C object zephyr/CMakeFiles/zephyr.dir/home/raile/workspace/akira_workspace/modules/hal/espressif/components/spi_flash/memspi_host_driver.c.obj
[242/864] Building C object zephyr/CMakeFiles/zephyr.dir/subsys/shell/shell.c.obj
[243/864] Building C object zephyr/CMakeFiles/zephyr.dir/home/raile/workspace/akira_workspace/modules/hal/espressif/components/spi_flash/flash_mmap.c.obj
[244/864] Building C object zephyr/CMakeFiles/zephyr.dir/home/raile/workspace/akira_workspace/modules/hal/espressif/components/spi_flash/spi_flash_chip_winbond.c.obj
[245/864] Building C object zephyr/CMakeFiles/zephyr.dir/home/raile/workspace/akira_workspace/modules/hal/espressif/components/spi_flash/spi_flash_chip_mxic.c.obj
[246/864] Building C object zephyr/CMakeFiles/zephyr.dir/home/raile/workspace/akira_workspace/modules/hal/espressif/components/spi_flash/spi_flash_wrap.c.obj
[247/864] Building C object zephyr/CMakeFiles/zephyr.dir/home/raile/workspace/akira_workspace/modules/hal/espressif/components/soc/lldesc.c.obj
[248/864] Building C object zephyr/CMakeFiles/zephyr.dir/home/raile/workspace/akira_workspace/modules/hal/espressif/components/spi_flash/spi_flash_chip_mxic_opi.c.obj
[249/864] Building C object zephyr/CMakeFiles/zephyr.dir/home/raile/workspace/akira_workspace/modules/hal/espressif/components/hal/uart_hal_iram.c.obj
[250/864] Building C object zephyr/CMakeFiles/zephyr.dir/home/raile/workspace/akira_workspace/modules/hal/espressif/components/hal/gdma_hal.c.obj
[251/864] Building C object zephyr/CMakeFiles/zephyr.dir/home/raile/workspace/akira_workspace/modules/hal/espressif/components/hal/spi_hal.c.obj
[252/864] Building C object zephyr/CMakeFiles/zephyr.dir/home/raile/workspace/akira_workspace/modules/hal/espressif/components/hal/ledc_hal_iram.c.obj
[253/864] Building C object zephyr/CMakeFiles/zephyr.dir/home/raile/workspace/akira_workspace/modules/hal/espressif/components/hal/uart_hal.c.obj
[254/864] Building C object zephyr/CMakeFiles/zephyr.dir/home/raile/workspace/akira_workspace/modules/hal/espressif/components/hal/i2c_hal_iram.c.obj
[255/864] Building C object zephyr/CMakeFiles/zephyr.dir/home/raile/workspace/akira_workspace/modules/hal/espressif/components/hal/ledc_hal.c.obj
[256/864] Building C object zephyr/CMakeFiles/zephyr.dir/home/raile/workspace/akira_workspace/modules/hal/espressif/components/spi_flash/spi_flash_os_func_app.c.obj
[257/864] Building C object zephyr/CMakeFiles/zephyr.dir/home/raile/workspace/akira_workspace/modules/hal/espressif/components/spi_flash/esp_flash_spi_init.c.obj
[258/864] Building C object zephyr/CMakeFiles/zephyr.dir/home/raile/workspace/akira_workspace/modules/hal/espressif/components/esp_adc/adc_cali.c.obj
[259/864] Building C object zephyr/CMakeFiles/zephyr.dir/home/raile/workspace/akira_workspace/modules/hal/espressif/components/hal/i2c_hal.c.obj
[260/864] Building C object zephyr/CMakeFiles/zephyr.dir/home/raile/workspace/akira_workspace/modules/hal/espressif/components/soc/esp32s3/adc_periph.c.obj
[261/864] Building C object zephyr/CMakeFiles/zephyr.dir/home/raile/workspace/akira_workspace/modules/hal/espressif/components/spi_flash/spi_flash_chip_generic.c.obj
[262/864] Building C object zephyr/CMakeFiles/zephyr.dir/home/raile/workspace/akira_workspace/modules/hal/espressif/components/hal/spi_hal_iram.c.obj
[263/864] Building C object zephyr/CMakeFiles/zephyr.dir/home/raile/workspace/akira_workspace/modules/hal/espressif/components/esp_adc/esp32s3/curve_fitting_coefficients.c.obj
[264/864] Building C object zephyr/CMakeFiles/zephyr.dir/home/raile/workspace/akira_workspace/modules/hal/espressif/components/hal/rtc_io_hal.c.obj
[265/864] Building C object zephyr/CMakeFiles/zephyr.dir/home/raile/workspace/akira_workspace/modules/hal/espressif/components/hal/usb_wrap_hal.c.obj
[266/864] Building C object zephyr/CMakeFiles/zephyr.dir/home/raile/workspace/akira_workspace/modules/hal/espressif/components/spi_flash/esp_flash_api.c.obj
[267/864] Building C object zephyr/CMakeFiles/zephyr.dir/home/raile/workspace/akira_workspace/modules/hal/espressif/components/efuse/esp32s3/esp_efuse_rtc_calib.c.obj
[268/864] Building C object zephyr/CMakeFiles/zephyr.dir/home/raile/workspace/akira_workspace/modules/hal/espressif/components/hal/adc_hal_common.c.obj
[269/864] Building C object zephyr/CMakeFiles/zephyr.dir/home/raile/workspace/akira_workspace/modules/hal/espressif/components/soc/esp32s3/gpio_periph.c.obj
[270/864] Building C object zephyr/CMakeFiles/zephyr.dir/home/raile/workspace/akira_workspace/modules/hal/espressif/components/hal/adc_oneshot_hal.c.obj
[271/864] Building C object zephyr/CMakeFiles/zephyr.dir/home/raile/workspace/akira_workspace/modules/hal/espressif/components/esp_adc/adc_cali_curve_fitting.c.obj
[272/864] Building C object zephyr/CMakeFiles/zephyr.dir/home/raile/workspace/akira_workspace/modules/hal/espressif/components/esp_hw_support/esp_memory_utils.c.obj
[273/864] Building C object zephyr/CMakeFiles/zephyr.dir/home/raile/workspace/akira_workspace/modules/hal/espressif/components/hal/adc_hal.c.obj
[274/864] Building C object zephyr/CMakeFiles/zephyr.dir/home/raile/workspace/akira_workspace/modules/hal/espressif/components/soc/esp32s3/rtc_io_periph.c.obj
[275/864] Building C object zephyr/CMakeFiles/zephyr.dir/home/raile/workspace/akira_workspace/modules/hal/espressif/components/esp_hw_support/adc_share_hw_ctrl.c.obj
[276/864] Building C object zephyr/CMakeFiles/zephyr.dir/home/raile/workspace/akira_workspace/modules/hal/espressif/components/esp_psram/esp_psram.c.obj
[277/864] Building C object zephyr/CMakeFiles/zephyr.dir/home/raile/workspace/akira_workspace/modules/hal/espressif/components/esp_psram/mmu_psram_flash.c.obj
[278/864] Building C object zephyr/CMakeFiles/zephyr.dir/home/raile/workspace/akira_workspace/modules/hal/espressif/components/esp_hw_support/mac_addr.c.obj
[279/864] Building C object zephyr/CMakeFiles/zephyr.dir/home/raile/workspace/akira_workspace/modules/hal/espressif/components/esp_hw_support/port/esp32s3/cpu_region_protect.c.obj
[280/864] Building C object zephyr/CMakeFiles/zephyr.dir/home/raile/workspace/akira_workspace/modules/hal/espressif/components/esp_hw_support/clk_ctrl_os.c.obj
[281/864] Building C object zephyr/CMakeFiles/zephyr.dir/home/raile/workspace/akira_workspace/modules/hal/espressif/components/esp_hw_support/hw_random.c.obj
[282/864] Building C object zephyr/CMakeFiles/zephyr.dir/home/raile/workspace/akira_workspace/modules/hal/espressif/components/esp_hw_support/regi2c_ctrl.c.obj
[283/864] Building C object zephyr/CMakeFiles/zephyr.dir/home/raile/workspace/akira_workspace/modules/hal/espressif/components/esp_psram/esp32s3/esp_psram_impl_octal.c.obj
[284/864] Building C object zephyr/CMakeFiles/zephyr.dir/home/raile/workspace/akira_workspace/modules/hal/espressif/components/esp_hw_support/esp_clk.c.obj
[285/864] Building C object zephyr/CMakeFiles/zephyr.dir/home/raile/workspace/akira_workspace/modules/hal/espressif/components/esp_hw_support/mspi_timing_tuning.c.obj
[286/864] Building C object zephyr/CMakeFiles/zephyr.dir/home/raile/workspace/akira_workspace/modules/hal/espressif/components/esp_hw_support/cpu.c.obj
[287/864] Building C object zephyr/CMakeFiles/zephyr.dir/home/raile/workspace/akira_workspace/modules/hal/espressif/components/esp_hw_support/rtc_module.c.obj
[288/864] Building C object zephyr/CMakeFiles/zephyr.dir/home/raile/workspace/akira_workspace/modules/hal/espressif/components/esp_hw_support/port/esp32s3/esp_clk_tree.c.obj
[289/864] Building C object zephyr/CMakeFiles/zephyr.dir/home/raile/workspace/akira_workspace/modules/hal/espressif/components/esp_hw_support/port/esp_clk_tree_common.c.obj
[290/864] Building C object zephyr/CMakeFiles/zephyr.dir/home/raile/workspace/akira_workspace/modules/hal/espressif/components/esp_hw_support/port/esp32s3/systimer.c.obj
[291/864] Building C object zephyr/CMakeFiles/zephyr.dir/home/raile/workspace/akira_workspace/modules/hal/espressif/components/esp_mm/port/esp32s3/ext_mem_layout.c.obj
[292/864] Building C object zephyr/CMakeFiles/zephyr.dir/home/raile/workspace/akira_workspace/modules/hal/espressif/components/esp_rom/patches/esp_rom_crc.c.obj
[293/864] Building C object zephyr/CMakeFiles/zephyr.dir/home/raile/workspace/akira_workspace/modules/hal/espressif/components/esp_hw_support/port/esp32s3/esp_cpu_intr.c.obj
[294/864] Building C object zephyr/CMakeFiles/zephyr.dir/home/raile/workspace/akira_workspace/modules/hal/espressif/components/driver/gpio/rtc_io.c.obj
[295/864] Building C object zephyr/CMakeFiles/zephyr.dir/home/raile/workspace/akira_workspace/modules/hal/espressif/components/esp_rom/patches/esp_rom_sys.c.obj
[296/864] Building C object zephyr/CMakeFiles/zephyr.dir/home/raile/workspace/akira_workspace/modules/hal/espressif/components/esp_hw_support/periph_ctrl.c.obj
[297/864] Building C object zephyr/CMakeFiles/zephyr.dir/home/raile/workspace/akira_workspace/modules/hal/espressif/components/esp_rom/patches/esp_rom_efuse.c.obj
[298/864] Building ASM object zephyr/CMakeFiles/zephyr.dir/home/raile/workspace/akira_workspace/modules/hal/espressif/components/esp_rom/patches/esp_rom_longjmp.S.obj
[299/864] Building C object zephyr/CMakeFiles/zephyr.dir/home/raile/workspace/akira_workspace/modules/hal/espressif/components/esp_rom/patches/esp_rom_spiflash.c.obj
[300/864] Building C object zephyr/CMakeFiles/zephyr.dir/home/raile/workspace/akira_workspace/modules/hal/espressif/components/esp_rom/patches/esp_rom_systimer.c.obj
[301/864] Building C object zephyr/CMakeFiles/zephyr.dir/home/raile/workspace/akira_workspace/modules/hal/espressif/components/esp_hw_support/port/esp32s3/rtc_clk_init.c.obj
[302/864] Building C object zephyr/CMakeFiles/zephyr.dir/home/raile/workspace/akira_workspace/modules/hal/espressif/components/esp_rom/patches/esp_rom_uart.c.obj
[303/864] Building C object zephyr/CMakeFiles/zephyr.dir/home/raile/workspace/akira_workspace/modules/hal/espressif/components/esp_rom/patches/esp_rom_gpio.c.obj
[304/864] Building C object zephyr/CMakeFiles/zephyr.dir/home/raile/workspace/akira_workspace/modules/hal/espressif/components/esp_rom/patches/esp_rom_wdt.c.obj
[305/864] Building C object zephyr/CMakeFiles/zephyr.dir/home/raile/workspace/akira_workspace/modules/hal/espressif/components/esp_hw_support/port/esp32s3/rtc_time.c.obj
[306/864] Building C object zephyr/CMakeFiles/zephyr.dir/home/raile/workspace/akira_workspace/modules/hal/espressif/components/esp_rom/patches/esp_rom_cache_esp32s2_esp32s3.c.obj
[307/864] Building C object zephyr/CMakeFiles/zephyr.dir/home/raile/workspace/akira_workspace/modules/hal/espressif/components/esp_hw_support/port/esp32s3/rtc_sleep.c.obj
[308/864] Building C object zephyr/CMakeFiles/zephyr.dir/home/raile/workspace/akira_workspace/modules/hal/espressif/components/esp_hw_support/port/esp32s3/sar_periph_ctrl.c.obj
[309/864] Building C object zephyr/CMakeFiles/zephyr.dir/home/raile/workspace/akira_workspace/modules/hal/espressif/components/esp_hw_support/port/esp32s3/mspi_timing_config.c.obj
[310/864] Building C object zephyr/CMakeFiles/zephyr.dir/home/raile/workspace/akira_workspace/modules/hal/espressif/components/esp_system/port/soc/esp32s3/reset_reason.c.obj
[311/864] Building C object zephyr/CMakeFiles/zephyr.dir/home/raile/workspace/akira_workspace/modules/hal/espressif/components/esp_timer/src/ets_timer_legacy.c.obj
[312/864] Building C object zephyr/CMakeFiles/zephyr.dir/home/raile/workspace/akira_workspace/modules/hal/espressif/components/esp_hw_support/port/esp32s3/rtc_init.c.obj
[313/864] Building C object zephyr/CMakeFiles/zephyr.dir/home/raile/workspace/akira_workspace/modules/hal/espressif/components/esp_hw_support/port/esp32s3/rtc_clk.c.obj
[314/864] Building C object zephyr/CMakeFiles/zephyr.dir/home/raile/workspace/akira_workspace/modules/hal/espressif/components/hal/efuse_hal.c.obj
[315/864] Building C object zephyr/CMakeFiles/zephyr.dir/home/raile/workspace/akira_workspace/modules/hal/espressif/components/driver/gpio/gpio.c.obj
[316/864] Building C object zephyr/CMakeFiles/zephyr.dir/home/raile/workspace/akira_workspace/modules/hal/espressif/components/hal/xt_wdt_hal.c.obj
[317/864] Building C object zephyr/CMakeFiles/zephyr.dir/home/raile/workspace/akira_workspace/modules/hal/espressif/components/hal/mmu_hal.c.obj
[318/864] Building C object zephyr/CMakeFiles/zephyr.dir/home/raile/workspace/akira_workspace/modules/hal/espressif/components/esp_timer/src/esp_timer_impl_common.c.obj
[319/864] Building C object zephyr/CMakeFiles/zephyr.dir/home/raile/workspace/akira_workspace/modules/hal/espressif/components/esp_system/port/soc/esp32s3/system_internal.c.obj
[320/864] Building C object zephyr/CMakeFiles/zephyr.dir/home/raile/workspace/akira_workspace/modules/hal/espressif/components/hal/cache_hal.c.obj
[321/864] Building C object zephyr/CMakeFiles/zephyr.dir/home/raile/workspace/akira_workspace/modules/hal/espressif/components/esp_system/esp_err.c.obj
[322/864] Building C object zephyr/CMakeFiles/zephyr.dir/home/raile/workspace/akira_workspace/modules/hal/espressif/components/hal/systimer_hal.c.obj
[323/864] Building C object zephyr/CMakeFiles/zephyr.dir/home/raile/workspace/akira_workspace/modules/hal/espressif/components/log/log.c.obj
[324/864] Building C object zephyr/CMakeFiles/zephyr.dir/home/raile/workspace/akira_workspace/modules/hal/espressif/components/esp_mm/esp_mmu_map.c.obj
[325/864] Building C object zephyr/CMakeFiles/zephyr.dir/home/raile/workspace/akira_workspace/modules/hal/espressif/components/esp_timer/src/esp_timer_impl_systimer.c.obj
[326/864] Building C object zephyr/CMakeFiles/zephyr.dir/home/raile/workspace/akira_workspace/modules/hal/espressif/components/hal/wdt_hal_iram.c.obj
[327/864] Building C object zephyr/CMakeFiles/zephyr.dir/home/raile/workspace/akira_workspace/modules/hal/espressif/components/hal/esp32s3/efuse_hal.c.obj
[328/864] Building C object zephyr/CMakeFiles/zephyr.dir/home/raile/workspace/akira_workspace/modules/hal/espressif/components/esp_system/port/soc/esp32s3/clk.c.obj
[329/864] Building C object zephyr/CMakeFiles/zephyr.dir/home/raile/workspace/akira_workspace/modules/hal/espressif/components/hal/esp32s3/clk_tree_hal.c.obj
[330/864] Building C object zephyr/CMakeFiles/zephyr.dir/home/raile/workspace/akira_workspace/modules/hal/espressif/components/log/log_noos.c.obj
[331/864] Building C object zephyr/CMakeFiles/zephyr.dir/home/raile/workspace/akira_workspace/modules/hal/espressif/zephyr/esp32s3/src/soc_init.c.obj
[332/864] Building C object zephyr/CMakeFiles/zephyr.dir/home/raile/workspace/akira_workspace/modules/hal/espressif/zephyr/esp32s3/src/soc_random.c.obj
[333/864] Building C object zephyr/CMakeFiles/zephyr.dir/home/raile/workspace/akira_workspace/modules/hal/espressif/components/esp_phy/src/lib_printf.c.obj
[334/864] Building C object zephyr/CMakeFiles/zephyr.dir/home/raile/workspace/akira_workspace/modules/hal/espressif/zephyr/esp32s3/src/stubs.c.obj
[335/864] Building C object zephyr/CMakeFiles/zephyr.dir/home/raile/workspace/akira_workspace/modules/hal/espressif/components/esp_hw_support/sleep_modes.c.obj
[336/864] Building C object zephyr/CMakeFiles/zephyr.dir/home/raile/workspace/akira_workspace/modules/hal/espressif/zephyr/port/heap/heap_caps_zephyr.c.obj
[337/864] Building C object zephyr/CMakeFiles/zephyr.dir/home/raile/workspace/akira_workspace/modules/hal/espressif/components/esp_timer/src/esp_timer.c.obj
[338/864] Building C object zephyr/CMakeFiles/zephyr.dir/home/raile/workspace/akira_workspace/modules/hal/espressif/zephyr/common/esp_restart.c.obj
[339/864] Building C object zephyr/CMakeFiles/zephyr.dir/home/raile/workspace/akira_workspace/modules/hal/espressif/zephyr/port/host_flash/cache_utils.c.obj
[340/864] Building C object zephyr/CMakeFiles/zephyr.dir/home/raile/workspace/akira_workspace/modules/hal/espressif/zephyr/common/flash_init.c.obj
[341/864] Building C object zephyr/CMakeFiles/zephyr.dir/home/raile/workspace/akira_workspace/modules/hal/espressif/zephyr/esp32s3/src/soc_flash_init.c.obj
[342/864] Building C object zephyr/CMakeFiles/zephyr.dir/home/raile/workspace/akira_workspace/modules/hal/espressif/zephyr/port/bootloader/bootloader_flash.c.obj
[343/864] Building C object zephyr/CMakeFiles/zephyr.dir/home/raile/workspace/akira_workspace/modules/hal/espressif/components/wpa_supplicant/src/common/sae.c.obj
[344/864] Building C object zephyr/CMakeFiles/zephyr.dir/home/raile/workspace/akira_workspace/modules/hal/espressif/components/esp_phy/src/phy_common.c.obj
[345/864] Building C object zephyr/CMakeFiles/zephyr.dir/home/raile/workspace/akira_workspace/modules/hal/espressif/zephyr/esp32s3/src/coex/esp_coex_adapter.c.obj
[346/864] Building C object zephyr/CMakeFiles/zephyr.dir/home/raile/workspace/akira_workspace/modules/hal/espressif/components/esp_phy/src/phy_init.c.obj
[347/864] Building C object zephyr/CMakeFiles/zephyr.dir/home/raile/workspace/akira_workspace/modules/hal/espressif/zephyr/port/wifi/wifi_init.c.obj
[348/864] Building C object zephyr/CMakeFiles/zephyr.dir/home/raile/workspace/akira_workspace/modules/hal/espressif/components/wpa_supplicant/src/ap/ap_config.c.obj
[349/864] Building C object zephyr/CMakeFiles/zephyr.dir/home/raile/workspace/akira_workspace/modules/hal/espressif/zephyr/port/wifi/wpa_supplicant/os_xtensa.c.obj
[350/864] Building C object zephyr/CMakeFiles/zephyr.dir/home/raile/workspace/akira_workspace/modules/hal/espressif/components/wpa_supplicant/src/ap/ieee802_11.c.obj
[351/864] Building C object zephyr/CMakeFiles/zephyr.dir/home/raile/workspace/akira_workspace/modules/hal/espressif/components/wpa_supplicant/src/ap/ieee802_1x.c.obj
[352/864] Building C object zephyr/CMakeFiles/zephyr.dir/home/raile/workspace/akira_workspace/modules/hal/espressif/components/wpa_supplicant/src/ap/comeback_token.c.obj
[353/864] Building C object zephyr/CMakeFiles/zephyr.dir/home/raile/workspace/akira_workspace/modules/hal/espressif/zephyr/esp32s3/src/wifi/esp_wifi_adapter.c.obj
[354/864] Building C object zephyr/CMakeFiles/zephyr.dir/home/raile/workspace/akira_workspace/modules/hal/espressif/components/wpa_supplicant/src/crypto/aes-siv.c.obj
[355/864] Building C object zephyr/CMakeFiles/zephyr.dir/home/raile/workspace/akira_workspace/modules/hal/espressif/components/wpa_supplicant/src/ap/pmksa_cache_auth.c.obj
[356/864] Building C object zephyr/CMakeFiles/zephyr.dir/home/raile/workspace/akira_workspace/modules/hal/espressif/components/wpa_supplicant/port/eloop.c.obj
[357/864] Building C object zephyr/CMakeFiles/zephyr.dir/home/raile/workspace/akira_workspace/modules/hal/espressif/components/wpa_supplicant/src/ap/wpa_auth_ie.c.obj
[358/864] Building C object zephyr/CMakeFiles/zephyr.dir/home/raile/workspace/akira_workspace/modules/hal/espressif/components/wpa_supplicant/src/crypto/sha256-kdf.c.obj
[359/864] Building C object zephyr/CMakeFiles/zephyr.dir/home/raile/workspace/akira_workspace/modules/hal/espressif/components/wpa_supplicant/src/common/dragonfly.c.obj
[360/864] Building C object zephyr/CMakeFiles/zephyr.dir/home/raile/workspace/akira_workspace/modules/hal/espressif/components/wpa_supplicant/src/ap/sta_info.c.obj
[361/864] Building C object zephyr/CMakeFiles/zephyr.dir/home/raile/workspace/akira_workspace/modules/hal/espressif/components/wpa_supplicant/src/crypto/ccmp.c.obj
[362/864] Building C object zephyr/CMakeFiles/zephyr.dir/home/raile/workspace/akira_workspace/modules/hal/espressif/components/wpa_supplicant/src/utils/bitfield.c.obj
[363/864] Building C object zephyr/CMakeFiles/zephyr.dir/home/raile/workspace/akira_workspace/modules/hal/espressif/components/wpa_supplicant/src/crypto/crypto_ops.c.obj
[364/864] Building C object zephyr/CMakeFiles/zephyr.dir/home/raile/workspace/akira_workspace/modules/hal/espressif/components/wpa_supplicant/src/crypto/dh_groups.c.obj
[365/864] Building C object zephyr/CMakeFiles/zephyr.dir/home/raile/workspace/akira_workspace/modules/hal/espressif/components/wpa_supplicant/src/crypto/dh_group5.c.obj
[366/864] Building C object zephyr/CMakeFiles/zephyr.dir/home/raile/workspace/akira_workspace/modules/hal/espressif/components/wpa_supplicant/src/common/wpa_common.c.obj
[367/864] Building C object zephyr/CMakeFiles/zephyr.dir/home/raile/workspace/akira_workspace/modules/hal/espressif/components/wpa_supplicant/src/crypto/aes-gcm.c.obj
[368/864] Building C object zephyr/CMakeFiles/zephyr.dir/home/raile/workspace/akira_workspace/modules/hal/espressif/components/wpa_supplicant/src/crypto/sha256-prf.c.obj
[369/864] Building C object zephyr/CMakeFiles/zephyr.dir/home/raile/workspace/akira_workspace/modules/hal/espressif/components/wpa_supplicant/src/crypto/sha1-tlsprf.c.obj
[370/864] Building C object zephyr/CMakeFiles/zephyr.dir/home/raile/workspace/akira_workspace/modules/hal/espressif/components/wpa_supplicant/src/crypto/sha256-tlsprf.c.obj
[371/864] Building C object zephyr/CMakeFiles/zephyr.dir/home/raile/workspace/akira_workspace/modules/hal/espressif/components/wpa_supplicant/src/crypto/sha1-prf.c.obj
[372/864] Building C object zephyr/CMakeFiles/zephyr.dir/home/raile/workspace/akira_workspace/modules/hal/espressif/components/wpa_supplicant/src/crypto/sha384-prf.c.obj
[373/864] Building C object zephyr/CMakeFiles/zephyr.dir/home/raile/workspace/akira_workspace/modules/hal/espressif/components/wpa_supplicant/src/crypto/sha384-tlsprf.c.obj
[374/864] Building C object zephyr/CMakeFiles/zephyr.dir/home/raile/workspace/akira_workspace/modules/hal/espressif/zephyr/esp32s3/src/bt/esp_bt_adapter.c.obj
[375/864] Building C object zephyr/CMakeFiles/zephyr.dir/home/raile/workspace/akira_workspace/modules/hal/espressif/components/wpa_supplicant/src/crypto/sha1-tprf.c.obj
[376/864] Building C object zephyr/CMakeFiles/zephyr.dir/home/raile/workspace/akira_workspace/modules/hal/espressif/components/wpa_supplicant/src/crypto/md4-internal.c.obj
[377/864] Building C object zephyr/CMakeFiles/zephyr.dir/home/raile/workspace/akira_workspace/modules/hal/espressif/components/wpa_supplicant/src/crypto/ms_funcs.c.obj
[378/864] Building C object zephyr/CMakeFiles/zephyr.dir/home/raile/workspace/akira_workspace/modules/hal/espressif/components/wpa_supplicant/src/eap_common/eap_wsc_common.c.obj
[379/864] Building C object zephyr/CMakeFiles/zephyr.dir/home/raile/workspace/akira_workspace/modules/hal/espressif/components/wpa_supplicant/src/eap_peer/chap.c.obj
[380/864] Building C object zephyr/CMakeFiles/zephyr.dir/home/raile/workspace/akira_workspace/modules/hal/espressif/components/wpa_supplicant/src/common/ieee802_11_common.c.obj
[381/864] Building C object zephyr/CMakeFiles/zephyr.dir/home/raile/workspace/akira_workspace/modules/hal/espressif/components/wpa_supplicant/src/utils/uuid.c.obj
[382/864] Building C object zephyr/CMakeFiles/zephyr.dir/home/raile/workspace/akira_workspace/modules/hal/espressif/components/wpa_supplicant/src/eap_peer/mschapv2.c.obj
[383/864] Building C object zephyr/CMakeFiles/zephyr.dir/home/raile/workspace/akira_workspace/modules/hal/espressif/components/wpa_supplicant/src/eap_peer/eap_common.c.obj
[384/864] Building C object zephyr/CMakeFiles/zephyr.dir/home/raile/workspace/akira_workspace/modules/hal/espressif/components/wpa_supplicant/src/utils/wpa_debug.c.obj
[385/864] Building C object zephyr/CMakeFiles/zephyr.dir/home/raile/workspace/akira_workspace/modules/hal/espressif/components/wpa_supplicant/src/utils/ext_password.c.obj
[386/864] Building C object zephyr/CMakeFiles/zephyr.dir/home/raile/workspace/akira_workspace/modules/hal/espressif/components/wpa_supplicant/src/rsn_supp/wpa_ie.c.obj
[387/864] Building C object zephyr/CMakeFiles/zephyr.dir/home/raile/workspace/akira_workspace/modules/hal/espressif/components/wpa_supplicant/src/ap/wpa_auth.c.obj
[388/864] Building C object zephyr/CMakeFiles/zephyr.dir/home/raile/workspace/akira_workspace/modules/hal/espressif/components/wpa_supplicant/src/utils/wpabuf.c.obj
[389/864] Building C object zephyr/CMakeFiles/zephyr.dir/home/raile/workspace/akira_workspace/modules/hal/espressif/components/wpa_supplicant/src/rsn_supp/pmksa_cache.c.obj
[390/864] Building C object zephyr/CMakeFiles/zephyr.dir/home/raile/workspace/akira_workspace/modules/hal/espressif/components/wpa_supplicant/esp_supplicant/src/esp_wpa2_api_port.c.obj
[391/864] Building C object zephyr/CMakeFiles/zephyr.dir/home/raile/workspace/akira_workspace/modules/hal/espressif/components/wpa_supplicant/src/utils/common.c.obj
[392/864] Building C object zephyr/CMakeFiles/zephyr.dir/home/raile/workspace/akira_workspace/modules/hal/espressif/components/wpa_supplicant/esp_supplicant/src/esp_wpa3.c.obj
[393/864] Building C object zephyr/CMakeFiles/zephyr.dir/home/raile/workspace/akira_workspace/modules/hal/espressif/components/wpa_supplicant/src/utils/json.c.obj
[394/864] Building C object zephyr/CMakeFiles/zephyr.dir/home/raile/workspace/akira_workspace/modules/hal/espressif/components/wpa_supplicant/esp_supplicant/src/esp_owe.c.obj
[395/864] Building C object zephyr/CMakeFiles/zephyr.dir/home/raile/workspace/akira_workspace/modules/hal/espressif/components/wpa_supplicant/src/wps/wps_attr_parse.c.obj
[396/864] Building C object zephyr/CMakeFiles/zephyr.dir/home/raile/workspace/akira_workspace/modules/hal/espressif/components/wpa_supplicant/src/wps/wps_attr_process.c.obj
[397/864] Building C object zephyr/CMakeFiles/zephyr.dir/home/raile/workspace/akira_workspace/modules/hal/espressif/components/wpa_supplicant/src/wps/wps.c.obj
[398/864] Building C object zephyr/CMakeFiles/zephyr.dir/home/raile/workspace/akira_workspace/modules/hal/espressif/components/wpa_supplicant/src/eap_peer/eap.c.obj
[399/864] Building C object zephyr/CMakeFiles/zephyr.dir/home/raile/workspace/akira_workspace/modules/hal/espressif/components/wpa_supplicant/src/wps/wps_attr_build.c.obj
[400/864] Building C object zephyr/CMakeFiles/zephyr.dir/home/raile/workspace/akira_workspace/modules/hal/espressif/components/wpa_supplicant/src/wps/wps_common.c.obj
[401/864] Building C object zephyr/CMakeFiles/zephyr.dir/home/raile/workspace/akira_workspace/modules/hal/espressif/components/wpa_supplicant/src/wps/wps_dev_attr.c.obj
[402/864] Building C object zephyr/CMakeFiles/zephyr.dir/home/raile/workspace/akira_workspace/modules/hal/espressif/components/wpa_supplicant/esp_supplicant/src/esp_wpas_glue.c.obj
[403/864] Building C object zephyr/CMakeFiles/zephyr.dir/home/raile/workspace/akira_workspace/modules/hal/espressif/components/wpa_supplicant/esp_supplicant/src/esp_common.c.obj
[404/864] Building C object zephyr/CMakeFiles/zephyr.dir/home/raile/workspace/akira_workspace/modules/hal/espressif/components/wpa_supplicant/esp_supplicant/src/esp_wpa_main.c.obj
[405/864] Building C object zephyr/CMakeFiles/zephyr.dir/home/raile/workspace/akira_workspace/modules/hal/espressif/components/wpa_supplicant/src/tls/pkcs1.c.obj
[406/864] Building C object zephyr/CMakeFiles/zephyr.dir/home/raile/workspace/akira_workspace/modules/hal/espressif/components/wpa_supplicant/esp_supplicant/src/esp_hostap.c.obj
[407/864] Building C object zephyr/CMakeFiles/zephyr.dir/home/raile/workspace/akira_workspace/modules/hal/espressif/components/wpa_supplicant/src/wps/wps_enrollee.c.obj
[408/864] Building C object zephyr/CMakeFiles/zephyr.dir/home/raile/workspace/akira_workspace/modules/hal/espressif/components/wpa_supplicant/esp_supplicant/src/esp_eap_client.c.obj
[409/864] Building C object zephyr/CMakeFiles/zephyr.dir/home/raile/workspace/akira_workspace/modules/hal/espressif/components/wpa_supplicant/src/rsn_supp/wpa.c.obj
[410/864] Building C object zephyr/CMakeFiles/zephyr.dir/home/raile/workspace/akira_workspace/modules/hal/espressif/components/wpa_supplicant/src/tls/asn1.c.obj
[411/864] Building C object zephyr/CMakeFiles/zephyr.dir/home/raile/workspace/akira_workspace/modules/hal/espressif/components/wpa_supplicant/src/tls/pkcs8.c.obj
[412/864] Building C object zephyr/CMakeFiles/zephyr.dir/home/raile/workspace/akira_workspace/modules/hal/espressif/components/wpa_supplicant/src/tls/pkcs5.c.obj
[413/864] Building C object zephyr/CMakeFiles/zephyr.dir/home/raile/workspace/akira_workspace/modules/hal/espressif/components/wpa_supplicant/src/crypto/tls_internal.c.obj
[414/864] Building C object zephyr/CMakeFiles/zephyr.dir/home/raile/workspace/akira_workspace/modules/hal/espressif/components/wpa_supplicant/src/tls/rsa.c.obj
[415/864] Building C object zephyr/CMakeFiles/zephyr.dir/home/raile/workspace/akira_workspace/modules/hal/espressif/components/wpa_supplicant/src/tls/tlsv1_common.c.obj
[416/864] Building C object zephyr/CMakeFiles/zephyr.dir/home/raile/workspace/akira_workspace/modules/hal/espressif/components/wpa_supplicant/src/tls/tlsv1_record.c.obj
[417/864] Building C object zephyr/CMakeFiles/zephyr.dir/home/raile/workspace/akira_workspace/modules/hal/espressif/components/wpa_supplicant/src/tls/tlsv1_client_read.c.obj
[418/864] Building C object zephyr/CMakeFiles/zephyr.dir/home/raile/workspace/akira_workspace/modules/hal/espressif/components/wpa_supplicant/src/crypto/rc4.c.obj
[419/864] Building C object zephyr/CMakeFiles/zephyr.dir/home/raile/workspace/akira_workspace/modules/hal/espressif/components/wpa_supplicant/src/tls/bignum.c.obj
[420/864] Building C object zephyr/CMakeFiles/zephyr.dir/home/raile/workspace/akira_workspace/modules/hal/espressif/components/wpa_supplicant/src/tls/tlsv1_cred.c.obj
[421/864] Building C object zephyr/CMakeFiles/zephyr.dir/home/raile/workspace/akira_workspace/modules/hal/espressif/components/wpa_supplicant/src/tls/tlsv1_client.c.obj
[422/864] Building C object zephyr/CMakeFiles/zephyr.dir/home/raile/workspace/akira_workspace/modules/hal/espressif/components/wpa_supplicant/src/tls/tlsv1_client_write.c.obj
[423/864] Building C object zephyr/CMakeFiles/zephyr.dir/home/raile/workspace/akira_workspace/modules/hal/espressif/components/wpa_supplicant/src/crypto/aes-cbc.c.obj
[424/864] Building C object zephyr/CMakeFiles/zephyr.dir/home/raile/workspace/akira_workspace/modules/hal/espressif/components/wpa_supplicant/src/crypto/aes-ctr.c.obj
[425/864] Building C object zephyr/CMakeFiles/zephyr.dir/home/raile/workspace/akira_workspace/modules/hal/espressif/components/wpa_supplicant/esp_supplicant/src/esp_wps.c.obj
[426/864] Building C object zephyr/CMakeFiles/zephyr.dir/home/raile/workspace/akira_workspace/modules/hal/espressif/components/wpa_supplicant/src/crypto/aes-ccm.c.obj
[427/864] Building C object zephyr/CMakeFiles/zephyr.dir/home/raile/workspace/akira_workspace/modules/hal/espressif/components/wpa_supplicant/src/crypto/aes-unwrap.c.obj
[428/864] Building C object zephyr/CMakeFiles/zephyr.dir/home/raile/workspace/akira_workspace/modules/hal/espressif/components/wpa_supplicant/src/crypto/aes-internal-dec.c.obj
[429/864] Building C object zephyr/CMakeFiles/zephyr.dir/home/raile/workspace/akira_workspace/modules/hal/espressif/components/wpa_supplicant/src/crypto/aes-wrap.c.obj
[430/864] Building C object zephyr/CMakeFiles/zephyr.dir/home/raile/workspace/akira_workspace/modules/hal/espressif/components/wpa_supplicant/src/crypto/aes-internal.c.obj
[431/864] Building C object zephyr/CMakeFiles/zephyr.dir/home/raile/workspace/akira_workspace/modules/hal/espressif/components/wpa_supplicant/src/crypto/aes-internal-enc.c.obj
[432/864] Building C object zephyr/CMakeFiles/zephyr.dir/home/raile/workspace/akira_workspace/modules/hal/espressif/components/wpa_supplicant/src/crypto/crypto_internal-rsa.c.obj
[433/864] Building C object zephyr/CMakeFiles/zephyr.dir/home/raile/workspace/akira_workspace/modules/hal/espressif/components/wpa_supplicant/src/crypto/crypto_internal-modexp.c.obj
[434/864] Building C object zephyr/CMakeFiles/zephyr.dir/home/raile/workspace/akira_workspace/modules/hal/espressif/components/wpa_supplicant/src/crypto/crypto_internal.c.obj
[435/864] Building C object zephyr/CMakeFiles/zephyr.dir/home/raile/workspace/akira_workspace/modules/hal/espressif/components/wpa_supplicant/src/crypto/sha1-pbkdf2.c.obj
[436/864] Building C object zephyr/CMakeFiles/zephyr.dir/home/raile/workspace/akira_workspace/modules/hal/espressif/components/wpa_supplicant/src/crypto/aes-omac1.c.obj
[437/864] Building C object zephyr/CMakeFiles/zephyr.dir/home/raile/workspace/akira_workspace/modules/hal/espressif/components/wpa_supplicant/src/crypto/md5.c.obj
[438/864] Building C object zephyr/CMakeFiles/zephyr.dir/home/raile/workspace/akira_workspace/modules/hal/espressif/components/wpa_supplicant/src/crypto/crypto_internal-cipher.c.obj
[439/864] Building C object zephyr/CMakeFiles/zephyr.dir/home/raile/workspace/akira_workspace/modules/hal/espressif/components/wpa_supplicant/src/crypto/md5-internal.c.obj
[440/864] Building C object zephyr/CMakeFiles/zephyr.dir/home/raile/workspace/akira_workspace/modules/hal/espressif/components/wpa_supplicant/src/crypto/des-internal.c.obj
[441/864] Generating linker_zephyr_pre0.cmd
[442/864] Building C object zephyr/CMakeFiles/zephyr.dir/home/raile/workspace/akira_workspace/modules/hal/espressif/components/wpa_supplicant/src/crypto/sha1.c.obj
[443/864] Building ASM object zephyr/arch/arch/xtensa/core/CMakeFiles/arch__xtensa__core.dir/window_vectors.S.obj
[444/864] Building C object zephyr/arch/common/CMakeFiles/arch__common.dir/init.c.obj
[445/864] Building C object zephyr/CMakeFiles/zephyr.dir/home/raile/workspace/akira_workspace/modules/hal/espressif/components/wpa_supplicant/src/crypto/sha384-internal.c.obj
[446/864] Building C object zephyr/CMakeFiles/zephyr.dir/home/raile/workspace/akira_workspace/modules/hal/espressif/components/wpa_supplicant/src/crypto/sha256.c.obj
[447/864] Building C object zephyr/arch/common/CMakeFiles/arch__common.dir/dynamic_isr.c.obj
[448/864] Building ASM object zephyr/arch/arch/xtensa/core/CMakeFiles/arch__xtensa__core.dir/xtensa_asm2_util.S.obj
[449/864] Building C object zephyr/CMakeFiles/zephyr.dir/home/raile/workspace/akira_workspace/modules/hal/espressif/components/wpa_supplicant/src/tls/tlsv1_client_ocsp.c.obj
[450/864] Building C object zephyr/arch/common/CMakeFiles/arch__common.dir/sw_isr_common.c.obj
[451/864] Building C object zephyr/CMakeFiles/zephyr.dir/home/raile/workspace/akira_workspace/modules/hal/espressif/components/wpa_supplicant/src/crypto/sha1-internal.c.obj
[452/864] Building C object zephyr/CMakeFiles/zephyr.dir/home/raile/workspace/akira_workspace/modules/hal/espressif/components/wpa_supplicant/src/tls/x509v3.c.obj
[453/864] Building C object zephyr/arch/common/CMakeFiles/isr_tables.dir/isr_tables.c.obj
[454/864] Building C object zephyr/CMakeFiles/zephyr.dir/home/raile/workspace/akira_workspace/modules/hal/espressif/components/wpa_supplicant/src/crypto/sha256-internal.c.obj
[455/864] Building C object zephyr/arch/arch/xtensa/core/CMakeFiles/arch__xtensa__core.dir/cpu_idle.c.obj
[456/864] Building C object zephyr/arch/arch/xtensa/core/CMakeFiles/arch__xtensa__core.dir/fatal.c.obj
[457/864] Linking C static library zephyr/arch/common/libisr_tables.a
[458/864] Building C object zephyr/CMakeFiles/zephyr.dir/home/raile/workspace/akira_workspace/modules/hal/espressif/components/wpa_supplicant/src/crypto/sha512-internal.c.obj
[459/864] Building C object zephyr/arch/arch/xtensa/core/CMakeFiles/arch__xtensa__core.dir/prep_c.c.obj
[460/864] Building C object zephyr/lib/libc/picolibc/CMakeFiles/lib__libc__picolibc.dir/chk_fail.c.obj
[461/864] Building C object zephyr/lib/libc/picolibc/CMakeFiles/lib__libc__picolibc.dir/cbprintf.c.obj
[462/864] Building C object zephyr/arch/arch/xtensa/core/CMakeFiles/arch__xtensa__core.dir/irq_manage.c.obj
[463/864] Building C object zephyr/lib/libc/picolibc/CMakeFiles/lib__libc__picolibc.dir/assert.c.obj
[464/864] Building C object zephyr/lib/libc/common/CMakeFiles/lib__libc__common.dir/source/time/time.c.obj
[465/864] Building C object zephyr/arch/arch/xtensa/core/CMakeFiles/arch__xtensa__core.dir/thread.c.obj
[466/864] Building C object zephyr/lib/libc/picolibc/CMakeFiles/lib__libc__picolibc.dir/errno_wrap.c.obj
[467/864] Linking C static library zephyr/arch/common/libarch__common.a
[468/864] Building C object zephyr/lib/libc/picolibc/CMakeFiles/lib__libc__picolibc.dir/exit.c.obj
[469/864] Building C object zephyr/lib/libc/picolibc/CMakeFiles/lib__libc__picolibc.dir/locks.c.obj
[470/864] Building C object zephyr/lib/libc/picolibc/CMakeFiles/lib__libc__picolibc.dir/stdio.c.obj
[471/864] Building C object zephyr/lib/libc/common/CMakeFiles/lib__libc__common.dir/source/stdlib/abort.c.obj
[472/864] Building C object zephyr/arch/arch/xtensa/core/CMakeFiles/arch__xtensa__core.dir/vector_handlers.c.obj
[473/864] Building C object zephyr/lib/libc/common/CMakeFiles/lib__libc__common.dir/source/stdio/remove.c.obj
[474/864] Generating ../../../include/generated/posix/strsignal_table.h
[475/864] Linking C static library zephyr/lib/libc/picolibc/liblib__libc__picolibc.a
[476/864] Building C object zephyr/lib/posix/c_lib_ext/CMakeFiles/lib__posix__c_lib_ext.dir/fnmatch.c.obj
[477/864] Building C object zephyr/lib/libc/common/CMakeFiles/lib__libc__common.dir/source/thrd/cnd.c.obj
[478/864] Building C object zephyr/lib/libc/common/CMakeFiles/lib__libc__common.dir/source/stdlib/malloc.c.obj
[479/864] Building C object zephyr/lib/libc/common/CMakeFiles/lib__libc__common.dir/source/thrd/once.c.obj
[480/864] Building C object zephyr/CMakeFiles/zephyr_pre0.dir/misc/empty_file.c.obj
[481/864] Linking C static library zephyr/arch/arch/xtensa/core/libarch__xtensa__core.a
[482/864] Building C object zephyr/lib/libc/common/CMakeFiles/lib__libc__common.dir/source/thrd/mtx.c.obj
[483/864] Building C object zephyr/lib/posix/c_lib_ext/CMakeFiles/lib__posix__c_lib_ext.dir/getentropy.c.obj
[484/864] Building C object zephyr/lib/libc/common/CMakeFiles/lib__libc__common.dir/source/thrd/thrd.c.obj
[485/864] Building C object zephyr/lib/posix/options/CMakeFiles/lib__posix__options.dir/aio.c.obj
[486/864] Building C object zephyr/lib/libc/common/CMakeFiles/lib__libc__common.dir/source/thrd/tss.c.obj
[487/864] Building C object zephyr/lib/posix/options/CMakeFiles/lib__posix__options.dir/perror.c.obj
[488/864] Building C object zephyr/lib/posix/eventfd/CMakeFiles/lib__posix__eventfd.dir/eventfd.c.obj
[489/864] Building C object zephyr/lib/posix/c_lib_ext/CMakeFiles/lib__posix__c_lib_ext.dir/getopt/getopt_common.c.obj
[490/864] Building C object zephyr/lib/posix/options/CMakeFiles/lib__posix__options.dir/mprotect.c.obj
[491/864] Building C object zephyr/lib/posix/c_lib_ext/CMakeFiles/lib__posix__c_lib_ext.dir/getopt/getopt.c.obj
[492/864] Linking C static library zephyr/lib/libc/common/liblib__libc__common.a
[493/864] Linking C static library zephyr/lib/posix/eventfd/liblib__posix__eventfd.a
[494/864] Linking C static library zephyr/lib/posix/c_lib_ext/liblib__posix__c_lib_ext.a
[495/864] Building C object zephyr/lib/posix/options/CMakeFiles/lib__posix__options.dir/file_system_r.c.obj
[496/864] Building C object zephyr/lib/posix/options/CMakeFiles/lib__posix__options.dir/env.c.obj
[497/864] Building C object zephyr/lib/posix/options/CMakeFiles/lib__posix__options.dir/device_io.c.obj
[498/864] Building C object zephyr/lib/posix/options/CMakeFiles/lib__posix__options.dir/clock_selection.c.obj
[499/864] Building C object zephyr/lib/net_buf/CMakeFiles/lib__net_buf.dir/buf.c.obj
[500/864] Building C object zephyr/lib/posix/options/CMakeFiles/lib__posix__options.dir/fd_mgmt.c.obj
[501/864] Building C object zephyr/lib/os/zvfs/CMakeFiles/lib__os__zvfs.dir/zvfs_eventfd.c.obj
[502/864] Building C object zephyr/lib/posix/options/CMakeFiles/lib__posix__options.dir/barrier.c.obj
[503/864] Linking C static library zephyr/libzephyr.a
[504/864] Building C object zephyr/lib/posix/options/CMakeFiles/lib__posix__options.dir/fs.c.obj
[505/864] Building C object zephyr/lib/posix/options/CMakeFiles/lib__posix__options.dir/multi_process.c.obj
[506/864] Building C object zephyr/lib/posix/options/CMakeFiles/lib__posix__options.dir/sleep.c.obj
[507/864] Building C object zephyr/lib/posix/options/CMakeFiles/lib__posix__options.dir/confstr.c.obj
[508/864] Building C object zephyr/lib/posix/options/CMakeFiles/lib__posix__options.dir/signal.c.obj
[509/864] Building C object zephyr/lib/posix/options/CMakeFiles/lib__posix__options.dir/mmap.c.obj
[510/864] Building C object zephyr/lib/net_buf/CMakeFiles/lib__net_buf.dir/buf_simple.c.obj
[511/864] Building C object zephyr/lib/posix/options/CMakeFiles/lib__posix__options.dir/sysconf.c.obj
[512/864] Building C object zephyr/lib/posix/options/CMakeFiles/lib__posix__options.dir/uname.c.obj
[513/864] Building C object zephyr/lib/posix/options/CMakeFiles/lib__posix__options.dir/mlockall.c.obj
[514/864] Building C object zephyr/lib/posix/options/CMakeFiles/lib__posix__options.dir/timespec_to_timeout.c.obj
[515/864] Building C object zephyr/lib/posix/options/CMakeFiles/lib__posix__options.dir/env_common.c.obj
[516/864] Building C object zephyr/lib/posix/options/CMakeFiles/lib__posix__options.dir/spinlock.c.obj
[517/864] Building C object zephyr/lib/posix/options/CMakeFiles/lib__posix__options.dir/net.c.obj
[518/864] Linking C static library zephyr/lib/net_buf/liblib__net_buf.a
[519/864] Building C object zephyr/lib/posix/options/CMakeFiles/lib__posix__options.dir/clock.c.obj
[520/864] Building C object zephyr/lib/posix/options/CMakeFiles/lib__posix__options.dir/grp.c.obj
[521/864] Building C object zephyr/lib/posix/options/CMakeFiles/lib__posix__options.dir/pwd.c.obj
[522/864] Building C object zephyr/lib/posix/options/CMakeFiles/lib__posix__options.dir/fsync.c.obj
[523/864] Building C object zephyr/lib/posix/options/CMakeFiles/lib__posix__options.dir/semaphore.c.obj
[524/864] Building C object zephyr/lib/posix/options/CMakeFiles/lib__posix__options.dir/mlock.c.obj
[525/864] Building C object zephyr/lib/posix/options/CMakeFiles/lib__posix__options.dir/timer.c.obj
[526/864] Building C object zephyr/lib/posix/options/CMakeFiles/lib__posix__options.dir/key.c.obj
[527/864] Building C object zephyr/lib/posix/options/CMakeFiles/lib__posix__options.dir/cond.c.obj
[528/864] Building C object zephyr/lib/posix/options/CMakeFiles/lib__posix__options.dir/rwlock.c.obj
[529/864] Building C object zephyr/lib/posix/options/CMakeFiles/lib__posix__options.dir/xsi_single_process.c.obj
[530/864] Building C object zephyr/lib/posix/options/CMakeFiles/lib__posix__options.dir/mutex.c.obj
[531/864] Building C object zephyr/lib/os/zvfs/CMakeFiles/lib__os__zvfs.dir/zvfs_poll.c.obj
[532/864] Building C object zephyr/lib/posix/options/CMakeFiles/lib__posix__options.dir/shm.c.obj
[533/864] Building C object zephyr/subsys/fs/CMakeFiles/subsys__fs.dir/fs_impl.c.obj
[534/864] Building C object zephyr/lib/smf/CMakeFiles/lib__smf.dir/smf.c.obj
[535/864] Building C object zephyr/subsys/random/CMakeFiles/subsys__random.dir/random_entropy_device.c.obj
[536/864] Linking C static library zephyr/lib/smf/liblib__smf.a
[537/864] Linking C static library zephyr/subsys/random/libsubsys__random.a
[538/864] Building C object zephyr/lib/os/zvfs/CMakeFiles/lib__os__zvfs.dir/zvfs_select.c.obj
[539/864] Linking C static library zephyr/lib/os/zvfs/liblib__os__zvfs.a
[540/864] Building C object zephyr/subsys/usb/device_next/CMakeFiles/subsys__usb__device_next.dir/usbd_desc.c.obj
[541/864] Building C object zephyr/subsys/fs/CMakeFiles/subsys__fs.dir/fat_fs.c.obj
[542/864] Building C object zephyr/subsys/sd/CMakeFiles/subsys__sd.dir/sdmmc.c.obj
[543/864] Building C object zephyr/subsys/fs/CMakeFiles/subsys__fs.dir/fs.c.obj
[544/864] Building C object zephyr/subsys/fs/CMakeFiles/subsys__fs.dir/shell.c.obj
[545/864] Building C object zephyr/subsys/usb/device_next/CMakeFiles/subsys__usb__device_next.dir/usbd_device.c.obj
[546/864] Building C object zephyr/subsys/sd/CMakeFiles/subsys__sd.dir/sd.c.obj
[547/864] Building C object zephyr/subsys/sd/CMakeFiles/subsys__sd.dir/sd_ops.c.obj
[548/864] Building C object zephyr/subsys/bluetooth/common/CMakeFiles/subsys__bluetooth__common.dir/addr.c.obj
[549/864] Building C object zephyr/subsys/usb/device_next/CMakeFiles/subsys__usb__device_next.dir/usbd_init.c.obj
[550/864] Building C object zephyr/subsys/fs/CMakeFiles/subsys__fs.dir/littlefs_fs.c.obj
[551/864] Building C object zephyr/lib/posix/options/CMakeFiles/lib__posix__options.dir/pthread.c.obj
[552/864] Building C object zephyr/subsys/usb/device_next/CMakeFiles/subsys__usb__device_next.dir/usbd_core.c.obj
[553/864] Linking C static library zephyr/subsys/sd/libsubsys__sd.a
[554/864] Linking C static library zephyr/subsys/fs/libsubsys__fs.a
[555/864] Building C object zephyr/subsys/usb/device_next/CMakeFiles/subsys__usb__device_next.dir/usbd_endpoint.c.obj
[556/864] Building C object zephyr/subsys/usb/device_next/CMakeFiles/subsys__usb__device_next.dir/usbd_interface.c.obj
[557/864] Building C object zephyr/subsys/usb/device_next/CMakeFiles/subsys__usb__device_next.dir/usbd_config.c.obj
[558/864] Building C object zephyr/subsys/bluetooth/common/CMakeFiles/subsys__bluetooth__common.dir/dummy.c.obj
[559/864] Building C object zephyr/subsys/bluetooth/common/CMakeFiles/subsys__bluetooth__common.dir/bt_str.c.obj
[560/864] Linking C static library zephyr/lib/posix/options/liblib__posix__options.a
[561/864] Building C object zephyr/subsys/usb/device_next/CMakeFiles/subsys__usb__device_next.dir/usbd_msg.c.obj
[562/864] Building C object zephyr/subsys/bluetooth/host/CMakeFiles/subsys__bluetooth__host.dir/uuid.c.obj
[563/864] Building C object zephyr/subsys/usb/device_next/CMakeFiles/subsys__usb__device_next.dir/usbd_class.c.obj
[564/864] Building C object zephyr/subsys/bluetooth/host/CMakeFiles/subsys__bluetooth__host.dir/addr.c.obj
[565/864] Building C object zephyr/subsys/usb/device_next/CMakeFiles/subsys__usb__device_next.dir/class/usbd_hid_api.c.obj
[566/864] Building C object zephyr/subsys/bluetooth/host/CMakeFiles/subsys__bluetooth__host.dir/long_wq.c.obj
[567/864] Building C object zephyr/subsys/bluetooth/common/CMakeFiles/subsys__bluetooth__common.dir/rpa.c.obj
[568/864] Linking C static library zephyr/subsys/bluetooth/common/libsubsys__bluetooth__common.a
[569/864] Building C object zephyr/subsys/bluetooth/host/CMakeFiles/subsys__bluetooth__host.dir/data.c.obj
[570/864] Building C object zephyr/subsys/bluetooth/host/CMakeFiles/subsys__bluetooth__host.dir/hci_common.c.obj
[571/864] Building C object zephyr/subsys/usb/device_next/CMakeFiles/subsys__usb__device_next.dir/usbd_ch9.c.obj
[572/864] Building C object zephyr/subsys/bluetooth/host/CMakeFiles/subsys__bluetooth__host.dir/buf.c.obj
[573/864] Building C object zephyr/subsys/usb/device_next/CMakeFiles/subsys__usb__device_next.dir/class/usbd_hid.c.obj
[574/864] Building C object zephyr/subsys/crc/CMakeFiles/subsys__crc.dir/crc4_sw.c.obj
[575/864] Building C object zephyr/subsys/bluetooth/host/CMakeFiles/subsys__bluetooth__host.dir/settings.c.obj
[576/864] Building C object zephyr/subsys/crc/CMakeFiles/subsys__crc.dir/crc8_sw.c.obj
[577/864] Building C object zephyr/subsys/crc/CMakeFiles/subsys__crc.dir/crc16_sw.c.obj
[578/864] Linking C static library zephyr/subsys/usb/device_next/libsubsys__usb__device_next.a
[579/864] Building C object zephyr/subsys/crc/CMakeFiles/subsys__crc.dir/crc7_sw.c.obj
[580/864] Building C object zephyr/subsys/crc/CMakeFiles/subsys__crc.dir/crc32c_sw.c.obj
[581/864] Building C object zephyr/subsys/crc/CMakeFiles/subsys__crc.dir/crc24_sw.c.obj
[582/864] Building C object zephyr/subsys/crc/CMakeFiles/subsys__crc.dir/crc32_sw.c.obj
[583/864] Building C object zephyr/subsys/crc/CMakeFiles/subsys__crc.dir/crc32k_4_2_sw.c.obj
[584/864] Building C object zephyr/subsys/bluetooth/crypto/CMakeFiles/subsys__bluetooth__crypto.dir/bt_crypto_psa.c.obj
[585/864] Building C object zephyr/subsys/bluetooth/host/CMakeFiles/subsys__bluetooth__host.dir/ecc.c.obj
[586/864] Building C object zephyr/subsys/bluetooth/host/CMakeFiles/subsys__bluetooth__host.dir/crypto_psa.c.obj
[587/864] Linking C static library zephyr/subsys/crc/libsubsys__crc.a
[588/864] Building C object zephyr/subsys/bluetooth/host/CMakeFiles/subsys__bluetooth__host.dir/adv.c.obj
[589/864] Building C object zephyr/subsys/bluetooth/host/CMakeFiles/subsys__bluetooth__host.dir/id.c.obj
[590/864] Building C object zephyr/subsys/input/CMakeFiles/subsys__input.dir/input_hid.c.obj
[591/864] Building C object zephyr/subsys/bluetooth/host/CMakeFiles/subsys__bluetooth__host.dir/keys.c.obj
[592/864] Building C object zephyr/subsys/input/CMakeFiles/subsys__input.dir/input_utils.c.obj
[593/864] Building C object zephyr/subsys/bluetooth/crypto/CMakeFiles/subsys__bluetooth__crypto.dir/bt_crypto.c.obj
[594/864] Building C object zephyr/subsys/dfu/boot/CMakeFiles/subsys__dfu__boot.dir/mcuboot.c.obj
[595/864] Building C object zephyr/subsys/net/CMakeFiles/subsys__net.dir/hostname.c.obj
[596/864] Building C object zephyr/subsys/input/CMakeFiles/subsys__input.dir/input.c.obj
[597/864] Linking C static library zephyr/subsys/bluetooth/crypto/libsubsys__bluetooth__crypto.a
[598/864] Building C object zephyr/subsys/bluetooth/host/CMakeFiles/subsys__bluetooth__host.dir/l2cap.c.obj
[599/864] Linking C static library zephyr/subsys/dfu/boot/libsubsys__dfu__boot.a
[600/864] Building C object zephyr/subsys/net/CMakeFiles/subsys__net.dir/lib/sockets/getaddrinfo.c.obj
[601/864] Linking C static library zephyr/subsys/input/libsubsys__input.a
[602/864] Building C object zephyr/subsys/net/CMakeFiles/subsys__net.dir/lib/sockets/socket_offload.c.obj
[603/864] Building C object zephyr/subsys/net/CMakeFiles/subsys__net.dir/lib/sockets/sockets_misc.c.obj
[604/864] Building C object zephyr/subsys/net/l2/offloaded_netdev/CMakeFiles/subsys__net__l2__offloaded_netdev.dir/offloaded_netdev.c.obj
[605/864] Linking C static library zephyr/subsys/net/l2/offloaded_netdev/libsubsys__net__l2__offloaded_netdev.a
[606/864] Building C object zephyr/subsys/net/CMakeFiles/subsys__net.dir/lib/sockets/sockets.c.obj
[607/864] Building C object zephyr/subsys/net/CMakeFiles/subsys__net.dir/lib/sockets/sockets_service.c.obj
[608/864] Building C object zephyr/subsys/bluetooth/host/CMakeFiles/subsys__bluetooth__host.dir/conn.c.obj
[609/864] Building C object zephyr/subsys/net/ip/CMakeFiles/subsys__net__ip.dir/net_timeout.c.obj
[610/864] Building C object zephyr/subsys/net/CMakeFiles/subsys__net.dir/lib/sockets/socketpair.c.obj
[611/864] Building C object zephyr/subsys/net/ip/CMakeFiles/subsys__net__ip.dir/net_core.c.obj
[612/864] Building C object zephyr/subsys/net/l2/wifi/CMakeFiles/subsys__net__l2__wifi.dir/wifi_utils.c.obj
[613/864] Building C object zephyr/subsys/net/l2/ethernet/CMakeFiles/subsys__net__l2__ethernet.dir/ethernet.c.obj
[614/864] Building C object zephyr/subsys/bluetooth/host/CMakeFiles/subsys__bluetooth__host.dir/hci_core.c.obj
[615/864] Building C object zephyr/subsys/bluetooth/host/CMakeFiles/subsys__bluetooth__host.dir/smp.c.obj
[616/864] Building C object zephyr/subsys/net/l2/wifi/CMakeFiles/subsys__net__l2__wifi.dir/wifi_mgmt.c.obj
[617/864] Building C object zephyr/subsys/net/ip/CMakeFiles/subsys__net__ip.dir/net_tc.c.obj
[618/864] Linking C static library zephyr/subsys/net/l2/wifi/libsubsys__net__l2__wifi.a
[619/864] Building C object zephyr/subsys/net/ip/CMakeFiles/subsys__net__ip.dir/net_mgmt.c.obj
[620/864] Building C object zephyr/subsys/net/ip/CMakeFiles/subsys__net__ip.dir/icmp.c.obj
[621/864] Building C object zephyr/subsys/net/l2/ethernet/CMakeFiles/subsys__net__l2__ethernet.dir/arp.c.obj
[622/864] Building C object zephyr/subsys/net/CMakeFiles/subsys__net.dir/lib/sockets/sockets_inet.c.obj
[623/864] Linking C static library zephyr/subsys/net/l2/ethernet/libsubsys__net__l2__ethernet.a
[624/864] Building C object zephyr/subsys/net/ip/CMakeFiles/subsys__net__ip.dir/ipv4.c.obj
[625/864] Building C object zephyr/subsys/net/ip/CMakeFiles/subsys__net__ip.dir/utils.c.obj
[626/864] Linking C static library zephyr/subsys/net/libsubsys__net.a
[627/864] Building C object zephyr/subsys/net/ip/CMakeFiles/subsys__net__ip.dir/icmpv4.c.obj
[628/864] Building C object zephyr/subsys/net/ip/CMakeFiles/subsys__net__ip.dir/connection.c.obj
[629/864] Building C object zephyr/subsys/bluetooth/host/CMakeFiles/subsys__bluetooth__host.dir/att.c.obj
[630/864] Building C object zephyr/subsys/net/ip/CMakeFiles/subsys__net__ip.dir/udp.c.obj
[631/864] Building C object zephyr/subsys/net/ip/CMakeFiles/subsys__net__ip.dir/net_pkt.c.obj
[632/864] Building C object zephyr/subsys/net/lib/http/CMakeFiles/subsys__net__lib__http.dir/http_parser_url.c.obj
[633/864] Building C object zephyr/subsys/net/lib/config/CMakeFiles/subsys__net__lib__config.dir/init.c.obj
[634/864] Linking C static library zephyr/subsys/net/lib/config/libsubsys__net__lib__config.a
[635/864] Building C object zephyr/drivers/disk/CMakeFiles/drivers__disk.dir/sdmmc_subsys.c.obj
[636/864] Building C object zephyr/subsys/net/ip/CMakeFiles/subsys__net__ip.dir/net_context.c.obj
[637/864] Building C object zephyr/drivers/adc/CMakeFiles/drivers__adc.dir/adc_common.c.obj
[638/864] Linking C static library zephyr/drivers/disk/libdrivers__disk.a
[639/864] Building C object zephyr/drivers/console/CMakeFiles/drivers__console.dir/uart_console.c.obj
[640/864] Building C object zephyr/subsys/net/ip/CMakeFiles/subsys__net__ip.dir/net_if.c.obj
[641/864] Linking C static library zephyr/drivers/console/libdrivers__console.a
[642/864] Building C object zephyr/drivers/interrupt_controller/CMakeFiles/drivers__interrupt_controller.dir/intc_esp32.c.obj
[643/864] Building C object zephyr/drivers/flash/CMakeFiles/drivers__flash.dir/flash_page_layout.c.obj
[644/864] Building C object zephyr/drivers/adc/CMakeFiles/drivers__adc.dir/adc_esp32.c.obj
[645/864] Linking C static library zephyr/drivers/interrupt_controller/libdrivers__interrupt_controller.a
[646/864] Linking C static library zephyr/drivers/adc/libdrivers__adc.a
[647/864] Building C object zephyr/subsys/net/lib/dhcpv4/CMakeFiles/subsys__net__lib__dhcpv4.dir/dhcpv4.c.obj
[648/864] Building C object zephyr/subsys/net/lib/http/CMakeFiles/subsys__net__lib__http.dir/http_client.c.obj
[649/864] Building C object zephyr/drivers/clock_control/CMakeFiles/drivers__clock_control.dir/clock_control_esp32.c.obj
[650/864] Building C object zephyr/drivers/usb/udc/CMakeFiles/drivers__usb__udc.dir/udc_common.c.obj
[651/864] Building C object zephyr/drivers/entropy/CMakeFiles/drivers__entropy.dir/entropy_esp32.c.obj
[652/864] Building C object zephyr/drivers/display/CMakeFiles/drivers__display.dir/display_st7789v.c.obj
[653/864] Building C object zephyr/drivers/bluetooth/CMakeFiles/drivers__bluetooth.dir/hci/hci_esp32.c.obj
[654/864] Building C object zephyr/drivers/hwinfo/CMakeFiles/drivers__hwinfo.dir/hwinfo_weak_impl.c.obj
[655/864] Linking C static library zephyr/subsys/net/lib/dhcpv4/libsubsys__net__lib__dhcpv4.a
[656/864] Linking C static library zephyr/drivers/clock_control/libdrivers__clock_control.a
[657/864] Linking C static library zephyr/drivers/entropy/libdrivers__entropy.a
[658/864] Linking C static library zephyr/drivers/bluetooth/libdrivers__bluetooth.a
[659/864] Building C object zephyr/subsys/net/lib/http/CMakeFiles/subsys__net__lib__http.dir/http_parser.c.obj
[660/864] Linking C static library zephyr/drivers/display/libdrivers__display.a
[661/864] Linking C static library zephyr/subsys/net/lib/http/libsubsys__net__lib__http.a
[662/864] Building C object zephyr/drivers/hwinfo/CMakeFiles/drivers__hwinfo.dir/hwinfo_esp32.c.obj
[663/864] Building C object zephyr/drivers/pinctrl/CMakeFiles/drivers__pinctrl.dir/common.c.obj
[664/864] Building C object zephyr/drivers/flash/CMakeFiles/drivers__flash.dir/flash_esp32.c.obj
[665/864] Linking C static library zephyr/drivers/hwinfo/libdrivers__hwinfo.a
[666/864] Building C object zephyr/subsys/net/lib/websocket/CMakeFiles/websocket_client.dir/websocket.c.obj
[667/864] Linking C static library zephyr/drivers/flash/libdrivers__flash.a
[668/864] Building C object zephyr/drivers/i2c/CMakeFiles/drivers__i2c.dir/i2c_common.c.obj
[669/864] Linking C static library zephyr/subsys/net/lib/websocket/libwebsocket_client.a
[670/864] Building C object zephyr/drivers/timer/CMakeFiles/drivers__timer.dir/xtensa_sys_timer.c.obj
[671/864] Building C object zephyr/drivers/input/CMakeFiles/drivers__input.dir/input_gpio_keys.c.obj
[672/864] Linking C static library zephyr/drivers/input/libdrivers__input.a
[673/864] Building C object zephyr/subsys/bluetooth/host/CMakeFiles/subsys__bluetooth__host.dir/gatt.c.obj
[674/864] Building C object zephyr/drivers/timer/CMakeFiles/drivers__timer.dir/sys_clock_init.c.obj
[675/864] Building C object zephyr/drivers/pinctrl/CMakeFiles/drivers__pinctrl.dir/pinctrl_esp32.c.obj
[676/864] Building C object zephyr/drivers/serial/CMakeFiles/drivers__serial.dir/uart_esp32.c.obj
[677/864] Building C object modules/fatfs/CMakeFiles/modules__fatfs.dir/home/raile/workspace/akira_workspace/modules/fs/fatfs/option/ffunicode.c.obj
[678/864] Linking C static library zephyr/drivers/pinctrl/libdrivers__pinctrl.a
[679/864] Linking C static library zephyr/drivers/timer/libdrivers__timer.a
[680/864] Building C object zephyr/drivers/pwm/CMakeFiles/drivers__pwm.dir/pwm_led_esp32.c.obj
[681/864] Building C object zephyr/drivers/gpio/CMakeFiles/drivers__gpio.dir/gpio_esp32.c.obj
[682/864] Linking C static library zephyr/drivers/serial/libdrivers__serial.a
[683/864] Building C object zephyr/drivers/sdhc/CMakeFiles/drivers__sdhc.dir/sdhc_spi.c.obj
[684/864] Building C object modules/fatfs/CMakeFiles/modules__fatfs.dir/zfs_ffsystem.c.obj
[685/864] Linking C static library zephyr/drivers/pwm/libdrivers__pwm.a
[686/864] Building C object zephyr/drivers/watchdog/CMakeFiles/drivers__watchdog.dir/wdt_esp32.c.obj
[687/864] Linking C static library zephyr/subsys/bluetooth/host/libsubsys__bluetooth__host.a
[688/864] Building C object modules/fatfs/CMakeFiles/modules__fatfs.dir/zfs_diskio.c.obj
[689/864] Linking C static library zephyr/drivers/gpio/libdrivers__gpio.a
[690/864] Building C object modules/mbedtls/CMakeFiles/mbedTLSBase.dir/home/raile/workspace/akira_workspace/modules/crypto/mbedtls/library/aesni.c.obj
[691/864] Linking C static library zephyr/drivers/sdhc/libdrivers__sdhc.a
[692/864] Building C object modules/mbedtls/CMakeFiles/mbedTLSBase.dir/home/raile/workspace/akira_workspace/modules/crypto/mbedtls/library/aria.c.obj
[693/864] Linking C static library zephyr/drivers/watchdog/libdrivers__watchdog.a
[694/864] Building C object modules/mbedtls/CMakeFiles/mbedTLSBase.dir/home/raile/workspace/akira_workspace/modules/crypto/mbedtls/library/base64.c.obj
[695/864] Building C object modules/littlefs/CMakeFiles/modules__littlefs.dir/zephyr_lfs_crc.c.obj
[696/864] Building C object zephyr/drivers/i2c/CMakeFiles/drivers__i2c.dir/i2c_esp32.c.obj
[697/864] Building C object modules/littlefs/CMakeFiles/modules__littlefs.dir/home/raile/workspace/akira_workspace/modules/fs/littlefs/lfs_util.c.obj
[698/864] Building C object zephyr/drivers/spi/CMakeFiles/drivers__spi.dir/spi_esp32_spim.c.obj
[699/864] Building C object modules/mbedtls/CMakeFiles/mbedTLSBase.dir/home/raile/workspace/akira_workspace/modules/crypto/mbedtls/library/block_cipher.c.obj
[700/864] Building C object modules/mbedtls/CMakeFiles/mbedTLSBase.dir/home/raile/workspace/akira_workspace/modules/crypto/mbedtls/library/bignum_mod_raw.c.obj
[701/864] Building C object modules/mbedtls/CMakeFiles/mbedTLSBase.dir/home/raile/workspace/akira_workspace/modules/crypto/mbedtls/library/asn1write.c.obj
[702/864] Building C object modules/mbedtls/CMakeFiles/mbedTLSBase.dir/home/raile/workspace/akira_workspace/modules/crypto/mbedtls/library/camellia.c.obj
[703/864] Building C object modules/mbedtls/CMakeFiles/mbedTLSBase.dir/home/raile/workspace/akira_workspace/modules/crypto/mbedtls/library/bignum_mod.c.obj
[704/864] Building C object modules/mbedtls/CMakeFiles/mbedTLSBase.dir/home/raile/workspace/akira_workspace/modules/crypto/mbedtls/library/asn1parse.c.obj
[705/864] Linking C static library zephyr/drivers/i2c/libdrivers__i2c.a
[706/864] Building C object zephyr/drivers/wifi/CMakeFiles/drivers__wifi.dir/esp32/src/esp_wifi_drv.c.obj
[707/864] Building C object modules/mbedtls/CMakeFiles/mbedTLSBase.dir/home/raile/workspace/akira_workspace/modules/crypto/mbedtls/library/ccm.c.obj
[708/864] Building C object zephyr/subsys/net/ip/CMakeFiles/subsys__net__ip.dir/tcp.c.obj
[709/864] Linking C static library zephyr/drivers/spi/libdrivers__spi.a
[710/864] Linking C static library zephyr/drivers/wifi/libdrivers__wifi.a
[711/864] Building C object modules/mbedtls/CMakeFiles/mbedTLSBase.dir/home/raile/workspace/akira_workspace/modules/crypto/mbedtls/library/aes.c.obj
[712/864] Building C object modules/mbedtls/CMakeFiles/mbedTLSBase.dir/home/raile/workspace/akira_workspace/modules/crypto/mbedtls/library/chacha20.c.obj
[713/864] Building C object modules/mbedtls/CMakeFiles/mbedTLSBase.dir/home/raile/workspace/akira_workspace/modules/crypto/mbedtls/library/chachapoly.c.obj
[714/864] Building C object modules/mbedtls/CMakeFiles/mbedTLSBase.dir/home/raile/workspace/akira_workspace/modules/crypto/mbedtls/library/debug.c.obj
[715/864] Building C object modules/mbedtls/CMakeFiles/mbedTLSBase.dir/home/raile/workspace/akira_workspace/modules/crypto/mbedtls/library/dhm.c.obj
[716/864] Building C object modules/mbedtls/CMakeFiles/mbedTLSBase.dir/home/raile/workspace/akira_workspace/modules/crypto/mbedtls/library/des.c.obj
[717/864] Linking C static library zephyr/subsys/net/ip/libsubsys__net__ip.a
[718/864] Building C object modules/mbedtls/CMakeFiles/mbedTLSBase.dir/home/raile/workspace/akira_workspace/modules/crypto/mbedtls/library/constant_time.c.obj
[719/864] Building C object modules/mbedtls/CMakeFiles/mbedTLSBase.dir/home/raile/workspace/akira_workspace/modules/crypto/mbedtls/library/ecdh.c.obj
[720/864] Building C object modules/mbedtls/CMakeFiles/mbedTLSBase.dir/home/raile/workspace/akira_workspace/modules/crypto/mbedtls/library/cipher_wrap.c.obj
[721/864] Building C object modules/mbedtls/CMakeFiles/mbedTLSBase.dir/home/raile/workspace/akira_workspace/modules/crypto/mbedtls/library/ecjpake.c.obj
[722/864] Building C object modules/mbedtls/CMakeFiles/mbedTLSBase.dir/home/raile/workspace/akira_workspace/modules/crypto/mbedtls/library/ecp_curves_new.c.obj
[723/864] Building C object modules/mbedtls/CMakeFiles/mbedTLSBase.dir/home/raile/workspace/akira_workspace/modules/crypto/mbedtls/library/ecdsa.c.obj
[724/864] Building C object modules/mbedtls/CMakeFiles/mbedTLSBase.dir/home/raile/workspace/akira_workspace/modules/crypto/mbedtls/library/cmac.c.obj
[725/864] Building C object modules/mbedtls/CMakeFiles/mbedTLSBase.dir/home/raile/workspace/akira_workspace/modules/crypto/mbedtls/library/ecp_curves.c.obj
[726/864] Building C object modules/mbedtls/CMakeFiles/mbedTLSBase.dir/home/raile/workspace/akira_workspace/modules/crypto/mbedtls/library/entropy_poll.c.obj
[727/864] Building C object modules/mbedtls/CMakeFiles/mbedTLSBase.dir/home/raile/workspace/akira_workspace/modules/crypto/mbedtls/library/entropy.c.obj
[728/864] Building C object modules/mbedtls/CMakeFiles/mbedTLSBase.dir/home/raile/workspace/akira_workspace/modules/crypto/mbedtls/library/ctr_drbg.c.obj
[729/864] Building C object modules/mbedtls/CMakeFiles/mbedTLSBase.dir/home/raile/workspace/akira_workspace/modules/crypto/mbedtls/library/error.c.obj
[730/864] Building C object modules/mbedtls/CMakeFiles/mbedTLSBase.dir/home/raile/workspace/akira_workspace/modules/crypto/mbedtls/library/ecp.c.obj
[731/864] Building C object modules/mbedtls/CMakeFiles/mbedTLSBase.dir/home/raile/workspace/akira_workspace/modules/crypto/mbedtls/library/hkdf.c.obj
[732/864] Building C object modules/mbedtls/CMakeFiles/mbedTLSBase.dir/home/raile/workspace/akira_workspace/modules/crypto/mbedtls/library/hmac_drbg.c.obj
[733/864] Building C object modules/mbedtls/CMakeFiles/mbedTLSBase.dir/home/raile/workspace/akira_workspace/modules/crypto/mbedtls/library/mps_reader.c.obj
[734/864] Building C object zephyr/drivers/usb/udc/CMakeFiles/drivers__usb__udc.dir/udc_dwc2.c.obj
[735/864] Building C object modules/mbedtls/CMakeFiles/mbedTLSBase.dir/home/raile/workspace/akira_workspace/modules/crypto/mbedtls/library/mps_trace.c.obj
[736/864] Building C object modules/mbedtls/CMakeFiles/mbedTLSBase.dir/home/raile/workspace/akira_workspace/modules/crypto/mbedtls/library/bignum_core.c.obj
[737/864] Building C object modules/mbedtls/CMakeFiles/mbedTLSBase.dir/home/raile/workspace/akira_workspace/modules/crypto/mbedtls/library/lmots.c.obj
[738/864] Building C object modules/mbedtls/CMakeFiles/mbedTLSBase.dir/home/raile/workspace/akira_workspace/modules/crypto/mbedtls/library/md5.c.obj
[739/864] Building C object modules/mbedtls/CMakeFiles/mbedTLSBase.dir/home/raile/workspace/akira_workspace/modules/crypto/mbedtls/library/lms.c.obj
[740/864] Building C object modules/mbedtls/CMakeFiles/mbedTLSBase.dir/home/raile/workspace/akira_workspace/modules/crypto/mbedtls/library/nist_kw.c.obj
[741/864] Building C object modules/mbedtls/CMakeFiles/mbedTLSBase.dir/home/raile/workspace/akira_workspace/modules/crypto/mbedtls/library/cipher.c.obj
[742/864] Linking C static library zephyr/drivers/usb/udc/libdrivers__usb__udc.a
[743/864] Building C object modules/mbedtls/CMakeFiles/mbedTLSBase.dir/home/raile/workspace/akira_workspace/modules/crypto/mbedtls/library/padlock.c.obj
[744/864] Building C object modules/mbedtls/CMakeFiles/mbedTLSBase.dir/home/raile/workspace/akira_workspace/modules/crypto/mbedtls/library/platform_util.c.obj
[745/864] Building C object modules/mbedtls/CMakeFiles/mbedTLSBase.dir/home/raile/workspace/akira_workspace/modules/crypto/mbedtls/library/poly1305.c.obj
[746/864] Building C object modules/mbedtls/CMakeFiles/mbedTLSBase.dir/home/raile/workspace/akira_workspace/modules/crypto/mbedtls/library/memory_buffer_alloc.c.obj
[747/864] Building C object modules/mbedtls/CMakeFiles/mbedTLSBase.dir/home/raile/workspace/akira_workspace/modules/crypto/mbedtls/library/md.c.obj
[748/864] Building C object modules/mbedtls/CMakeFiles/mbedTLSBase.dir/home/raile/workspace/akira_workspace/modules/crypto/mbedtls/library/platform.c.obj
[749/864] Building C object modules/mbedtls/CMakeFiles/mbedTLSBase.dir/home/raile/workspace/akira_workspace/modules/crypto/mbedtls/library/sha512.c.obj
[750/864] Building C object modules/mbedtls/CMakeFiles/mbedTLSBase.dir/home/raile/workspace/akira_workspace/modules/crypto/mbedtls/library/sha3.c.obj
[751/864] Building C object modules/mbedtls/CMakeFiles/mbedTLSBase.dir/home/raile/workspace/akira_workspace/modules/crypto/mbedtls/library/ripemd160.c.obj
[752/864] Building C object modules/mbedtls/CMakeFiles/mbedTLSBase.dir/home/raile/workspace/akira_workspace/modules/crypto/mbedtls/library/version_features.c.obj
[753/864] Building C object modules/mbedtls/CMakeFiles/mbedTLSBase.dir/home/raile/workspace/akira_workspace/modules/crypto/mbedtls/library/timing.c.obj
[754/864] Building C object modules/mbedtls/CMakeFiles/mbedTLSBase.dir/home/raile/workspace/akira_workspace/modules/crypto/mbedtls/library/psa_util.c.obj
[755/864] Building C object modules/mbedtls/CMakeFiles/mbedTLSBase.dir/home/raile/workspace/akira_workspace/modules/crypto/mbedtls/library/version.c.obj
[756/864] Building C object modules/mbedtls/CMakeFiles/mbedTLSBase.dir/home/raile/workspace/akira_workspace/modules/crypto/mbedtls/library/threading.c.obj
[757/864] Building C object modules/mbedtls/CMakeFiles/mbedTLSBase.dir/home/raile/workspace/akira_workspace/modules/crypto/mbedtls/library/bignum.c.obj
[758/864] Building C object modules/mbedtls/CMakeFiles/mbedTLSBase.dir/home/raile/workspace/akira_workspace/modules/crypto/mbedtls/library/rsa_alt_helpers.c.obj
[759/864] Building C object modules/mbedtls/CMakeFiles/mbedTLSBase.dir/home/raile/workspace/akira_workspace/modules/crypto/mbedtls/library/sha256.c.obj
[760/864] Building C object modules/mbedtls/CMakeFiles/mbedTLSCrypto.dir/home/raile/workspace/akira_workspace/modules/crypto/mbedtls/library/psa_crypto_ecp.c.obj
[761/864] Building C object modules/mbedtls/CMakeFiles/mbedTLSBase.dir/home/raile/workspace/akira_workspace/modules/crypto/mbedtls/library/gcm.c.obj
[762/864] Building C object modules/mbedtls/CMakeFiles/mbedTLSCrypto.dir/home/raile/workspace/akira_workspace/modules/crypto/mbedtls/library/psa_crypto_ffdh.c.obj
[763/864] Building C object modules/mbedtls/CMakeFiles/mbedTLSBase.dir/home/raile/workspace/akira_workspace/modules/crypto/mbedtls/library/sha1.c.obj
[764/864] Building C object modules/mbedtls/CMakeFiles/mbedTLSCrypto.dir/home/raile/workspace/akira_workspace/modules/crypto/mbedtls/library/psa_crypto_se.c.obj
[765/864] Building C object modules/mbedtls/CMakeFiles/mbedTLSCrypto.dir/home/raile/workspace/akira_workspace/modules/crypto/mbedtls/library/psa_crypto_driver_wrappers_no_static.c.obj
[766/864] Building C object modules/mbedtls/CMakeFiles/mbedTLSCrypto.dir/home/raile/workspace/akira_workspace/modules/crypto/mbedtls/library/psa_crypto_pake.c.obj
[767/864] Building C object modules/mbedtls/CMakeFiles/mbedTLSCrypto.dir/home/raile/workspace/akira_workspace/modules/crypto/mbedtls/library/psa_crypto_aead.c.obj
[768/864] Building C object modules/mbedtls/CMakeFiles/mbedTLSBase.dir/home/raile/workspace/akira_workspace/modules/crypto/mbedtls/library/oid.c.obj
[769/864] Building C object modules/mbedtls/CMakeFiles/mbedTLSCrypto.dir/home/raile/workspace/akira_workspace/modules/crypto/mbedtls/library/psa_crypto_storage.c.obj
[770/864] Building C object modules/mbedtls/CMakeFiles/mbedTLSCrypto.dir/home/raile/workspace/akira_workspace/modules/crypto/mbedtls/library/psa_crypto_hash.c.obj
[771/864] Building C object modules/mbedtls/CMakeFiles/mbedTLSCrypto.dir/home/raile/workspace/akira_workspace/modules/crypto/mbedtls/library/psa_crypto_rsa.c.obj
[772/864] Building C object modules/mbedtls/CMakeFiles/mbedTLSCrypto.dir/home/raile/workspace/akira_workspace/modules/crypto/mbedtls/library/psa_crypto_mac.c.obj
[773/864] Building C object modules/mbedtls/CMakeFiles/mbedTLSCrypto.dir/home/raile/workspace/akira_workspace/modules/crypto/mbedtls/library/psa_its_file.c.obj
[774/864] Building C object modules/mbedtls/CMakeFiles/mbedTLSBase.dir/zephyr_entropy.c.obj
[775/864] Building C object modules/mbedtls/CMakeFiles/mbedTLSCrypto.dir/home/raile/workspace/akira_workspace/modules/crypto/mbedtls/library/psa_crypto_cipher.c.obj
[776/864] Building C object modules/mbedtls/CMakeFiles/mbedTLSCrypto.dir/home/raile/workspace/akira_workspace/modules/crypto/mbedtls/library/pem.c.obj
[777/864] Building C object modules/mbedtls/CMakeFiles/mbedTLSCrypto.dir/home/raile/workspace/akira_workspace/modules/crypto/mbedtls/library/pkcs12.c.obj
[778/864] Building C object modules/mbedtls/CMakeFiles/mbedTLSCrypto.dir/home/raile/workspace/akira_workspace/modules/crypto/mbedtls/library/pkcs5.c.obj
[779/864] Building C object modules/mbedtls/CMakeFiles/mbedTLSCrypto.dir/home/raile/workspace/akira_workspace/modules/crypto/mbedtls/library/psa_crypto_client.c.obj
[780/864] Building C object modules/mbedtls/CMakeFiles/mbedTLSCrypto.dir/home/raile/workspace/akira_workspace/modules/crypto/mbedtls/library/pkwrite.c.obj
[781/864] Building C object modules/mbedtls/CMakeFiles/mbedTLSCrypto.dir/home/raile/workspace/akira_workspace/modules/crypto/mbedtls/library/pkparse.c.obj
[782/864] Building C object modules/mbedtls/CMakeFiles/mbedTLSBase.dir/zephyr_init.c.obj
[783/864] Building C object modules/mbedtls/CMakeFiles/mbedTLSX509.dir/home/raile/workspace/akira_workspace/modules/crypto/mbedtls/library/x509_create.c.obj
[784/864] Building C object modules/mbedtls/CMakeFiles/mbedTLSX509.dir/home/raile/workspace/akira_workspace/modules/crypto/mbedtls/library/x509.c.obj
[785/864] Building C object modules/mbedtls/CMakeFiles/mbedTLSCrypto.dir/home/raile/workspace/akira_workspace/modules/crypto/mbedtls/library/pk.c.obj
[786/864] Building C object modules/mbedtls/CMakeFiles/mbedTLSX509.dir/home/raile/workspace/akira_workspace/modules/crypto/mbedtls/library/x509_csr.c.obj
[787/864] Building C object modules/mbedtls/CMakeFiles/mbedTLSX509.dir/home/raile/workspace/akira_workspace/modules/crypto/mbedtls/library/x509_crt.c.obj
[788/864] Building C object modules/mbedtls/CMakeFiles/mbedTLSCrypto.dir/home/raile/workspace/akira_workspace/modules/crypto/mbedtls/library/pk_wrap.c.obj
[789/864] Building C object modules/mbedtls/CMakeFiles/mbedTLSCrypto.dir/home/raile/workspace/akira_workspace/modules/crypto/mbedtls/library/pk_ecc.c.obj
[790/864] Building C object modules/mbedtls/CMakeFiles/mbedTLSCrypto.dir/home/raile/workspace/akira_workspace/modules/crypto/mbedtls/3rdparty/p256-m/p256-m_driver_entrypoints.c.obj
[791/864] Building C object modules/mbedtls/CMakeFiles/mbedTLSX509.dir/home/raile/workspace/akira_workspace/modules/crypto/mbedtls/library/x509_crl.c.obj
[792/864] Building C object modules/mbedtls/CMakeFiles/mbedTLSX509.dir/home/raile/workspace/akira_workspace/modules/crypto/mbedtls/library/x509write_crt.c.obj
[793/864] Building C object modules/mbedtls/CMakeFiles/modules__mbedtls.dir/home/raile/workspace/akira_workspace/modules/crypto/mbedtls/library/net_sockets.c.obj
[794/864] Building C object modules/mbedtls/CMakeFiles/mbedTLSX509.dir/home/raile/workspace/akira_workspace/modules/crypto/mbedtls/library/x509write_csr.c.obj
[795/864] Building C object modules/mbedtls/CMakeFiles/mbedTLSX509.dir/home/raile/workspace/akira_workspace/modules/crypto/mbedtls/library/x509write.c.obj
[796/864] Building C object modules/mbedtls/CMakeFiles/mbedTLSCrypto.dir/home/raile/workspace/akira_workspace/modules/crypto/mbedtls/library/psa_crypto_slot_management.c.obj
[797/864] Building C object modules/mbedtls/CMakeFiles/modules__mbedtls.dir/home/raile/workspace/akira_workspace/modules/crypto/mbedtls/library/ssl_cache.c.obj
[798/864] Building C object modules/mbedtls/CMakeFiles/modules__mbedtls.dir/home/raile/workspace/akira_workspace/modules/crypto/mbedtls/library/ssl_client.c.obj
[799/864] Building C object modules/mbedtls/CMakeFiles/modules__mbedtls.dir/home/raile/workspace/akira_workspace/modules/crypto/mbedtls/library/ssl_cookie.c.obj
[800/864] Building C object modules/mbedtls/CMakeFiles/modules__mbedtls.dir/home/raile/workspace/akira_workspace/modules/crypto/mbedtls/library/ssl_ticket.c.obj
[801/864] Building C object modules/mbedtls/CMakeFiles/modules__mbedtls.dir/home/raile/workspace/akira_workspace/modules/crypto/mbedtls/library/ssl_ciphersuites.c.obj
[802/864] Building C object modules/mbedtls/CMakeFiles/modules__mbedtls.dir/home/raile/workspace/akira_workspace/modules/crypto/mbedtls/library/ssl_tls12_client.c.obj
[803/864] Building C object modules/fatfs/CMakeFiles/modules__fatfs.dir/home/raile/workspace/akira_workspace/modules/fs/fatfs/ff.c.obj
[804/864] Building C object modules/mbedtls/CMakeFiles/modules__mbedtls.dir/home/raile/workspace/akira_workspace/modules/crypto/mbedtls/library/ssl_tls13_generic.c.obj
[805/864] Building C object modules/mbedtls/CMakeFiles/mbedTLSBase.dir/home/raile/workspace/akira_workspace/modules/crypto/mbedtls/library/rsa.c.obj
[806/864] Building C object modules/mbedtls/CMakeFiles/modules__mbedtls.dir/home/raile/workspace/akira_workspace/modules/crypto/mbedtls/library/ssl_tls12_server.c.obj
[807/864] Building C object modules/mbedtls/CMakeFiles/modules__mbedtls.dir/home/raile/workspace/akira_workspace/modules/crypto/mbedtls/library/ssl_msg.c.obj
[808/864] Linking C static library modules/mbedtls/libmbedTLSX509.a
[809/864] Building C object modules/mbedtls/CMakeFiles/modules__mbedtls.dir/home/raile/workspace/akira_workspace/modules/crypto/mbedtls/library/ssl_tls13_keys.c.obj
[810/864] Building C object modules/mbedtls/CMakeFiles/modules__mbedtls.dir/home/raile/workspace/akira_workspace/modules/crypto/mbedtls/library/ssl_tls13_client.c.obj
[811/864] Building C object modules/mbedtls/CMakeFiles/modules__mbedtls.dir/home/raile/workspace/akira_workspace/modules/crypto/mbedtls/library/ssl_tls13_server.c.obj
[812/864] Building C object modules/mbedtls/CMakeFiles/modules__mbedtls.dir/home/raile/workspace/akira_workspace/modules/crypto/mbedtls/library/ssl_tls.c.obj
[813/864] Building C object modules/mbedtls/CMakeFiles/mbedTLSCrypto.dir/home/raile/workspace/akira_workspace/modules/crypto/mbedtls/3rdparty/p256-m/p256-m/p256-m.c.obj
[814/864] Linking C static library modules/fatfs/libmodules__fatfs.a
[815/864] Building C object modules/mbedtls/CMakeFiles/modules__mbedtls.dir/home/raile/workspace/akira_workspace/modules/crypto/mbedtls/library/ssl_debug_helpers_generated.c.obj
[816/864] Linking C static library modules/mbedtls/libmbedTLSBase.a
[817/864] Building C object zephyr/kernel/CMakeFiles/kernel.dir/version.c.obj
[818/864] Building C object zephyr/kernel/CMakeFiles/kernel.dir/errno.c.obj
[819/864] Building C object zephyr/kernel/CMakeFiles/kernel.dir/main_weak.c.obj
[820/864] Building C object zephyr/kernel/CMakeFiles/kernel.dir/banner.c.obj
[821/864] Building C object zephyr/kernel/CMakeFiles/kernel.dir/idle.c.obj
[822/864] Building C object zephyr/kernel/CMakeFiles/kernel.dir/busy_wait.c.obj
[823/864] Building C object zephyr/kernel/CMakeFiles/kernel.dir/fatal.c.obj
[824/864] Building C object zephyr/kernel/CMakeFiles/kernel.dir/float.c.obj
[825/864] Building C object modules/mcuboot/CMakeFiles/mcuboot_util.dir/home/raile/workspace/akira_workspace/bootloader/mcuboot/boot/bootutil/src/bootutil_public.c.obj
[826/864] Building C object zephyr/kernel/CMakeFiles/kernel.dir/kheap.c.obj
[827/864] Building C object zephyr/kernel/CMakeFiles/kernel.dir/device.c.obj
[828/864] Building C object zephyr/kernel/CMakeFiles/kernel.dir/mem_slab.c.obj
[829/864] Linking C static library modules/mcuboot/libmcuboot_util.a
[830/864] Building C object zephyr/kernel/CMakeFiles/kernel.dir/init.c.obj
[831/864] Building C object zephyr/kernel/CMakeFiles/kernel.dir/msg_q.c.obj
[832/864] Building C object zephyr/kernel/CMakeFiles/kernel.dir/mutex.c.obj
[833/864] Building C object zephyr/kernel/CMakeFiles/kernel.dir/system_work_q.c.obj
[834/864] Building C object zephyr/kernel/CMakeFiles/kernel.dir/mailbox.c.obj
[835/864] Building C object zephyr/kernel/CMakeFiles/kernel.dir/stack.c.obj
[836/864] Building C object zephyr/kernel/CMakeFiles/kernel.dir/queue.c.obj
[837/864] Building C object zephyr/kernel/CMakeFiles/kernel.dir/sem.c.obj
[838/864] Building C object zephyr/kernel/CMakeFiles/kernel.dir/compiler_stack_protect.c.obj
[839/864] Building C object zephyr/kernel/CMakeFiles/kernel.dir/condvar.c.obj
[840/864] Building C object zephyr/kernel/CMakeFiles/kernel.dir/thread_monitor.c.obj
[841/864] Building C object zephyr/kernel/CMakeFiles/kernel.dir/pipe.c.obj
[842/864] Building C object zephyr/kernel/CMakeFiles/kernel.dir/timeslicing.c.obj
[843/864] Building C object zephyr/kernel/CMakeFiles/kernel.dir/thread.c.obj
[844/864] Building C object zephyr/kernel/CMakeFiles/kernel.dir/timer.c.obj
[845/864] Building C object zephyr/kernel/CMakeFiles/kernel.dir/work.c.obj
[846/864] Building C object zephyr/kernel/CMakeFiles/kernel.dir/timeout.c.obj
[847/864] Building C object zephyr/kernel/CMakeFiles/kernel.dir/dynamic.c.obj
[848/864] Building C object zephyr/kernel/CMakeFiles/kernel.dir/events.c.obj
[849/864] Building C object zephyr/kernel/CMakeFiles/kernel.dir/mempool.c.obj
[850/864] Building C object zephyr/kernel/CMakeFiles/kernel.dir/usage.c.obj
[851/864] Building C object zephyr/kernel/CMakeFiles/kernel.dir/poll.c.obj
[852/864] Building C object modules/littlefs/CMakeFiles/modules__littlefs.dir/home/raile/workspace/akira_workspace/modules/fs/littlefs/lfs.c.obj
[853/864] Linking C static library modules/littlefs/libmodules__littlefs.a
[854/864] Building C object zephyr/kernel/CMakeFiles/kernel.dir/sched.c.obj
[855/864] Linking C static library zephyr/kernel/libkernel.a
[856/864] Building C object modules/mbedtls/CMakeFiles/mbedTLSCrypto.dir/home/raile/workspace/akira_workspace/modules/crypto/mbedtls/library/psa_crypto.c.obj
[857/864] Linking C static library modules/mbedtls/libmbedTLSCrypto.a
[858/864] Linking C static library modules/mbedtls/libmodules__mbedtls.a
[859/864] Linking C executable zephyr/zephyr_pre0.elf
FAILED: zephyr/zephyr_pre0.elf zephyr/zephyr_pre0.map /home/raile/workspace/akira_workspace/build-akiraconsole/zephyr/zephyr_pre0.map 
: && ccache /home/raile/zephyr-sdk-0.17.4/xtensa-espressif_esp32s3_zephyr-elf/bin/xtensa-espressif_esp32s3_zephyr-elf-gcc  -gdwarf-4 -Os zephyr/CMakeFiles/zephyr_pre0.dir/misc/empty_file.c.obj -o zephyr/zephyr_pre0.elf  zephyr/CMakeFiles/offsets.dir/./arch/xtensa/core/offsets/offsets.c.obj  -T  zephyr/linker_zephyr_pre0.cmd  -Wl,-Map,/home/raile/workspace/akira_workspace/build-akiraconsole/zephyr/zephyr_pre0.map  -Wl,--whole-archive  app/libapp.a  zephyr/libzephyr.a  zephyr/arch/common/libarch__common.a  zephyr/arch/arch/xtensa/core/libarch__xtensa__core.a  zephyr/lib/libc/picolibc/liblib__libc__picolibc.a  zephyr/lib/libc/common/liblib__libc__common.a  zephyr/lib/posix/eventfd/liblib__posix__eventfd.a  zephyr/lib/posix/c_lib_ext/liblib__posix__c_lib_ext.a  zephyr/lib/posix/options/liblib__posix__options.a  zephyr/lib/net_buf/liblib__net_buf.a  zephyr/lib/os/zvfs/liblib__os__zvfs.a  zephyr/lib/smf/liblib__smf.a  zephyr/subsys/fs/libsubsys__fs.a  zephyr/subsys/random/libsubsys__random.a  zephyr/subsys/sd/libsubsys__sd.a  zephyr/subsys/usb/device_next/libsubsys__usb__device_next.a  zephyr/subsys/bluetooth/common/libsubsys__bluetooth__common.a  zephyr/subsys/bluetooth/host/libsubsys__bluetooth__host.a  zephyr/subsys/bluetooth/crypto/libsubsys__bluetooth__crypto.a  zephyr/subsys/crc/libsubsys__crc.a  zephyr/subsys/dfu/boot/libsubsys__dfu__boot.a  zephyr/subsys/input/libsubsys__input.a  zephyr/subsys/net/libsubsys__net.a  zephyr/subsys/net/l2/offloaded_netdev/libsubsys__net__l2__offloaded_netdev.a  zephyr/subsys/net/l2/ethernet/libsubsys__net__l2__ethernet.a  zephyr/subsys/net/l2/wifi/libsubsys__net__l2__wifi.a  zephyr/subsys/net/ip/libsubsys__net__ip.a  zephyr/subsys/net/lib/config/libsubsys__net__lib__config.a  zephyr/subsys/net/lib/dhcpv4/libsubsys__net__lib__dhcpv4.a  zephyr/subsys/net/lib/http/libsubsys__net__lib__http.a  zephyr/subsys/net/lib/websocket/libwebsocket_client.a  zephyr/drivers/disk/libdrivers__disk.a  zephyr/drivers/interrupt_controller/libdrivers__interrupt_controller.a  zephyr/drivers/usb/udc/libdrivers__usb__udc.a  zephyr/drivers/adc/libdrivers__adc.a  zephyr/drivers/bluetooth/libdrivers__bluetooth.a  zephyr/drivers/clock_control/libdrivers__clock_control.a  zephyr/drivers/console/libdrivers__console.a  zephyr/drivers/display/libdrivers__display.a  zephyr/drivers/entropy/libdrivers__entropy.a  zephyr/drivers/flash/libdrivers__flash.a  zephyr/drivers/gpio/libdrivers__gpio.a  zephyr/drivers/hwinfo/libdrivers__hwinfo.a  zephyr/drivers/i2c/libdrivers__i2c.a  zephyr/drivers/input/libdrivers__input.a  zephyr/drivers/pinctrl/libdrivers__pinctrl.a  zephyr/drivers/pwm/libdrivers__pwm.a  zephyr/drivers/sdhc/libdrivers__sdhc.a  zephyr/drivers/serial/libdrivers__serial.a  zephyr/drivers/spi/libdrivers__spi.a  zephyr/drivers/timer/libdrivers__timer.a  zephyr/drivers/watchdog/libdrivers__watchdog.a  zephyr/drivers/wifi/libdrivers__wifi.a  modules/fatfs/libmodules__fatfs.a  modules/littlefs/libmodules__littlefs.a  modules/mbedtls/libmbedTLSBase.a  modules/mbedtls/libmbedTLSCrypto.a  modules/mbedtls/libmbedTLSX509.a  modules/mbedtls/libmodules__mbedtls.a  modules/mcuboot/libmcuboot_util.a  -Wl,--no-whole-archive  zephyr/kernel/libkernel.a  -L/home/raile/workspace/akira_workspace/build-akiraconsole/zephyr  zephyr/arch/common/libisr_tables.a  modules/mbedtls/libmbedTLSBase.a  modules/mbedtls/libmbedTLSCrypto.a  modules/mbedtls/libmbedTLSX509.a  -fuse-ld=bfd  -Wl,--gc-sections  -Wl,--build-id=none  -Wl,--sort-common=descending  -Wl,--sort-section=alignment  -Wl,-u,_OffsetAbsSyms  -Wl,-u,_ConfigAbsSyms  -nostdlib  -static  -Wl,-X  -Wl,-N  -Wl,--orphan-handling=warn  -Wl,-no-pie  -Wl,--undefined=_sw_isr_table  -Wl,--undefined=_irq_vector_table  -specs=picolibc.specs  -DPICOLIBC_LONG_LONG_PRINTF_SCANF  -T/home/raile/workspace/akira_workspace/modules/hal/espressif/zephyr/esp32s3/src/linker/esp32s3.rom.alias.ld  -T/home/raile/workspace/akira_workspace/modules/hal/espressif/zephyr/esp32s3/../../components/esp_rom/esp32s3/ld/esp32s3.rom.ld  -T/home/raile/workspace/akira_workspace/modules/hal/espressif/zephyr/esp32s3/../../components/esp_rom/esp32s3/ld/esp32s3.rom.api.ld  -T/home/raile/workspace/akira_workspace/modules/hal/espressif/zephyr/esp32s3/../../components/esp_rom/esp32s3/ld/esp32s3.rom.libgcc.ld  -T/home/raile/workspace/akira_workspace/modules/hal/espressif/zephyr/esp32s3/../../components/esp_rom/esp32s3/ld/esp32s3.rom.newlib.ld  -T/home/raile/workspace/akira_workspace/modules/hal/espressif/zephyr/esp32s3/../../components/esp_rom/esp32s3/ld/esp32s3.rom.version.ld  -T/home/raile/workspace/akira_workspace/modules/hal/espressif/zephyr/esp32s3/../../components/soc/esp32s3/ld/esp32s3.peripherals.ld  -Wl,--wrap=longjmp  -L/home/raile/workspace/akira_workspace/modules/hal/espressif/zephyr/esp32s3/../blobs/lib/esp32s3  -lgcc  -lcoexist  -lnet80211  -lcore  -lpp  -lphy  -lgcc  -lcoexist  -lnet80211  -lcore  -lpp  -lphy  -T/home/raile/workspace/akira_workspace/modules/hal/espressif/zephyr/esp32s3/../../components/esp_rom/esp32s3/ld/esp32s3.rom.bt_funcs.ld  -lbtbb  -lbtdm_app -L/home/raile/zephyr-sdk-0.17.4/xtensa-espressif_esp32s3_zephyr-elf/bin/../lib/gcc/xtensa-espressif_esp32s3_zephyr-elf/12.2.0 -lc -lgcc && cd /home/raile/workspace/akira_workspace/build-akiraconsole/zephyr && /usr/bin/cmake -E true
/home/raile/zephyr-sdk-0.17.4/xtensa-espressif_esp32s3_zephyr-elf/bin/../lib/gcc/xtensa-espressif_esp32s3_zephyr-elf/12.2.0/../../../../xtensa-espressif_esp32s3_zephyr-elf/bin/ld.bfd: warning: orphan section `.ext_ram.rodata' from `app/libapp.a(font_data.c.obj)' being placed in section `.ext_ram.rodata'
/home/raile/zephyr-sdk-0.17.4/xtensa-espressif_esp32s3_zephyr-elf/bin/../lib/gcc/xtensa-espressif_esp32s3_zephyr-elf/12.2.0/../../../../xtensa-espressif_esp32s3_zephyr-elf/bin/ld.bfd: app/libapp.a(shell_display_cmds.c.obj):(.literal.cmd_display_blanking+0x4): undefined reference to `__device_dts_ord_121'
collect2: error: ld returned 1 exit status
ninja: build stopped: subcommand failed.
FATAL ERROR: command exited with status 1: /usr/bin/cmake --build /home/raile/workspace/akira_workspace/build-akiraconsole
[0;31m[ERROR][0m AkiraOS build failed!
